Archive member included to satisfy reference by file (symbol)

/opt/st/stm32cubeide_1.14.0/plugins/com.st.stm32cube.ide.mcu.externaltools.gnu-tools-for-stm32.11.3.rel1.linux64_1.1.100.202309141235/tools/bin/../lib/gcc/arm-none-eabi/11.3.1/../../../../arm-none-eabi/lib/thumb/v7e-m+fp/hard/libc_nano.a(libc_a-exit.o)
                              /opt/st/stm32cubeide_1.14.0/plugins/com.st.stm32cube.ide.mcu.externaltools.gnu-tools-for-stm32.11.3.rel1.linux64_1.1.100.202309141235/tools/bin/../lib/gcc/arm-none-eabi/11.3.1/../../../../arm-none-eabi/lib/thumb/v7e-m+fp/hard/crt0.o (exit)
/opt/st/stm32cubeide_1.14.0/plugins/com.st.stm32cube.ide.mcu.externaltools.gnu-tools-for-stm32.11.3.rel1.linux64_1.1.100.202309141235/tools/bin/../lib/gcc/arm-none-eabi/11.3.1/../../../../arm-none-eabi/lib/thumb/v7e-m+fp/hard/libc_nano.a(libc_a-findfp.o)
                              /opt/st/stm32cubeide_1.14.0/plugins/com.st.stm32cube.ide.mcu.externaltools.gnu-tools-for-stm32.11.3.rel1.linux64_1.1.100.202309141235/tools/bin/../lib/gcc/arm-none-eabi/11.3.1/../../../../arm-none-eabi/lib/thumb/v7e-m+fp/hard/libc_nano.a(libc_a-exit.o) (__stdio_exit_handler)
/opt/st/stm32cubeide_1.14.0/plugins/com.st.stm32cube.ide.mcu.externaltools.gnu-tools-for-stm32.11.3.rel1.linux64_1.1.100.202309141235/tools/bin/../lib/gcc/arm-none-eabi/11.3.1/../../../../arm-none-eabi/lib/thumb/v7e-m+fp/hard/libc_nano.a(libc_a-fwalk.o)
                              /opt/st/stm32cubeide_1.14.0/plugins/com.st.stm32cube.ide.mcu.externaltools.gnu-tools-for-stm32.11.3.rel1.linux64_1.1.100.202309141235/tools/bin/../lib/gcc/arm-none-eabi/11.3.1/../../../../arm-none-eabi/lib/thumb/v7e-m+fp/hard/libc_nano.a(libc_a-findfp.o) (_fwalk_sglue)
/opt/st/stm32cubeide_1.14.0/plugins/com.st.stm32cube.ide.mcu.externaltools.gnu-tools-for-stm32.11.3.rel1.linux64_1.1.100.202309141235/tools/bin/../lib/gcc/arm-none-eabi/11.3.1/../../../../arm-none-eabi/lib/thumb/v7e-m+fp/hard/libc_nano.a(libc_a-stdio.o)
                              /opt/st/stm32cubeide_1.14.0/plugins/com.st.stm32cube.ide.mcu.externaltools.gnu-tools-for-stm32.11.3.rel1.linux64_1.1.100.202309141235/tools/bin/../lib/gcc/arm-none-eabi/11.3.1/../../../../arm-none-eabi/lib/thumb/v7e-m+fp/hard/libc_nano.a(libc_a-findfp.o) (__sread)
/opt/st/stm32cubeide_1.14.0/plugins/com.st.stm32cube.ide.mcu.externaltools.gnu-tools-for-stm32.11.3.rel1.linux64_1.1.100.202309141235/tools/bin/../lib/gcc/arm-none-eabi/11.3.1/../../../../arm-none-eabi/lib/thumb/v7e-m+fp/hard/libc_nano.a(libc_a-memset.o)
                              /opt/st/stm32cubeide_1.14.0/plugins/com.st.stm32cube.ide.mcu.externaltools.gnu-tools-for-stm32.11.3.rel1.linux64_1.1.100.202309141235/tools/bin/../lib/gcc/arm-none-eabi/11.3.1/../../../../arm-none-eabi/lib/thumb/v7e-m+fp/hard/crt0.o (memset)
/opt/st/stm32cubeide_1.14.0/plugins/com.st.stm32cube.ide.mcu.externaltools.gnu-tools-for-stm32.11.3.rel1.linux64_1.1.100.202309141235/tools/bin/../lib/gcc/arm-none-eabi/11.3.1/../../../../arm-none-eabi/lib/thumb/v7e-m+fp/hard/libc_nano.a(libc_a-closer.o)
                              /opt/st/stm32cubeide_1.14.0/plugins/com.st.stm32cube.ide.mcu.externaltools.gnu-tools-for-stm32.11.3.rel1.linux64_1.1.100.202309141235/tools/bin/../lib/gcc/arm-none-eabi/11.3.1/../../../../arm-none-eabi/lib/thumb/v7e-m+fp/hard/libc_nano.a(libc_a-stdio.o) (_close_r)
/opt/st/stm32cubeide_1.14.0/plugins/com.st.stm32cube.ide.mcu.externaltools.gnu-tools-for-stm32.11.3.rel1.linux64_1.1.100.202309141235/tools/bin/../lib/gcc/arm-none-eabi/11.3.1/../../../../arm-none-eabi/lib/thumb/v7e-m+fp/hard/libc_nano.a(libc_a-reent.o)
                              /opt/st/stm32cubeide_1.14.0/plugins/com.st.stm32cube.ide.mcu.externaltools.gnu-tools-for-stm32.11.3.rel1.linux64_1.1.100.202309141235/tools/bin/../lib/gcc/arm-none-eabi/11.3.1/../../../../arm-none-eabi/lib/thumb/v7e-m+fp/hard/libc_nano.a(libc_a-closer.o) (errno)
/opt/st/stm32cubeide_1.14.0/plugins/com.st.stm32cube.ide.mcu.externaltools.gnu-tools-for-stm32.11.3.rel1.linux64_1.1.100.202309141235/tools/bin/../lib/gcc/arm-none-eabi/11.3.1/../../../../arm-none-eabi/lib/thumb/v7e-m+fp/hard/libc_nano.a(libc_a-impure.o)
                              /opt/st/stm32cubeide_1.14.0/plugins/com.st.stm32cube.ide.mcu.externaltools.gnu-tools-for-stm32.11.3.rel1.linux64_1.1.100.202309141235/tools/bin/../lib/gcc/arm-none-eabi/11.3.1/../../../../arm-none-eabi/lib/thumb/v7e-m+fp/hard/libc_nano.a(libc_a-reent.o) (_impure_ptr)
/opt/st/stm32cubeide_1.14.0/plugins/com.st.stm32cube.ide.mcu.externaltools.gnu-tools-for-stm32.11.3.rel1.linux64_1.1.100.202309141235/tools/bin/../lib/gcc/arm-none-eabi/11.3.1/../../../../arm-none-eabi/lib/thumb/v7e-m+fp/hard/libc_nano.a(libc_a-lseekr.o)
                              /opt/st/stm32cubeide_1.14.0/plugins/com.st.stm32cube.ide.mcu.externaltools.gnu-tools-for-stm32.11.3.rel1.linux64_1.1.100.202309141235/tools/bin/../lib/gcc/arm-none-eabi/11.3.1/../../../../arm-none-eabi/lib/thumb/v7e-m+fp/hard/libc_nano.a(libc_a-stdio.o) (_lseek_r)
[...]
Memory Configuration

Name             Origin             Length             Attributes
RAM              0x0000000020000000 0x0000000000010000 xrw
FLASH            0x0000000008000000 0x0000000000040000 xr
*default*        0x0000000000000000 0xffffffffffffffff

Linker script and memory map

LOAD /opt/st/stm32cubeide_1.14.0/plugins/com.st.stm32cube.ide.mcu.externaltools.gnu-tools-for-stm32.11.3.rel1.linux64_1.1.100.202309141235/tools/bin/../lib/gcc/arm-none-eabi/11.3.1/thumb/v7e-m+fp/hard/crti.o
LOAD /opt/st/stm32cubeide_1.14.0/plugins/com.st.stm32cube.ide.mcu.externaltools.gnu-tools-for-stm32.11.3.rel1.linux64_1.1.100.202309141235/tools/bin/../lib/gcc/arm-none-eabi/11.3.1/thumb/v7e-m+fp/hard/crtbegin.o
LOAD /opt/st/stm32cubeide_1.14.0/plugins/com.st.stm32cube.ide.mcu.externaltools.gnu-tools-for-stm32.11.3.rel1.linux64_1.1.100.202309141235/tools/bin/../lib/gcc/arm-none-eabi/11.3.1/../../../../arm-none-eabi/lib/thumb/v7e-m+fp/hard/crt0.o
LOAD ./Core/Src/BNO08X.o
LOAD ./Core/Src/DHT22.o
LOAD ./Core/Src/HX711.o
LOAD ./Core/Src/MAX6675.o
LOAD ./Core/Src/Motor.o
LOAD ./Core/Src/Voltage_Current.o
LOAD ./Core/Src/bno055.o
LOAD ./Core/Src/communication_full.o
LOAD ./Core/Src/loadcell.o
LOAD ./Core/Src/main.o
LOAD ./Core/Src/stm32f4xx_hal_msp.o
LOAD ./Core/Src/stm32f4xx_it.o
LOAD ./Core/Src/syscalls.o
LOAD ./Core/Src/sysmem.o
LOAD ./Core/Src/system_stm32f4xx.o
LOAD ./Core/Startup/startup_stm32f401ccux.o
LOAD ./Drivers/STM32F4xx_HAL_Driver/Src/stm32f4xx_hal.o
LOAD ./Drivers/STM32F4xx_HAL_Driver/Src/stm32f4xx_hal_adc.o
LOAD ./Drivers/STM32F4xx_HAL_Driver/Src/stm32f4xx_hal_adc_ex.o
LOAD ./Drivers/STM32F4xx_HAL_Driver/Src/stm32f4xx_hal_cortex.o
LOAD ./Drivers/STM32F4xx_HAL_Driver/Src/stm32f4xx_hal_dma.o
LOAD ./Drivers/STM32F4xx_HAL_Driver/Src/stm32f4xx_hal_dma_ex.o
LOAD ./Drivers/STM32F4xx_HAL_Driver/Src/stm32f4xx_hal_exti.o
LOAD ./Drivers/STM32F4xx_HAL_Driver/Src/stm32f4xx_hal_flash.o
LOAD ./Drivers/STM32F4xx_HAL_Driver/Src/stm32f4xx_hal_flash_ex.o
LOAD ./Drivers/STM32F4xx_HAL_Driver/Src/stm32f4xx_hal_flash_ramfunc.o
LOAD ./Drivers/STM32F4xx_HAL_Driver/Src/stm32f4xx_hal_gpio.o
LOAD ./Drivers/STM32F4xx_HAL_Driver/Src/stm32f4xx_hal_i2c.o
LOAD ./Drivers/STM32F4xx_HAL_Driver/Src/stm32f4xx_hal_i2c_ex.o
LOAD ./Drivers/STM32F4xx_HAL_Driver/Src/stm32f4xx_hal_pwr.o
LOAD ./Drivers/STM32F4xx_HAL_Driver/Src/stm32f4xx_hal_pwr_ex.o
LOAD ./Drivers/STM32F4xx_HAL_Driver/Src/stm32f4xx_hal_rcc.o
LOAD ./Drivers/STM32F4xx_HAL_Driver/Src/stm32f4xx_hal_rcc_ex.o
LOAD ./Drivers/STM32F4xx_HAL_Driver/Src/stm32f4xx_hal_spi.o
LOAD ./Drivers/STM32F4xx_HAL_Driver/Src/stm32f4xx_hal_tim.o
LOAD ./Drivers/STM32F4xx_HAL_Driver/Src/stm32f4xx_hal_tim_ex.o
LOAD ./Drivers/STM32F4xx_HAL_Driver/Src/stm32f4xx_hal_uart.o
LOAD ./Drivers/STM32F4xx_HAL_Driver/Src/stm32f4xx_ll_adc.o
START GROUP
LOAD /opt/st/stm32cubeide_1.14.0/plugins/com.st.stm32cube.ide.mcu.externaltools.gnu-tools-for-stm32.11.3.rel1.linux64_1.1.100.202309141235/tools/bin/../lib/gcc/arm-none-eabi/11.3.1/../../../../arm-none-eabi/lib/thumb/v7e-m+fp/hard/libc_nano.a
LOAD /opt/st/stm32cubeide_1.14.0/plugins/com.st.stm32cube.ide.mcu.externaltools.gnu-tools-for-stm32.11.3.rel1.linux64_1.1.100.202309141235/tools/bin/../lib/gcc/arm-none-eabi/11.3.1/../../../../arm-none-eabi/lib/thumb/v7e-m+fp/hard/libm.a
END GROUP
START GROUP
LOAD /opt/st/stm32cubeide_1.14.0/plugins/com.st.stm32cube.ide.mcu.externaltools.gnu-tools-for-stm32.11.3.rel1.linux64_1.1.100.202309141235/tools/bin/../lib/gcc/arm-none-eabi/11.3.1/thumb/v7e-m+fp/hard/libgcc.a
LOAD /opt/st/stm32cubeide_1.14.0/plugins/com.st.stm32cube.ide.mcu.externaltools.gnu-tools-for-stm32.11.3.rel1.linux64_1.1.100.202309141235/tools/bin/../lib/gcc/arm-none-eabi/11.3.1/../../../../arm-none-eabi/lib/thumb/v7e-m+fp/hard/libc_nano.a
END GROUP
START GROUP
LOAD /opt/st/stm32cubeide_1.14.0/plugins/com.st.stm32cube.ide.mcu.externaltools.gnu-tools-for-stm32.11.3.rel1.linux64_1.1.100.202309141235/tools/bin/../lib/gcc/arm-none-eabi/11.3.1/thumb/v7e-m+fp/hard/libgcc.a
LOAD /opt/st/stm32cubeide_1.14.0/plugins/com.st.stm32cube.ide.mcu.externaltools.gnu-tools-for-stm32.11.3.rel1.linux64_1.1.100.202309141235/tools/bin/../lib/gcc/arm-none-eabi/11.3.1/../../../../arm-none-eabi/lib/thumb/v7e-m+fp/hard/libc_nano.a
LOAD /opt/st/stm32cubeide_1.14.0/plugins/com.st.stm32cube.ide.mcu.externaltools.gnu-tools-for-stm32.11.3.rel1.linux64_1.1.100.202309141235/tools/bin/../lib/gcc/arm-none-eabi/11.3.1/../../../../arm-none-eabi/lib/thumb/v7e-m+fp/hard/libnosys.a
END GROUP
START GROUP
LOAD /opt/st/stm32cubeide_1.14.0/plugins/com.st.stm32cube.ide.mcu.externaltools.gnu-tools-for-stm32.11.3.rel1.linux64_1.1.100.202309141235/tools/bin/../lib/gcc/arm-none-eabi/11.3.1/thumb/v7e-m+fp/hard/libgcc.a
LOAD /opt/st/stm32cubeide_1.14.0/plugins/com.st.stm32cube.ide.mcu.externaltools.gnu-tools-for-stm32.11.3.rel1.linux64_1.1.100.202309141235/tools/bin/../lib/gcc/arm-none-eabi/11.3.1/../../../../arm-none-eabi/lib/thumb/v7e-m+fp/hard/libc_nano.a
LOAD /opt/st/stm32cubeide_1.14.0/plugins/com.st.stm32cube.ide.mcu.externaltools.gnu-tools-for-stm32.11.3.rel1.linux64_1.1.100.202309141235/tools/bin/../lib/gcc/arm-none-eabi/11.3.1/../../../../arm-none-eabi/lib/thumb/v7e-m+fp/hard/libnosys.a
END GROUP
LOAD /opt/st/stm32cubeide_1.14.0/plugins/com.st.stm32cube.ide.mcu.externaltools.gnu-tools-for-stm32.11.3.rel1.linux64_1.1.100.202309141235/tools/bin/../lib/gcc/arm-none-eabi/11.3.1/thumb/v7e-m+fp/hard/crtend.o
LOAD /opt/st/stm32cubeide_1.14.0/plugins/com.st.stm32cube.ide.mcu.externaltools.gnu-tools-for-stm32.11.3.rel1.linux64_1.1.100.202309141235/tools/bin/../lib/gcc/arm-none-eabi/11.3.1/thumb/v7e-m+fp/hard/crtn.o
                0x0000000020010000                _estack = (ORIGIN (RAM) + LENGTH (RAM))
                0x0000000000000200                _Min_Heap_Size = 0x200
                0x0000000000000400                _Min_Stack_Size = 0x400

.isr_vector     0x0000000008000000      0x194
                0x0000000008000000                . = ALIGN (0x4)
 *(.isr_vector)
 .isr_vector    0x0000000008000000      0x194 ./Core/Startup/startup_stm32f401ccux.o
                0x0000000008000000                g_pfnVectors
                0x0000000008000194                . = ALIGN (0x4)

.text           0x0000000008000194     0x85c4
                0x0000000008000194                . = ALIGN (0x4)
 *(.text)
 .text          0x0000000008000194       0x40 /opt/st/stm32cubeide_1.14.0/plugins/com.st.stm32cube.ide.mcu.externaltools.gnu-tools-for-stm32.11.3.rel1.linux64_1.1.100.202309141235/tools/bin/../lib/gcc/arm-none-eabi/11.3.1/thumb/v7e-m+fp/hard/crtbegin.o
 .text          0x00000000080001d4       0x30 /opt/st/stm32cubeide_1.14.0/plugins/com.st.stm32cube.ide.mcu.externaltools.gnu-tools-for-stm32.11.3.rel1.linux64_1.1.100.202309141235/tools/bin/../lib/gcc/arm-none-eabi/11.3.1/thumb/v7e-m+fp/hard/libgcc.a(_aeabi_uldivmod.o)
                0x00000000080001d4                __aeabi_uldivmod
 .text          0x0000000008000204      0x2c8 /opt/st/stm32cubeide_1.14.0/plugins/com.st.stm32cube.ide.mcu.externaltools.gnu-tools-for-stm32.11.3.rel1.linux64_1.1.100.202309141235/tools/bin/../lib/gcc/arm-none-eabi/11.3.1/thumb/v7e-m+fp/hard/libgcc.a(_udivmoddi4.o)
                0x0000000008000204                __udivmoddi4
 .text          0x00000000080004cc        0x4 /opt/st/stm32cubeide_1.14.0/plugins/com.st.stm32cube.ide.mcu.externaltools.gnu-tools-for-stm32.11.3.rel1.linux64_1.1.100.202309141235/tools/bin/../lib/gcc/arm-none-eabi/11.3.1/thumb/v7e-m+fp/hard/libgcc.a(_dvmd_tls.o)
                0x00000000080004cc                __aeabi_ldiv0
                0x00000000080004cc                __aeabi_idiv0
 *(.text*)
 .text.VoltCurrent_Init
                0x00000000080004d0       0x24 ./Core/Src/Voltage_Current.o
                0x00000000080004d0                VoltCurrent_Init
 .text.bno055_init
                0x00000000080004f4      0x248 ./Core/Src/bno055.o
                0x00000000080004f4                bno055_init
 .text.bno055_temperature
                0x000000000800073c       0x66 ./Core/Src/bno055.o
                0x000000000800073c                bno055_temperature
 *fill*         0x00000000080007a2        0x2 
 .text.bno055_acc_x
                0x00000000080007a4       0x80 ./Core/Src/bno055.o
                0x00000000080007a4                bno055_acc_x
 .text.bno055_acc_y
                0x0000000008000824       0x80 ./Core/Src/bno055.o
                0x0000000008000824                bno055_acc_y
 .text.bno055_acc_z
                0x00000000080008a4       0x80 ./Core/Src/bno055.o
                0x00000000080008a4                bno055_acc_z
 .text.bno055_acc
                0x0000000008000924       0xcc ./Core/Src/bno055.o
                0x0000000008000924                bno055_acc
 .text.bno055_linear_acc_x
                0x00000000080009f0       0x80 ./Core/Src/bno055.o
                0x00000000080009f0                bno055_linear_acc_x
 .text.bno055_linear_acc_y
                0x0000000008000a70       0x80 ./Core/Src/bno055.o
                0x0000000008000a70                bno055_linear_acc_y
 .text.bno055_linear_acc_z
                0x0000000008000af0       0x80 ./Core/Src/bno055.o
                0x0000000008000af0                bno055_linear_acc_z
 .text.bno055_linear_acc
                0x0000000008000b70       0xcc ./Core/Src/bno055.o
                0x0000000008000b70                bno055_linear_acc
 .text.bno055_gyro_x
                0x0000000008000c3c       0x80 ./Core/Src/bno055.o
                0x0000000008000c3c                bno055_gyro_x
 .text.bno055_gyro_y
                0x0000000008000cbc       0x80 ./Core/Src/bno055.o
                0x0000000008000cbc                bno055_gyro_y
 .text.bno055_gyro_z
                0x0000000008000d3c       0x80 ./Core/Src/bno055.o
                0x0000000008000d3c                bno055_gyro_z
 .text.bno055_gyro
                0x0000000008000dbc       0xcc ./Core/Src/bno055.o
                0x0000000008000dbc                bno055_gyro
 .text.bno055_mag_x
                0x0000000008000e88       0x6c ./Core/Src/bno055.o
                0x0000000008000e88                bno055_mag_x
 .text.bno055_mag_y
                0x0000000008000ef4       0x6c ./Core/Src/bno055.o
                0x0000000008000ef4                bno055_mag_y
 .text.bno055_mag_z
                0x0000000008000f60       0x6c ./Core/Src/bno055.o
                0x0000000008000f60                bno055_mag_z
 .text.bno055_mag
                0x0000000008000fcc       0xb4 ./Core/Src/bno055.o
                0x0000000008000fcc                bno055_mag
 .text.bno055_gravity_x
                0x0000000008001080       0x84 ./Core/Src/bno055.o
                0x0000000008001080                bno055_gravity_x
 .text.bno055_gravity_y
                0x0000000008001104       0x84 ./Core/Src/bno055.o
                0x0000000008001104                bno055_gravity_y
 .text.bno055_gravity_z
                0x0000000008001188       0x84 ./Core/Src/bno055.o
                0x0000000008001188                bno055_gravity_z
 .text.bno055_gravity
                0x000000000800120c       0xcc ./Core/Src/bno055.o
                0x000000000800120c                bno055_gravity
 .text.bno055_euler_yaw
                0x00000000080012d8       0x84 ./Core/Src/bno055.o
                0x00000000080012d8                bno055_euler_yaw
 .text.bno055_euler_roll
                0x000000000800135c       0x84 ./Core/Src/bno055.o
                0x000000000800135c                bno055_euler_roll
 .text.bno055_euler_pitch
                0x00000000080013e0       0x84 ./Core/Src/bno055.o
                0x00000000080013e0                bno055_euler_pitch
 .text.bno055_euler
                0x0000000008001464       0xcc ./Core/Src/bno055.o
                0x0000000008001464                bno055_euler
 .text.bno055_quaternion_w
                0x0000000008001530       0x70 ./Core/Src/bno055.o
                0x0000000008001530                bno055_quaternion_w
 .text.bno055_quaternion_x
                0x00000000080015a0       0x70 ./Core/Src/bno055.o
                0x00000000080015a0                bno055_quaternion_x
 .text.bno055_quaternion_y
                0x0000000008001610       0x70 ./Core/Src/bno055.o
                0x0000000008001610                bno055_quaternion_y
 .text.bno055_quaternion_z
                0x0000000008001680       0x70 ./Core/Src/bno055.o
                0x0000000008001680                bno055_quaternion_z
 .text.bno055_quaternion
                0x00000000080016f0       0xdc ./Core/Src/bno055.o
                0x00000000080016f0                bno055_quaternion
 .text.bno055_acc_conf
                0x00000000080017cc       0xd0 ./Core/Src/bno055.o
                0x00000000080017cc                bno055_acc_conf
 .text.bno055_gyr_conf
                0x000000000800189c       0xce ./Core/Src/bno055.o
                0x000000000800189c                bno055_gyr_conf
 .text.bno055_mag_conf
                0x000000000800196a       0xd0 ./Core/Src/bno055.o
                0x000000000800196a                bno055_mag_conf
 .text.bno055_set_opmode
                0x0000000008001a3a       0x4e ./Core/Src/bno055.o
                0x0000000008001a3a                bno055_set_opmode
 .text.bno055_set_unit
                0x0000000008001a88       0xd0 ./Core/Src/bno055.o
                0x0000000008001a88                bno055_set_unit
 .text.bno055_set_pwr_mode
                0x0000000008001b58       0xba ./Core/Src/bno055.o
                0x0000000008001b58                bno055_set_pwr_mode
 .text.bno055_reset
                0x0000000008001c12       0x46 ./Core/Src/bno055.o
                0x0000000008001c12                bno055_reset
 .text.bno055_on
                0x0000000008001c58       0x46 ./Core/Src/bno055.o
                0x0000000008001c58                bno055_on
 .text.bno055_read_regs
                0x0000000008001c9e       0x6c ./Core/Src/bno055.o
                0x0000000008001c9e                bno055_read_regs
 .text.bno055_write_regs
                0x0000000008001d0a       0x5a ./Core/Src/bno055.o
                0x0000000008001d0a                bno055_write_regs
 .text.bno055_set_page
                0x0000000008001d64       0x6c ./Core/Src/bno055.o
                0x0000000008001d64                bno055_set_page
 .text.bno055_start
                0x0000000008001dd0      0x10c ./Core/Src/bno055.o
                0x0000000008001dd0                bno055_start
 .text.get_euler_imu
                0x0000000008001edc       0xdc ./Core/Src/bno055.o
                0x0000000008001edc                get_euler_imu
 .text.komunikasi_ctrl_init
                0x0000000008001fb8       0x20 ./Core/Src/communication_full.o
                0x0000000008001fb8                komunikasi_ctrl_init
 .text.checksum_ctrl_generator
                0x0000000008001fd8       0x40 ./Core/Src/communication_full.o
                0x0000000008001fd8                checksum_ctrl_generator
 .text.tx_ctrl_send_BNO055
                0x0000000008002018       0xf4 ./Core/Src/communication_full.o
                0x0000000008002018                tx_ctrl_send_BNO055
 .text.tx_ctrl_send_Astar
                0x000000000800210c       0x74 ./Core/Src/communication_full.o
                0x000000000800210c                tx_ctrl_send_Astar
 .text.tx_ctrl_send_Command
                0x0000000008002180       0x2c ./Core/Src/communication_full.o
                0x0000000008002180                tx_ctrl_send_Command
 .text.rx_ctrl_start_get
                0x00000000080021ac       0x20 ./Core/Src/communication_full.o
                0x00000000080021ac                rx_ctrl_start_get
 .text.rx_ctrl_get
                0x00000000080021cc      0xa58 ./Core/Src/communication_full.o
                0x00000000080021cc                rx_ctrl_get
 .text.komunikasi_pc_init
                0x0000000008002c24       0x20 ./Core/Src/communication_full.o
                0x0000000008002c24                komunikasi_pc_init
 .text.checksum_pc_generator
                0x0000000008002c44       0x40 ./Core/Src/communication_full.o
                0x0000000008002c44                checksum_pc_generator
 .text.tx_pc_send_BNO055
                0x0000000008002c84       0xf4 ./Core/Src/communication_full.o
                0x0000000008002c84                tx_pc_send_BNO055
 .text.tx_pc_send_Odometry
                0x0000000008002d78       0xe0 ./Core/Src/communication_full.o
                0x0000000008002d78                tx_pc_send_Odometry
 .text.rx_pc_start_get
                0x0000000008002e58       0x20 ./Core/Src/communication_full.o
                0x0000000008002e58                rx_pc_start_get
 .text.rx_pc_get
                0x0000000008002e78      0xb98 ./Core/Src/communication_full.o
                0x0000000008002e78                rx_pc_get
 .text.init_loadcell
                0x0000000008003a10       0x48 ./Core/Src/loadcell.o
                0x0000000008003a10                init_loadcell
 .text.HAL_UART_RxCpltCallback
                0x0000000008003a58       0x40 ./Core/Src/main.o
                0x0000000008003a58                HAL_UART_RxCpltCallback
 .text.main     0x0000000008003a98      0x124 ./Core/Src/main.o
                0x0000000008003a98                main
 .text.SystemClock_Config
                0x0000000008003bbc       0xd4 ./Core/Src/main.o
                0x0000000008003bbc                SystemClock_Config
 .text.MX_ADC1_Init
                0x0000000008003c90       0x74 ./Core/Src/main.o
 .text.MX_I2C1_Init
                0x0000000008003d04       0x5c ./Core/Src/main.o
 .text.MX_SPI1_Init
                0x0000000008003d60       0x70 ./Core/Src/main.o
 .text.MX_TIM1_Init
                0x0000000008003dd0       0xa0 ./Core/Src/main.o
 .text.MX_TIM2_Init
                0x0000000008003e70       0x98 ./Core/Src/main.o
 .text.MX_USART1_UART_Init
                0x0000000008003f08       0x54 ./Core/Src/main.o
 .text.MX_USART2_UART_Init
                0x0000000008003f5c       0x54 ./Core/Src/main.o
 .text.MX_USART6_UART_Init
                0x0000000008003fb0       0x54 ./Core/Src/main.o
 .text.MX_DMA_Init
                0x0000000008004004       0x7c ./Core/Src/main.o
 .text.MX_GPIO_Init
                0x0000000008004080      0x150 ./Core/Src/main.o
 .text.Error_Handler
                0x00000000080041d0        0xa ./Core/Src/main.o
                0x00000000080041d0                Error_Handler
 *fill*         0x00000000080041da        0x2 
 .text.HAL_MspInit
                0x00000000080041dc       0x50 ./Core/Src/stm32f4xx_hal_msp.o
                0x00000000080041dc                HAL_MspInit
 .text.HAL_ADC_MspInit
                0x000000000800422c       0x88 ./Core/Src/stm32f4xx_hal_msp.o
                0x000000000800422c                HAL_ADC_MspInit
 .text.HAL_I2C_MspInit
                0x00000000080042b4       0x90 ./Core/Src/stm32f4xx_hal_msp.o
                0x00000000080042b4                HAL_I2C_MspInit
 .text.HAL_SPI_MspInit
                0x0000000008004344       0x90 ./Core/Src/stm32f4xx_hal_msp.o
                0x0000000008004344                HAL_SPI_MspInit
 .text.HAL_TIM_Base_MspInit
                0x00000000080043d4       0x6c ./Core/Src/stm32f4xx_hal_msp.o
                0x00000000080043d4                HAL_TIM_Base_MspInit
 .text.HAL_UART_MspInit
                0x0000000008004440      0x294 ./Core/Src/stm32f4xx_hal_msp.o
                0x0000000008004440                HAL_UART_MspInit
 .text.NMI_Handler
                0x00000000080046d4        0x6 ./Core/Src/stm32f4xx_it.o
                0x00000000080046d4                NMI_Handler
 .text.HardFault_Handler
                0x00000000080046da        0x6 ./Core/Src/stm32f4xx_it.o
                0x00000000080046da                HardFault_Handler
 .text.MemManage_Handler
                0x00000000080046e0        0x6 ./Core/Src/stm32f4xx_it.o
                0x00000000080046e0                MemManage_Handler
 .text.BusFault_Handler
                0x00000000080046e6        0x6 ./Core/Src/stm32f4xx_it.o
                0x00000000080046e6                BusFault_Handler
 .text.UsageFault_Handler
                0x00000000080046ec        0x6 ./Core/Src/stm32f4xx_it.o
                0x00000000080046ec                UsageFault_Handler
 .text.SVC_Handler
                0x00000000080046f2        0xe ./Core/Src/stm32f4xx_it.o
                0x00000000080046f2                SVC_Handler
 .text.DebugMon_Handler
                0x0000000008004700        0xe ./Core/Src/stm32f4xx_it.o
                0x0000000008004700                DebugMon_Handler
 .text.PendSV_Handler
                0x000000000800470e        0xe ./Core/Src/stm32f4xx_it.o
                0x000000000800470e                PendSV_Handler
 .text.SysTick_Handler
                0x000000000800471c        0xc ./Core/Src/stm32f4xx_it.o
                0x000000000800471c                SysTick_Handler
 .text.DMA1_Stream5_IRQHandler
                0x0000000008004728       0x14 ./Core/Src/stm32f4xx_it.o
                0x0000000008004728                DMA1_Stream5_IRQHandler
 .text.DMA2_Stream1_IRQHandler
                0x000000000800473c       0x14 ./Core/Src/stm32f4xx_it.o
                0x000000000800473c                DMA2_Stream1_IRQHandler
 .text.DMA2_Stream2_IRQHandler
                0x0000000008004750       0x14 ./Core/Src/stm32f4xx_it.o
                0x0000000008004750                DMA2_Stream2_IRQHandler
 .text.SystemInit
                0x0000000008004764       0x24 ./Core/Src/system_stm32f4xx.o
                0x0000000008004764                SystemInit
 .text.Reset_Handler
                0x0000000008004788       0x50 ./Core/Startup/startup_stm32f401ccux.o
                0x0000000008004788                Reset_Handler
 .text.Default_Handler
                0x00000000080047d8        0x2 ./Core/Startup/startup_stm32f401ccux.o
                0x00000000080047d8                RTC_Alarm_IRQHandler
                0x00000000080047d8                EXTI2_IRQHandler
                0x00000000080047d8                SPI4_IRQHandler
                0x00000000080047d8                TIM1_CC_IRQHandler
                0x00000000080047d8                DMA2_Stream5_IRQHandler
                0x00000000080047d8                PVD_IRQHandler
                0x00000000080047d8                SDIO_IRQHandler
                0x00000000080047d8                TAMP_STAMP_IRQHandler
                0x00000000080047d8                EXTI3_IRQHandler
                0x00000000080047d8                TIM1_UP_TIM10_IRQHandler
                0x00000000080047d8                I2C3_ER_IRQHandler
                0x00000000080047d8                EXTI0_IRQHandler
                0x00000000080047d8                I2C2_EV_IRQHandler
                0x00000000080047d8                DMA1_Stream2_IRQHandler
                0x00000000080047d8                FPU_IRQHandler
                0x00000000080047d8                SPI1_IRQHandler
                0x00000000080047d8                TIM1_BRK_TIM9_IRQHandler
                0x00000000080047d8                DMA2_Stream3_IRQHandler
                0x00000000080047d8                USART6_IRQHandler
                0x00000000080047d8                DMA2_Stream0_IRQHandler
                0x00000000080047d8                TIM4_IRQHandler
                0x00000000080047d8                I2C1_EV_IRQHandler
                0x00000000080047d8                DMA1_Stream6_IRQHandler
                0x00000000080047d8                DMA1_Stream1_IRQHandler
                0x00000000080047d8                TIM3_IRQHandler
                0x00000000080047d8                RCC_IRQHandler
                0x00000000080047d8                Default_Handler
                0x00000000080047d8                EXTI15_10_IRQHandler
                0x00000000080047d8                ADC_IRQHandler
                0x00000000080047d8                DMA1_Stream7_IRQHandler
                0x00000000080047d8                TIM5_IRQHandler
                0x00000000080047d8                DMA2_Stream7_IRQHandler
                0x00000000080047d8                I2C3_EV_IRQHandler
                0x00000000080047d8                EXTI9_5_IRQHandler
                0x00000000080047d8                RTC_WKUP_IRQHandler
                0x00000000080047d8                SPI2_IRQHandler
                0x00000000080047d8                DMA1_Stream0_IRQHandler
                0x00000000080047d8                EXTI4_IRQHandler
                0x00000000080047d8                WWDG_IRQHandler
                0x00000000080047d8                TIM2_IRQHandler
                0x00000000080047d8                OTG_FS_WKUP_IRQHandler
                0x00000000080047d8                TIM1_TRG_COM_TIM11_IRQHandler
                0x00000000080047d8                EXTI1_IRQHandler
                0x00000000080047d8                USART2_IRQHandler
                0x00000000080047d8                I2C2_ER_IRQHandler
                0x00000000080047d8                FLASH_IRQHandler
                0x00000000080047d8                DMA2_Stream4_IRQHandler
                0x00000000080047d8                USART1_IRQHandler
                0x00000000080047d8                OTG_FS_IRQHandler
                0x00000000080047d8                SPI3_IRQHandler
                0x00000000080047d8                DMA1_Stream4_IRQHandler
                0x00000000080047d8                I2C1_ER_IRQHandler
                0x00000000080047d8                DMA2_Stream6_IRQHandler
                0x00000000080047d8                DMA1_Stream3_IRQHandler
 *fill*         0x00000000080047da        0x2 
 .text.HAL_Init
                0x00000000080047dc       0x44 ./Drivers/STM32F4xx_HAL_Driver/Src/stm32f4xx_hal.o
                0x00000000080047dc                HAL_Init
 .text.HAL_InitTick
                0x0000000008004820       0x60 ./Drivers/STM32F4xx_HAL_Driver/Src/stm32f4xx_hal.o
                0x0000000008004820                HAL_InitTick
 .text.HAL_IncTick
                0x0000000008004880       0x28 ./Drivers/STM32F4xx_HAL_Driver/Src/stm32f4xx_hal.o
                0x0000000008004880                HAL_IncTick
 .text.HAL_GetTick
                0x00000000080048a8       0x18 ./Drivers/STM32F4xx_HAL_Driver/Src/stm32f4xx_hal.o
                0x00000000080048a8                HAL_GetTick
 .text.HAL_Delay
                0x00000000080048c0       0x48 ./Drivers/STM32F4xx_HAL_Driver/Src/stm32f4xx_hal.o
                0x00000000080048c0                HAL_Delay
 .text.HAL_ADC_Init
                0x0000000008004908       0x86 ./Drivers/STM32F4xx_HAL_Driver/Src/stm32f4xx_hal_adc.o
                0x0000000008004908                HAL_ADC_Init
 *fill*         0x000000000800498e        0x2 
 .text.ADC_Init
                0x0000000008004990      0x1f8 ./Drivers/STM32F4xx_HAL_Driver/Src/stm32f4xx_hal_adc.o
 .text.__NVIC_SetPriorityGrouping
                0x0000000008004b88       0x48 ./Drivers/STM32F4xx_HAL_Driver/Src/stm32f4xx_hal_cortex.o
 .text.__NVIC_GetPriorityGrouping
                0x0000000008004bd0       0x1c ./Drivers/STM32F4xx_HAL_Driver/Src/stm32f4xx_hal_cortex.o
 .text.__NVIC_EnableIRQ
                0x0000000008004bec       0x3c ./Drivers/STM32F4xx_HAL_Driver/Src/stm32f4xx_hal_cortex.o
 .text.__NVIC_SetPriority
                0x0000000008004c28       0x54 ./Drivers/STM32F4xx_HAL_Driver/Src/stm32f4xx_hal_cortex.o
 .text.NVIC_EncodePriority
                0x0000000008004c7c       0x66 ./Drivers/STM32F4xx_HAL_Driver/Src/stm32f4xx_hal_cortex.o
 *fill*         0x0000000008004ce2        0x2 
 .text.SysTick_Config
                0x0000000008004ce4       0x44 ./Drivers/STM32F4xx_HAL_Driver/Src/stm32f4xx_hal_cortex.o
 .text.HAL_NVIC_SetPriorityGrouping
                0x0000000008004d28       0x16 ./Drivers/STM32F4xx_HAL_Driver/Src/stm32f4xx_hal_cortex.o
                0x0000000008004d28                HAL_NVIC_SetPriorityGrouping
 .text.HAL_NVIC_SetPriority
                0x0000000008004d3e       0x38 ./Drivers/STM32F4xx_HAL_Driver/Src/stm32f4xx_hal_cortex.o
                0x0000000008004d3e                HAL_NVIC_SetPriority
 .text.HAL_NVIC_EnableIRQ
                0x0000000008004d76       0x1c ./Drivers/STM32F4xx_HAL_Driver/Src/stm32f4xx_hal_cortex.o
                0x0000000008004d76                HAL_NVIC_EnableIRQ
 .text.HAL_SYSTICK_Config
                0x0000000008004d92       0x18 ./Drivers/STM32F4xx_HAL_Driver/Src/stm32f4xx_hal_cortex.o
                0x0000000008004d92                HAL_SYSTICK_Config
 *fill*         0x0000000008004daa        0x2 
 .text.HAL_DMA_Init
                0x0000000008004dac      0x15c ./Drivers/STM32F4xx_HAL_Driver/Src/stm32f4xx_hal_dma.o
                0x0000000008004dac                HAL_DMA_Init
 .text.HAL_DMA_Start_IT
                0x0000000008004f08       0xb0 ./Drivers/STM32F4xx_HAL_Driver/Src/stm32f4xx_hal_dma.o
                0x0000000008004f08                HAL_DMA_Start_IT
 .text.HAL_DMA_IRQHandler
                0x0000000008004fb8      0x314 ./Drivers/STM32F4xx_HAL_Driver/Src/stm32f4xx_hal_dma.o
                0x0000000008004fb8                HAL_DMA_IRQHandler
 .text.DMA_SetConfig
                0x00000000080052cc       0x5c ./Drivers/STM32F4xx_HAL_Driver/Src/stm32f4xx_hal_dma.o
 .text.DMA_CalcBaseAndBitshift
                0x0000000008005328       0x6c ./Drivers/STM32F4xx_HAL_Driver/Src/stm32f4xx_hal_dma.o
 .text.DMA_CheckFifoParam
                0x0000000008005394       0xf8 ./Drivers/STM32F4xx_HAL_Driver/Src/stm32f4xx_hal_dma.o
 .text.HAL_GPIO_Init
                0x000000000800548c      0x308 ./Drivers/STM32F4xx_HAL_Driver/Src/stm32f4xx_hal_gpio.o
                0x000000000800548c                HAL_GPIO_Init
 .text.HAL_GPIO_WritePin
                0x0000000008005794       0x32 ./Drivers/STM32F4xx_HAL_Driver/Src/stm32f4xx_hal_gpio.o
                0x0000000008005794                HAL_GPIO_WritePin
 *fill*         0x00000000080057c6        0x2 
 .text.HAL_I2C_Init
                0x00000000080057c8      0x288 ./Drivers/STM32F4xx_HAL_Driver/Src/stm32f4xx_hal_i2c.o
                0x00000000080057c8                HAL_I2C_Init
 .text.HAL_I2C_Master_Transmit
                0x0000000008005a50      0x1fc ./Drivers/STM32F4xx_HAL_Driver/Src/stm32f4xx_hal_i2c.o
                0x0000000008005a50                HAL_I2C_Master_Transmit
 .text.HAL_I2C_Master_Receive
                0x0000000008005c4c      0x464 ./Drivers/STM32F4xx_HAL_Driver/Src/stm32f4xx_hal_i2c.o
                0x0000000008005c4c                HAL_I2C_Master_Receive
 .text.HAL_I2C_Mem_Write
                0x00000000080060b0      0x1f4 ./Drivers/STM32F4xx_HAL_Driver/Src/stm32f4xx_hal_i2c.o
                0x00000000080060b0                HAL_I2C_Mem_Write
 .text.I2C_MasterRequestWrite
                0x00000000080062a4      0x104 ./Drivers/STM32F4xx_HAL_Driver/Src/stm32f4xx_hal_i2c.o
 .text.I2C_MasterRequestRead
                0x00000000080063a8      0x19c ./Drivers/STM32F4xx_HAL_Driver/Src/stm32f4xx_hal_i2c.o
 .text.I2C_RequestMemoryWrite
                0x0000000008006544      0x12c ./Drivers/STM32F4xx_HAL_Driver/Src/stm32f4xx_hal_i2c.o
 .text.I2C_WaitOnFlagUntilTimeout
                0x0000000008006670       0xf4 ./Drivers/STM32F4xx_HAL_Driver/Src/stm32f4xx_hal_i2c.o
 .text.I2C_WaitOnMasterAddressFlagUntilTimeout
                0x0000000008006764      0x140 ./Drivers/STM32F4xx_HAL_Driver/Src/stm32f4xx_hal_i2c.o
 .text.I2C_WaitOnTXEFlagUntilTimeout
                0x00000000080068a4       0x90 ./Drivers/STM32F4xx_HAL_Driver/Src/stm32f4xx_hal_i2c.o
 .text.I2C_WaitOnBTFFlagUntilTimeout
                0x0000000008006934       0x90 ./Drivers/STM32F4xx_HAL_Driver/Src/stm32f4xx_hal_i2c.o
 .text.I2C_WaitOnRXNEFlagUntilTimeout
                0x00000000080069c4       0xba ./Drivers/STM32F4xx_HAL_Driver/Src/stm32f4xx_hal_i2c.o
 .text.I2C_IsAcknowledgeFailed
                0x0000000008006a7e       0x5e ./Drivers/STM32F4xx_HAL_Driver/Src/stm32f4xx_hal_i2c.o
 .text.HAL_RCC_OscConfig
                0x0000000008006adc      0x4f0 ./Drivers/STM32F4xx_HAL_Driver/Src/stm32f4xx_hal_rcc.o
                0x0000000008006adc                HAL_RCC_OscConfig
 .text.HAL_RCC_ClockConfig
                0x0000000008006fcc      0x1cc ./Drivers/STM32F4xx_HAL_Driver/Src/stm32f4xx_hal_rcc.o
                0x0000000008006fcc                HAL_RCC_ClockConfig
 .text.HAL_RCC_GetSysClockFreq
                0x0000000008007198      0x18c ./Drivers/STM32F4xx_HAL_Driver/Src/stm32f4xx_hal_rcc.o
                0x0000000008007198                HAL_RCC_GetSysClockFreq
 .text.HAL_RCC_GetHCLKFreq
                0x0000000008007324       0x18 ./Drivers/STM32F4xx_HAL_Driver/Src/stm32f4xx_hal_rcc.o
                0x0000000008007324                HAL_RCC_GetHCLKFreq
 .text.HAL_RCC_GetPCLK1Freq
                0x000000000800733c       0x28 ./Drivers/STM32F4xx_HAL_Driver/Src/stm32f4xx_hal_rcc.o
                0x000000000800733c                HAL_RCC_GetPCLK1Freq
 .text.HAL_RCC_GetPCLK2Freq
                0x0000000008007364       0x28 ./Drivers/STM32F4xx_HAL_Driver/Src/stm32f4xx_hal_rcc.o
                0x0000000008007364                HAL_RCC_GetPCLK2Freq
 .text.HAL_SPI_Init
                0x000000000800738c      0x112 ./Drivers/STM32F4xx_HAL_Driver/Src/stm32f4xx_hal_spi.o
                0x000000000800738c                HAL_SPI_Init
 .text.HAL_TIM_Base_Init
                0x000000000800749e       0x9e ./Drivers/STM32F4xx_HAL_Driver/Src/stm32f4xx_hal_tim.o
                0x000000000800749e                HAL_TIM_Base_Init
 .text.HAL_TIM_Base_Start
                0x000000000800753c       0xb4 ./Drivers/STM32F4xx_HAL_Driver/Src/stm32f4xx_hal_tim.o
                0x000000000800753c                HAL_TIM_Base_Start
 .text.HAL_TIM_ConfigClockSource
                0x00000000080075f0      0x18e ./Drivers/STM32F4xx_HAL_Driver/Src/stm32f4xx_hal_tim.o
                0x00000000080075f0                HAL_TIM_ConfigClockSource
 *fill*         0x000000000800777e        0x2 
 .text.TIM_Base_SetConfig
                0x0000000008007780      0x118 ./Drivers/STM32F4xx_HAL_Driver/Src/stm32f4xx_hal_tim.o
                0x0000000008007780                TIM_Base_SetConfig
 .text.TIM_TI1_ConfigInputStage
                0x0000000008007898       0x5e ./Drivers/STM32F4xx_HAL_Driver/Src/stm32f4xx_hal_tim.o
 .text.TIM_TI2_ConfigInputStage
                0x00000000080078f6       0x60 ./Drivers/STM32F4xx_HAL_Driver/Src/stm32f4xx_hal_tim.o
 .text.TIM_ITRx_SetConfig
                0x0000000008007956       0x36 ./Drivers/STM32F4xx_HAL_Driver/Src/stm32f4xx_hal_tim.o
 .text.TIM_ETR_SetConfig
                0x000000000800798c       0x40 ./Drivers/STM32F4xx_HAL_Driver/Src/stm32f4xx_hal_tim.o
                0x000000000800798c                TIM_ETR_SetConfig
 .text.HAL_TIMEx_MasterConfigSynchronization
                0x00000000080079cc       0xdc ./Drivers/STM32F4xx_HAL_Driver/Src/stm32f4xx_hal_tim_ex.o
                0x00000000080079cc                HAL_TIMEx_MasterConfigSynchronization
 .text.HAL_UART_Init
                0x0000000008007aa8       0xa0 ./Drivers/STM32F4xx_HAL_Driver/Src/stm32f4xx_hal_uart.o
                0x0000000008007aa8                HAL_UART_Init
 .text.HAL_UART_Transmit
                0x0000000008007b48      0x116 ./Drivers/STM32F4xx_HAL_Driver/Src/stm32f4xx_hal_uart.o
                0x0000000008007b48                HAL_UART_Transmit
 .text.HAL_UART_Receive_DMA
                0x0000000008007c5e       0x4a ./Drivers/STM32F4xx_HAL_Driver/Src/stm32f4xx_hal_uart.o
                0x0000000008007c5e                HAL_UART_Receive_DMA
 .text.HAL_UART_RxHalfCpltCallback
                0x0000000008007ca8       0x14 ./Drivers/STM32F4xx_HAL_Driver/Src/stm32f4xx_hal_uart.o
                0x0000000008007ca8                HAL_UART_RxHalfCpltCallback
 .text.HAL_UART_ErrorCallback
                0x0000000008007cbc       0x14 ./Drivers/STM32F4xx_HAL_Driver/Src/stm32f4xx_hal_uart.o
                0x0000000008007cbc                HAL_UART_ErrorCallback
 .text.HAL_UARTEx_RxEventCallback
                0x0000000008007cd0       0x18 ./Drivers/STM32F4xx_HAL_Driver/Src/stm32f4xx_hal_uart.o
                0x0000000008007cd0                HAL_UARTEx_RxEventCallback
 .text.UART_DMAReceiveCplt
                0x0000000008007ce8      0x12c ./Drivers/STM32F4xx_HAL_Driver/Src/stm32f4xx_hal_uart.o
 .text.UART_DMARxHalfCplt
                0x0000000008007e14       0x3c ./Drivers/STM32F4xx_HAL_Driver/Src/stm32f4xx_hal_uart.o
 .text.UART_DMAError
                0x0000000008007e50       0x94 ./Drivers/STM32F4xx_HAL_Driver/Src/stm32f4xx_hal_uart.o
 .text.UART_WaitOnFlagUntilTimeout
                0x0000000008007ee4       0xb2 ./Drivers/STM32F4xx_HAL_Driver/Src/stm32f4xx_hal_uart.o
 *fill*         0x0000000008007f96        0x2 
 .text.UART_Start_Receive_DMA
                0x0000000008007f98      0x134 ./Drivers/STM32F4xx_HAL_Driver/Src/stm32f4xx_hal_uart.o
                0x0000000008007f98                UART_Start_Receive_DMA
 .text.UART_EndTxTransfer
                0x00000000080080cc       0x50 ./Drivers/STM32F4xx_HAL_Driver/Src/stm32f4xx_hal_uart.o
 .text.UART_EndRxTransfer
                0x000000000800811c       0xc6 ./Drivers/STM32F4xx_HAL_Driver/Src/stm32f4xx_hal_uart.o
 *fill*         0x00000000080081e2        0x2 
 .text.UART_SetConfig
                0x00000000080081e4      0x4e8 ./Drivers/STM32F4xx_HAL_Driver/Src/stm32f4xx_hal_uart.o
 .text.memset   0x00000000080086cc       0x10 /opt/st/stm32cubeide_1.14.0/plugins/com.st.stm32cube.ide.mcu.externaltools.gnu-tools-for-stm32.11.3.rel1.linux64_1.1.100.202309141235/tools/bin/../lib/gcc/arm-none-eabi/11.3.1/../../../../arm-none-eabi/lib/thumb/v7e-m+fp/hard/libc_nano.a(libc_a-memset.o)
                0x00000000080086cc                memset
 .text.__libc_init_array
                0x00000000080086dc       0x48 /opt/st/stm32cubeide_1.14.0/plugins/com.st.stm32cube.ide.mcu.externaltools.gnu-tools-for-stm32.11.3.rel1.linux64_1.1.100.202309141235/tools/bin/../lib/gcc/arm-none-eabi/11.3.1/../../../../arm-none-eabi/lib/thumb/v7e-m+fp/hard/libc_nano.a(libc_a-init.o)
                0x00000000080086dc                __libc_init_array
 .text.memcpy   0x0000000008008724       0x1c /opt/st/stm32cubeide_1.14.0/plugins/com.st.stm32cube.ide.mcu.externaltools.gnu-tools-for-stm32.11.3.rel1.linux64_1.1.100.202309141235/tools/bin/../lib/gcc/arm-none-eabi/11.3.1/../../../../arm-none-eabi/lib/thumb/v7e-m+fp/hard/libc_nano.a(libc_a-memcpy-stub.o)
                0x0000000008008724                memcpy
 *(.glue_7)
 .glue_7        0x0000000008008740        0x0 linker stubs
 *(.glue_7t)
 .glue_7t       0x0000000008008740        0x0 linker stubs
 *(.eh_frame)
 .eh_frame      0x0000000008008740        0x0 /opt/st/stm32cubeide_1.14.0/plugins/com.st.stm32cube.ide.mcu.externaltools.gnu-tools-for-stm32.11.3.rel1.linux64_1.1.100.202309141235/tools/bin/../lib/gcc/arm-none-eabi/11.3.1/thumb/v7e-m+fp/hard/crtbegin.o
 *(.init)
 .init          0x0000000008008740        0x4 /opt/st/stm32cubeide_1.14.0/plugins/com.st.stm32cube.ide.mcu.externaltools.gnu-tools-for-stm32.11.3.rel1.linux64_1.1.100.202309141235/tools/bin/../lib/gcc/arm-none-eabi/11.3.1/thumb/v7e-m+fp/hard/crti.o
                0x0000000008008740                _init
 .init          0x0000000008008744        0x8 /opt/st/stm32cubeide_1.14.0/plugins/com.st.stm32cube.ide.mcu.externaltools.gnu-tools-for-stm32.11.3.rel1.linux64_1.1.100.202309141235/tools/bin/../lib/gcc/arm-none-eabi/11.3.1/thumb/v7e-m+fp/hard/crtn.o
 *(.fini)
 .fini          0x000000000800874c        0x4 /opt/st/stm32cubeide_1.14.0/plugins/com.st.stm32cube.ide.mcu.externaltools.gnu-tools-for-stm32.11.3.rel1.linux64_1.1.100.202309141235/tools/bin/../lib/gcc/arm-none-eabi/11.3.1/thumb/v7e-m+fp/hard/crti.o
                0x000000000800874c                _fini
 .fini          0x0000000008008750        0x8 /opt/st/stm32cubeide_1.14.0/plugins/com.st.stm32cube.ide.mcu.externaltools.gnu-tools-for-stm32.11.3.rel1.linux64_1.1.100.202309141235/tools/bin/../lib/gcc/arm-none-eabi/11.3.1/thumb/v7e-m+fp/hard/crtn.o
                0x0000000008008758                . = ALIGN (0x4)
                0x0000000008008758                _etext = .

.vfp11_veneer   0x0000000008008758        0x0
 .vfp11_veneer  0x0000000008008758        0x0 linker stubs

.v4_bx          0x0000000008008758        0x0
 .v4_bx         0x0000000008008758        0x0 linker stubs

.iplt           0x0000000008008758        0x0
 .iplt          0x0000000008008758        0x0 /opt/st/stm32cubeide_1.14.0/plugins/com.st.stm32cube.ide.mcu.externaltools.gnu-tools-for-stm32.11.3.rel1.linux64_1.1.100.202309141235/tools/bin/../lib/gcc/arm-none-eabi/11.3.1/thumb/v7e-m+fp/hard/crtbegin.o

.rodata         0x0000000008008758       0x20
                0x0000000008008758                . = ALIGN (0x4)
 *(.rodata)
 *(.rodata*)
 .rodata.AHBPrescTable
                0x0000000008008758       0x10 ./Core/Src/system_stm32f4xx.o
                0x0000000008008758                AHBPrescTable
 .rodata.APBPrescTable
                0x0000000008008768        0x8 ./Core/Src/system_stm32f4xx.o
                0x0000000008008768                APBPrescTable
 .rodata.flagBitshiftOffset.0
                0x0000000008008770        0x8 ./Drivers/STM32F4xx_HAL_Driver/Src/stm32f4xx_hal_dma.o
                0x0000000008008778                . = ALIGN (0x4)

.ARM.extab      0x0000000008008778        0x0
                0x0000000008008778                . = ALIGN (0x4)
 *(.ARM.extab* .gnu.linkonce.armextab.*)
                0x0000000008008778                . = ALIGN (0x4)

.ARM            0x0000000008008778        0x8
                0x0000000008008778                . = ALIGN (0x4)
                0x0000000008008778                __exidx_start = .
 *(.ARM.exidx*)
 .ARM.exidx     0x0000000008008778        0x8 /opt/st/stm32cubeide_1.14.0/plugins/com.st.stm32cube.ide.mcu.externaltools.gnu-tools-for-stm32.11.3.rel1.linux64_1.1.100.202309141235/tools/bin/../lib/gcc/arm-none-eabi/11.3.1/thumb/v7e-m+fp/hard/libgcc.a(_udivmoddi4.o)
                0x0000000008008780                __exidx_end = .
                0x0000000008008780                . = ALIGN (0x4)

.rel.dyn        0x0000000008008780        0x0
 .rel.iplt      0x0000000008008780        0x0 /opt/st/stm32cubeide_1.14.0/plugins/com.st.stm32cube.ide.mcu.externaltools.gnu-tools-for-stm32.11.3.rel1.linux64_1.1.100.202309141235/tools/bin/../lib/gcc/arm-none-eabi/11.3.1/thumb/v7e-m+fp/hard/crtbegin.o

.preinit_array  0x0000000008008780        0x0
                0x0000000008008780                . = ALIGN (0x4)
                0x0000000008008780                PROVIDE (__preinit_array_start = .)
 *(.preinit_array*)
                0x0000000008008780                PROVIDE (__preinit_array_end = .)
                0x0000000008008780                . = ALIGN (0x4)

.init_array     0x0000000008008780        0x4
                0x0000000008008780                . = ALIGN (0x4)
                0x0000000008008780                PROVIDE (__init_array_start = .)
 *(SORT_BY_NAME(.init_array.*))
 *(.init_array*)
 .init_array    0x0000000008008780        0x4 /opt/st/stm32cubeide_1.14.0/plugins/com.st.stm32cube.ide.mcu.externaltools.gnu-tools-for-stm32.11.3.rel1.linux64_1.1.100.202309141235/tools/bin/../lib/gcc/arm-none-eabi/11.3.1/thumb/v7e-m+fp/hard/crtbegin.o
                0x0000000008008784                PROVIDE (__init_array_end = .)
                0x0000000008008784                . = ALIGN (0x4)

.fini_array     0x0000000008008784        0x4
                0x0000000008008784                . = ALIGN (0x4)
                [!provide]                        PROVIDE (__fini_array_start = .)
 *(SORT_BY_NAME(.fini_array.*))
 *(.fini_array*)
 .fini_array    0x0000000008008784        0x4 /opt/st/stm32cubeide_1.14.0/plugins/com.st.stm32cube.ide.mcu.externaltools.gnu-tools-for-stm32.11.3.rel1.linux64_1.1.100.202309141235/tools/bin/../lib/gcc/arm-none-eabi/11.3.1/thumb/v7e-m+fp/hard/crtbegin.o
                [!provide]                        PROVIDE (__fini_array_end = .)
                0x0000000008008788                . = ALIGN (0x4)
                0x0000000008008788                _sidata = LOADADDR (.data)

.data           0x0000000020000000        0xc load address 0x0000000008008788
                0x0000000020000000                . = ALIGN (0x4)
                0x0000000020000000                _sdata = .
 *(.data)
 *(.data*)
 .data.SystemCoreClock
                0x0000000020000000        0x4 ./Core/Src/system_stm32f4xx.o
                0x0000000020000000                SystemCoreClock
 .data.uwTickPrio
                0x0000000020000004        0x4 ./Drivers/STM32F4xx_HAL_Driver/Src/stm32f4xx_hal.o
                0x0000000020000004                uwTickPrio
 .data.uwTickFreq
                0x0000000020000008        0x1 ./Drivers/STM32F4xx_HAL_Driver/Src/stm32f4xx_hal.o
                0x0000000020000008                uwTickFreq
 *(.RamFunc)
 *(.RamFunc*)
                0x000000002000000c                . = ALIGN (0x4)
 *fill*         0x0000000020000009        0x3 
                0x000000002000000c                _edata = .

.igot.plt       0x000000002000000c        0x0 load address 0x0000000008008794
 .igot.plt      0x000000002000000c        0x0 /opt/st/stm32cubeide_1.14.0/plugins/com.st.stm32cube.ide.mcu.externaltools.gnu-tools-for-stm32.11.3.rel1.linux64_1.1.100.202309141235/tools/bin/../lib/gcc/arm-none-eabi/11.3.1/thumb/v7e-m+fp/hard/crtbegin.o
                0x000000002000000c                . = ALIGN (0x4)

.bss            0x000000002000000c      0xa14 load address 0x0000000008008794
                0x000000002000000c                _sbss = .
                0x000000002000000c                __bss_start__ = _sbss
 *(.bss)
 .bss           0x000000002000000c       0x1c /opt/st/stm32cubeide_1.14.0/plugins/com.st.stm32cube.ide.mcu.externaltools.gnu-tools-for-stm32.11.3.rel1.linux64_1.1.100.202309141235/tools/bin/../lib/gcc/arm-none-eabi/11.3.1/thumb/v7e-m+fp/hard/crtbegin.o
 *(.bss*)
 .bss.hspi1     0x0000000020000028       0x58 ./Core/Src/MAX6675.o
                0x0000000020000028                hspi1
 .bss.hadc      0x0000000020000080       0x48 ./Core/Src/Voltage_Current.o
                0x0000000020000080                hadc
 .bss.huart_pc  0x00000000200000c8        0x4 ./Core/Src/communication_full.o
 .bss.rxbuf_get_pc
                0x00000000200000cc       0x13 ./Core/Src/communication_full.o
 *fill*         0x00000000200000df        0x1 
 .bss.huart_ctrl
                0x00000000200000e0        0x4 ./Core/Src/communication_full.o
 .bss.rxbuf_get_ctrl
                0x00000000200000e4       0x13 ./Core/Src/communication_full.o
 *fill*         0x00000000200000f7        0x1 
 .bss.rx_buf_command
                0x00000000200000f8       0x13 ./Core/Src/communication_full.o
 *fill*         0x000000002000010b        0x1 
 .bss.rx_buf_holder
                0x000000002000010c      0x12c ./Core/Src/communication_full.o
 .bss.id_holder
                0x0000000020000238        0x1 ./Core/Src/communication_full.o
 *fill*         0x0000000020000239        0x3 
 .bss.htim_loadcell
                0x000000002000023c        0x4 ./Core/Src/loadcell.o
 .bss.message_from_pc
                0x0000000020000240      0x1ea ./Core/Src/main.o
                0x0000000020000240                message_from_pc
 *fill*         0x000000002000042a        0x2 
 .bss.message_from_ctrl
                0x000000002000042c      0x1ea ./Core/Src/main.o
                0x000000002000042c                message_from_ctrl
 *fill*         0x0000000020000616        0x2 
 .bss.BNO055_Data
                0x0000000020000618        0xe ./Core/Src/main.o
                0x0000000020000618                BNO055_Data
 *fill*         0x0000000020000626        0x2 
 .bss.bno       0x0000000020000628       0xac ./Core/Src/main.o
                0x0000000020000628                bno
 .bss.err       0x00000000200006d4        0x1 ./Core/Src/main.o
                0x00000000200006d4                err
 .bss.temperature
                0x00000000200006d5        0x1 ./Core/Src/main.o
                0x00000000200006d5                temperature
 *fill*         0x00000000200006d6        0x2 
 .bss.eul       0x00000000200006d8        0xc ./Core/Src/main.o
                0x00000000200006d8                eul
 .bss.lia       0x00000000200006e4        0xc ./Core/Src/main.o
                0x00000000200006e4                lia
 .bss.hadc1     0x00000000200006f0       0x48 ./Core/Src/main.o
                0x00000000200006f0                hadc1
 .bss.hi2c1     0x0000000020000738       0x54 ./Core/Src/main.o
                0x0000000020000738                hi2c1
 .bss.htim1     0x000000002000078c       0x48 ./Core/Src/main.o
                0x000000002000078c                htim1
 .bss.htim2     0x00000000200007d4       0x48 ./Core/Src/main.o
                0x00000000200007d4                htim2
 .bss.huart1    0x000000002000081c       0x48 ./Core/Src/main.o
                0x000000002000081c                huart1
 .bss.huart2    0x0000000020000864       0x48 ./Core/Src/main.o
                0x0000000020000864                huart2
 .bss.huart6    0x00000000200008ac       0x48 ./Core/Src/main.o
                0x00000000200008ac                huart6
 .bss.hdma_usart1_rx
                0x00000000200008f4       0x60 ./Core/Src/main.o
                0x00000000200008f4                hdma_usart1_rx
 .bss.hdma_usart2_rx
                0x0000000020000954       0x60 ./Core/Src/main.o
                0x0000000020000954                hdma_usart2_rx
 .bss.hdma_usart6_rx
                0x00000000200009b4       0x60 ./Core/Src/main.o
                0x00000000200009b4                hdma_usart6_rx
 .bss.CurrentTick
                0x0000000020000a14        0x4 ./Core/Src/main.o
                0x0000000020000a14                CurrentTick
 .bss.SensorTick
                0x0000000020000a18        0x4 ./Core/Src/main.o
                0x0000000020000a18                SensorTick
 .bss.uwTick    0x0000000020000a1c        0x4 ./Drivers/STM32F4xx_HAL_Driver/Src/stm32f4xx_hal.o
                0x0000000020000a1c                uwTick
 *(COMMON)
                0x0000000020000a20                . = ALIGN (0x4)
                0x0000000020000a20                _ebss = .
                0x0000000020000a20                __bss_end__ = _ebss

._user_heap_stack
                0x0000000020000a20      0x600 load address 0x0000000008008794
                0x0000000020000a20                . = ALIGN (0x8)
                [!provide]                        PROVIDE (end = .)
                0x0000000020000a20                PROVIDE (_end = .)
                0x0000000020000c20                . = (. + _Min_Heap_Size)
 *fill*         0x0000000020000a20      0x200 
                0x0000000020001020                . = (. + _Min_Stack_Size)
 *fill*         0x0000000020000c20      0x400 
                0x0000000020001020                . = ALIGN (0x8)

/DISCARD/
 libc.a(*)
 libm.a(*)
 libgcc.a(*)

.ARM.attributes
                0x0000000000000000       0x30
 *(.ARM.attributes)
 .ARM.attributes
                0x0000000000000000       0x1e /opt/st/stm32cubeide_1.14.0/plugins/com.st.stm32cube.ide.mcu.externaltools.gnu-tools-for-stm32.11.3.rel1.linux64_1.1.100.202309141235/tools/bin/../lib/gcc/arm-none-eabi/11.3.1/thumb/v7e-m+fp/hard/crti.o
 .ARM.attributes
                0x000000000000001e       0x34 /opt/st/stm32cubeide_1.14.0/plugins/com.st.stm32cube.ide.mcu.externaltools.gnu-tools-for-stm32.11.3.rel1.linux64_1.1.100.202309141235/tools/bin/../lib/gcc/arm-none-eabi/11.3.1/thumb/v7e-m+fp/hard/crtbegin.o
 .ARM.attributes
                0x0000000000000052       0x34 ./Core/Src/MAX6675.o
 .ARM.attributes
                0x0000000000000086       0x34 ./Core/Src/Voltage_Current.o
 .ARM.attributes
                0x00000000000000ba       0x34 ./Core/Src/bno055.o
 .ARM.attributes
                0x00000000000000ee       0x34 ./Core/Src/communication_full.o
 .ARM.attributes
                0x0000000000000122       0x34 ./Core/Src/loadcell.o
 .ARM.attributes
                0x0000000000000156       0x34 ./Core/Src/main.o
 .ARM.attributes
                0x000000000000018a       0x34 ./Core/Src/stm32f4xx_hal_msp.o
 .ARM.attributes
                0x00000000000001be       0x34 ./Core/Src/stm32f4xx_it.o
 .ARM.attributes
                0x00000000000001f2       0x34 ./Core/Src/system_stm32f4xx.o
 .ARM.attributes
                0x0000000000000226       0x21 ./Core/Startup/startup_stm32f401ccux.o
 .ARM.attributes
                0x0000000000000247       0x34 ./Drivers/STM32F4xx_HAL_Driver/Src/stm32f4xx_hal.o
 .ARM.attributes
                0x000000000000027b       0x34 ./Drivers/STM32F4xx_HAL_Driver/Src/stm32f4xx_hal_adc.o
 .ARM.attributes
                0x00000000000002af       0x34 ./Drivers/STM32F4xx_HAL_Driver/Src/stm32f4xx_hal_cortex.o
 .ARM.attributes
                0x00000000000002e3       0x34 ./Drivers/STM32F4xx_HAL_Driver/Src/stm32f4xx_hal_dma.o
 .ARM.attributes
                0x0000000000000317       0x34 ./Drivers/STM32F4xx_HAL_Driver/Src/stm32f4xx_hal_gpio.o
 .ARM.attributes
                0x000000000000034b       0x34 ./Drivers/STM32F4xx_HAL_Driver/Src/stm32f4xx_hal_i2c.o
 .ARM.attributes
                0x000000000000037f       0x34 ./Drivers/STM32F4xx_HAL_Driver/Src/stm32f4xx_hal_rcc.o
 .ARM.attributes
                0x00000000000003b3       0x34 ./Drivers/STM32F4xx_HAL_Driver/Src/stm32f4xx_hal_spi.o
 .ARM.attributes
                0x00000000000003e7       0x34 ./Drivers/STM32F4xx_HAL_Driver/Src/stm32f4xx_hal_tim.o
 .ARM.attributes
                0x000000000000041b       0x34 ./Drivers/STM32F4xx_HAL_Driver/Src/stm32f4xx_hal_tim_ex.o
 .ARM.attributes
                0x000000000000044f       0x34 ./Drivers/STM32F4xx_HAL_Driver/Src/stm32f4xx_hal_uart.o
 .ARM.attributes
                0x0000000000000483       0x34 /opt/st/stm32cubeide_1.14.0/plugins/com.st.stm32cube.ide.mcu.externaltools.gnu-tools-for-stm32.11.3.rel1.linux64_1.1.100.202309141235/tools/bin/../lib/gcc/arm-none-eabi/11.3.1/../../../../arm-none-eabi/lib/thumb/v7e-m+fp/hard/libc_nano.a(libc_a-memset.o)
 .ARM.attributes
                0x00000000000004b7       0x34 /opt/st/stm32cubeide_1.14.0/plugins/com.st.stm32cube.ide.mcu.externaltools.gnu-tools-for-stm32.11.3.rel1.linux64_1.1.100.202309141235/tools/bin/../lib/gcc/arm-none-eabi/11.3.1/../../../../arm-none-eabi/lib/thumb/v7e-m+fp/hard/libc_nano.a(libc_a-init.o)
 .ARM.attributes
                0x00000000000004eb       0x34 /opt/st/stm32cubeide_1.14.0/plugins/com.st.stm32cube.ide.mcu.externaltools.gnu-tools-for-stm32.11.3.rel1.linux64_1.1.100.202309141235/tools/bin/../lib/gcc/arm-none-eabi/11.3.1/../../../../arm-none-eabi/lib/thumb/v7e-m+fp/hard/libc_nano.a(libc_a-memcpy-stub.o)
 .ARM.attributes
                0x000000000000051f       0x1e /opt/st/stm32cubeide_1.14.0/plugins/com.st.stm32cube.ide.mcu.externaltools.gnu-tools-for-stm32.11.3.rel1.linux64_1.1.100.202309141235/tools/bin/../lib/gcc/arm-none-eabi/11.3.1/thumb/v7e-m+fp/hard/libgcc.a(_aeabi_uldivmod.o)
 .ARM.attributes
                0x000000000000053d       0x34 /opt/st/stm32cubeide_1.14.0/plugins/com.st.stm32cube.ide.mcu.externaltools.gnu-tools-for-stm32.11.3.rel1.linux64_1.1.100.202309141235/tools/bin/../lib/gcc/arm-none-eabi/11.3.1/thumb/v7e-m+fp/hard/libgcc.a(_udivmoddi4.o)
 .ARM.attributes
                0x0000000000000571       0x1e /opt/st/stm32cubeide_1.14.0/plugins/com.st.stm32cube.ide.mcu.externaltools.gnu-tools-for-stm32.11.3.rel1.linux64_1.1.100.202309141235/tools/bin/../lib/gcc/arm-none-eabi/11.3.1/thumb/v7e-m+fp/hard/libgcc.a(_dvmd_tls.o)
 .ARM.attributes
                0x000000000000058f       0x1e /opt/st/stm32cubeide_1.14.0/plugins/com.st.stm32cube.ide.mcu.externaltools.gnu-tools-for-stm32.11.3.rel1.linux64_1.1.100.202309141235/tools/bin/../lib/gcc/arm-none-eabi/11.3.1/thumb/v7e-m+fp/hard/crtn.o
OUTPUT(AMR_Sensor_F401.elf elf32-littlearm)
LOAD linker stubs
LOAD /opt/st/stm32cubeide_1.14.0/plugins/com.st.stm32cube.ide.mcu.externaltools.gnu-tools-for-stm32.11.3.rel1.linux64_1.1.100.202309141235/tools/bin/../lib/gcc/arm-none-eabi/11.3.1/../../../../arm-none-eabi/lib/thumb/v7e-m+fp/hard/libc.a
LOAD /opt/st/stm32cubeide_1.14.0/plugins/com.st.stm32cube.ide.mcu.externaltools.gnu-tools-for-stm32.11.3.rel1.linux64_1.1.100.202309141235/tools/bin/../lib/gcc/arm-none-eabi/11.3.1/../../../../arm-none-eabi/lib/thumb/v7e-m+fp/hard/libm.a
LOAD /opt/st/stm32cubeide_1.14.0/plugins/com.st.stm32cube.ide.mcu.externaltools.gnu-tools-for-stm32.11.3.rel1.linux64_1.1.100.202309141235/tools/bin/../lib/gcc/arm-none-eabi/11.3.1/thumb/v7e-m+fp/hard/libgcc.a

.comment        0x0000000000000000       0x43
 .comment       0x0000000000000000       0x43 /opt/st/stm32cubeide_1.14.0/plugins/com.st.stm32cube.ide.mcu.externaltools.gnu-tools-for-stm32.11.3.rel1.linux64_1.1.100.202309141235/tools/bin/../lib/gcc/arm-none-eabi/11.3.1/thumb/v7e-m+fp/hard/crtbegin.o
                                         0x44 (size before relaxing)
 .comment       0x0000000000000043       0x44 ./Core/Src/MAX6675.o
 .comment       0x0000000000000043       0x44 ./Core/Src/Voltage_Current.o
 .comment       0x0000000000000043       0x44 ./Core/Src/bno055.o
 .comment       0x0000000000000043       0x44 ./Core/Src/communication_full.o
 .comment       0x0000000000000043       0x44 ./Core/Src/loadcell.o
 .comment       0x0000000000000043       0x44 ./Core/Src/main.o
 .comment       0x0000000000000043       0x44 ./Core/Src/stm32f4xx_hal_msp.o
 .comment       0x0000000000000043       0x44 ./Core/Src/stm32f4xx_it.o
 .comment       0x0000000000000043       0x44 ./Core/Src/system_stm32f4xx.o
 .comment       0x0000000000000043       0x44 ./Drivers/STM32F4xx_HAL_Driver/Src/stm32f4xx_hal.o
 .comment       0x0000000000000043       0x44 ./Drivers/STM32F4xx_HAL_Driver/Src/stm32f4xx_hal_adc.o
 .comment       0x0000000000000043       0x44 ./Drivers/STM32F4xx_HAL_Driver/Src/stm32f4xx_hal_cortex.o
 .comment       0x0000000000000043       0x44 ./Drivers/STM32F4xx_HAL_Driver/Src/stm32f4xx_hal_dma.o
 .comment       0x0000000000000043       0x44 ./Drivers/STM32F4xx_HAL_Driver/Src/stm32f4xx_hal_gpio.o
 .comment       0x0000000000000043       0x44 ./Drivers/STM32F4xx_HAL_Driver/Src/stm32f4xx_hal_i2c.o
 .comment       0x0000000000000043       0x44 ./Drivers/STM32F4xx_HAL_Driver/Src/stm32f4xx_hal_rcc.o
 .comment       0x0000000000000043       0x44 ./Drivers/STM32F4xx_HAL_Driver/Src/stm32f4xx_hal_spi.o
 .comment       0x0000000000000043       0x44 ./Drivers/STM32F4xx_HAL_Driver/Src/stm32f4xx_hal_tim.o
 .comment       0x0000000000000043       0x44 ./Drivers/STM32F4xx_HAL_Driver/Src/stm32f4xx_hal_tim_ex.o
 .comment       0x0000000000000043       0x44 ./Drivers/STM32F4xx_HAL_Driver/Src/stm32f4xx_hal_uart.o

.debug_info     0x0000000000000000    0x182e5
 .debug_info    0x0000000000000000      0x75b ./Core/Src/MAX6675.o
 .debug_info    0x000000000000075b      0x871 ./Core/Src/Voltage_Current.o
 .debug_info    0x0000000000000fcc     0x220e ./Core/Src/bno055.o
 .debug_info    0x00000000000031da     0x158e ./Core/Src/communication_full.o
 .debug_info    0x0000000000004768      0x916 ./Core/Src/loadcell.o
 .debug_info    0x000000000000507e     0x2ef4 ./Core/Src/main.o
 .debug_info    0x0000000000007f72     0x1716 ./Core/Src/stm32f4xx_hal_msp.o
 .debug_info    0x0000000000009688      0x3f1 ./Core/Src/stm32f4xx_it.o
 .debug_info    0x0000000000009a79      0x53e ./Core/Src/system_stm32f4xx.o
 .debug_info    0x0000000000009fb7       0x23 ./Core/Startup/startup_stm32f401ccux.o
 .debug_info    0x0000000000009fda      0x8bb ./Drivers/STM32F4xx_HAL_Driver/Src/stm32f4xx_hal.o
 .debug_info    0x000000000000a895      0xcd1 ./Drivers/STM32F4xx_HAL_Driver/Src/stm32f4xx_hal_adc.o
 .debug_info    0x000000000000b566      0xcc1 ./Drivers/STM32F4xx_HAL_Driver/Src/stm32f4xx_hal_cortex.o
 .debug_info    0x000000000000c227      0x8e6 ./Drivers/STM32F4xx_HAL_Driver/Src/stm32f4xx_hal_dma.o
 .debug_info    0x000000000000cb0d      0x6f9 ./Drivers/STM32F4xx_HAL_Driver/Src/stm32f4xx_hal_gpio.o
 .debug_info    0x000000000000d206     0x2426 ./Drivers/STM32F4xx_HAL_Driver/Src/stm32f4xx_hal_i2c.o
 .debug_info    0x000000000000f62c      0x8f3 ./Drivers/STM32F4xx_HAL_Driver/Src/stm32f4xx_hal_rcc.o
 .debug_info    0x000000000000ff1f     0x1606 ./Drivers/STM32F4xx_HAL_Driver/Src/stm32f4xx_hal_spi.o
 .debug_info    0x0000000000011525     0x2996 ./Drivers/STM32F4xx_HAL_Driver/Src/stm32f4xx_hal_tim.o
 .debug_info    0x0000000000013ebb     0x14d4 ./Drivers/STM32F4xx_HAL_Driver/Src/stm32f4xx_hal_tim_ex.o
 .debug_info    0x000000000001538f     0x2f56 ./Drivers/STM32F4xx_HAL_Driver/Src/stm32f4xx_hal_uart.o

.debug_abbrev   0x0000000000000000     0x2f72
 .debug_abbrev  0x0000000000000000      0x1a3 ./Core/Src/MAX6675.o
 .debug_abbrev  0x00000000000001a3      0x198 ./Core/Src/Voltage_Current.o
 .debug_abbrev  0x000000000000033b      0x2d6 ./Core/Src/bno055.o
 .debug_abbrev  0x0000000000000611      0x34d ./Core/Src/communication_full.o
 .debug_abbrev  0x000000000000095e      0x21e ./Core/Src/loadcell.o
 .debug_abbrev  0x0000000000000b7c      0x390 ./Core/Src/main.o
 .debug_abbrev  0x0000000000000f0c      0x25e ./Core/Src/stm32f4xx_hal_msp.o
 .debug_abbrev  0x000000000000116a      0x13a ./Core/Src/stm32f4xx_it.o
 .debug_abbrev  0x00000000000012a4      0x11a ./Core/Src/system_stm32f4xx.o
 .debug_abbrev  0x00000000000013be       0x12 ./Core/Startup/startup_stm32f401ccux.o
 .debug_abbrev  0x00000000000013d0      0x24b ./Drivers/STM32F4xx_HAL_Driver/Src/stm32f4xx_hal.o
 .debug_abbrev  0x000000000000161b      0x20e ./Drivers/STM32F4xx_HAL_Driver/Src/stm32f4xx_hal_adc.o
 .debug_abbrev  0x0000000000001829      0x328 ./Drivers/STM32F4xx_HAL_Driver/Src/stm32f4xx_hal_cortex.o
 .debug_abbrev  0x0000000000001b51      0x221 ./Drivers/STM32F4xx_HAL_Driver/Src/stm32f4xx_hal_dma.o
 .debug_abbrev  0x0000000000001d72      0x1d3 ./Drivers/STM32F4xx_HAL_Driver/Src/stm32f4xx_hal_gpio.o
 .debug_abbrev  0x0000000000001f45      0x2bc ./Drivers/STM32F4xx_HAL_Driver/Src/stm32f4xx_hal_i2c.o
 .debug_abbrev  0x0000000000002201      0x2b5 ./Drivers/STM32F4xx_HAL_Driver/Src/stm32f4xx_hal_rcc.o
 .debug_abbrev  0x00000000000024b6      0x280 ./Drivers/STM32F4xx_HAL_Driver/Src/stm32f4xx_hal_spi.o
 .debug_abbrev  0x0000000000002736      0x28b ./Drivers/STM32F4xx_HAL_Driver/Src/stm32f4xx_hal_tim.o
 .debug_abbrev  0x00000000000029c1      0x296 ./Drivers/STM32F4xx_HAL_Driver/Src/stm32f4xx_hal_tim_ex.o
 .debug_abbrev  0x0000000000002c57      0x31b ./Drivers/STM32F4xx_HAL_Driver/Src/stm32f4xx_hal_uart.o

.debug_aranges  0x0000000000000000     0x14f0
 .debug_aranges
                0x0000000000000000       0x20 ./Core/Src/MAX6675.o
 .debug_aranges
                0x0000000000000020       0x50 ./Core/Src/Voltage_Current.o
 .debug_aranges
                0x0000000000000070      0x180 ./Core/Src/bno055.o
 .debug_aranges
                0x00000000000001f0       0xe8 ./Core/Src/communication_full.o
 .debug_aranges
                0x00000000000002d8       0x38 ./Core/Src/loadcell.o
 .debug_aranges
                0x0000000000000310       0x88 ./Core/Src/main.o
 .debug_aranges
                0x0000000000000398       0x70 ./Core/Src/stm32f4xx_hal_msp.o
 .debug_aranges
                0x0000000000000408       0x78 ./Core/Src/stm32f4xx_it.o
 .debug_aranges
                0x0000000000000480       0x28 ./Core/Src/system_stm32f4xx.o
 .debug_aranges
                0x00000000000004a8       0x28 ./Core/Startup/startup_stm32f401ccux.o
 .debug_aranges
                0x00000000000004d0       0xf0 ./Drivers/STM32F4xx_HAL_Driver/Src/stm32f4xx_hal.o
 .debug_aranges
                0x00000000000005c0       0xe8 ./Drivers/STM32F4xx_HAL_Driver/Src/stm32f4xx_hal_adc.o
 .debug_aranges
                0x00000000000006a8      0x120 ./Drivers/STM32F4xx_HAL_Driver/Src/stm32f4xx_hal_cortex.o
 .debug_aranges
                0x00000000000007c8       0x90 ./Drivers/STM32F4xx_HAL_Driver/Src/stm32f4xx_hal_dma.o
 .debug_aranges
                0x0000000000000858       0x58 ./Drivers/STM32F4xx_HAL_Driver/Src/stm32f4xx_hal_gpio.o
 .debug_aranges
                0x00000000000008b0      0x2a8 ./Drivers/STM32F4xx_HAL_Driver/Src/stm32f4xx_hal_i2c.o
 .debug_aranges
                0x0000000000000b58       0x88 ./Drivers/STM32F4xx_HAL_Driver/Src/stm32f4xx_hal_rcc.o
 .debug_aranges
                0x0000000000000be0      0x1d0 ./Drivers/STM32F4xx_HAL_Driver/Src/stm32f4xx_hal_spi.o
 .debug_aranges
                0x0000000000000db0      0x3d0 ./Drivers/STM32F4xx_HAL_Driver/Src/stm32f4xx_hal_tim.o
 .debug_aranges
                0x0000000000001180      0x168 ./Drivers/STM32F4xx_HAL_Driver/Src/stm32f4xx_hal_tim_ex.o
 .debug_aranges
                0x00000000000012e8      0x208 ./Drivers/STM32F4xx_HAL_Driver/Src/stm32f4xx_hal_uart.o

.debug_rnglists
                0x0000000000000000     0x109a
 .debug_rnglists
                0x0000000000000000       0x14 ./Core/Src/MAX6675.o
 .debug_rnglists
                0x0000000000000014       0x39 ./Core/Src/Voltage_Current.o
 .debug_rnglists
                0x000000000000004d      0x139 ./Core/Src/bno055.o
 .debug_rnglists
                0x0000000000000186       0xb8 ./Core/Src/communication_full.o
 .debug_rnglists
                0x000000000000023e       0x27 ./Core/Src/loadcell.o
 .debug_rnglists
                0x0000000000000265       0x66 ./Core/Src/main.o
 .debug_rnglists
                0x00000000000002cb       0x54 ./Core/Src/stm32f4xx_hal_msp.o
 .debug_rnglists
                0x000000000000031f       0x55 ./Core/Src/stm32f4xx_it.o
 .debug_rnglists
                0x0000000000000374       0x1a ./Core/Src/system_stm32f4xx.o
 .debug_rnglists
                0x000000000000038e       0x19 ./Core/Startup/startup_stm32f401ccux.o
 .debug_rnglists
                0x00000000000003a7       0xaf ./Drivers/STM32F4xx_HAL_Driver/Src/stm32f4xx_hal.o
 .debug_rnglists
                0x0000000000000456       0xb5 ./Drivers/STM32F4xx_HAL_Driver/Src/stm32f4xx_hal_adc.o
 .debug_rnglists
                0x000000000000050b       0xd4 ./Drivers/STM32F4xx_HAL_Driver/Src/stm32f4xx_hal_cortex.o
 .debug_rnglists
                0x00000000000005df       0x70 ./Drivers/STM32F4xx_HAL_Driver/Src/stm32f4xx_hal_dma.o
 .debug_rnglists
                0x000000000000064f       0x3f ./Drivers/STM32F4xx_HAL_Driver/Src/stm32f4xx_hal_gpio.o
 .debug_rnglists
                0x000000000000068e      0x23c ./Drivers/STM32F4xx_HAL_Driver/Src/stm32f4xx_hal_i2c.o
 .debug_rnglists
                0x00000000000008ca       0x66 ./Drivers/STM32F4xx_HAL_Driver/Src/stm32f4xx_hal_rcc.o
 .debug_rnglists
                0x0000000000000930      0x16f ./Drivers/STM32F4xx_HAL_Driver/Src/stm32f4xx_hal_spi.o
 .debug_rnglists
                0x0000000000000a9f      0x31a ./Drivers/STM32F4xx_HAL_Driver/Src/stm32f4xx_hal_tim.o
 .debug_rnglists
                0x0000000000000db9      0x125 ./Drivers/STM32F4xx_HAL_Driver/Src/stm32f4xx_hal_tim_ex.o
 .debug_rnglists
                0x0000000000000ede      0x1bc ./Drivers/STM32F4xx_HAL_Driver/Src/stm32f4xx_hal_uart.o

.debug_macro    0x0000000000000000     0x390e
 .debug_macro   0x0000000000000000      0x237 ./Core/Src/MAX6675.o
 .debug_macro   0x0000000000000237       0x10 ./Core/Src/MAX6675.o
 .debug_macro   0x0000000000000247      0x2dd ./Core/Src/Voltage_Current.o
 .debug_macro   0x0000000000000524      0x34e ./Core/Src/bno055.o
 .debug_macro   0x0000000000000872       0x16 ./Core/Src/bno055.o
 .debug_macro   0x0000000000000888       0x97 ./Core/Src/bno055.o
 .debug_macro   0x000000000000091f       0xfd ./Core/Src/bno055.o
 .debug_macro   0x0000000000000a1c       0x10 ./Core/Src/bno055.o
 .debug_macro   0x0000000000000a2c       0x16 ./Core/Src/bno055.o
 .debug_macro   0x0000000000000a42       0x16 ./Core/Src/bno055.o
 .debug_macro   0x0000000000000a58      0x147 ./Core/Src/bno055.o
 .debug_macro   0x0000000000000b9f       0x56 ./Core/Src/bno055.o
 .debug_macro   0x0000000000000bf5       0x16 ./Core/Src/bno055.o
 .debug_macro   0x0000000000000c0b       0x35 ./Core/Src/bno055.o
 .debug_macro   0x0000000000000c40       0x16 ./Core/Src/bno055.o
 .debug_macro   0x0000000000000c56       0x29 ./Core/Src/bno055.o
 .debug_macro   0x0000000000000c7f       0x9a ./Core/Src/bno055.o
 .debug_macro   0x0000000000000d19      0x2f3 ./Core/Src/bno055.o
 .debug_macro   0x000000000000100c      0x37f ./Core/Src/communication_full.o
 .debug_macro   0x000000000000138b       0x16 ./Core/Src/communication_full.o
 .debug_macro   0x00000000000013a1      0x237 ./Core/Src/loadcell.o
 .debug_macro   0x00000000000015d8       0x1c ./Core/Src/loadcell.o
 .debug_macro   0x00000000000015f4      0x404 ./Core/Src/main.o
 .debug_macro   0x00000000000019f8       0x16 ./Core/Src/main.o
 .debug_macro   0x0000000000001a0e       0x10 ./Core/Src/main.o
 .debug_macro   0x0000000000001a1e       0x20 ./Core/Src/main.o
 .debug_macro   0x0000000000001a3e       0x1c ./Core/Src/main.o
 .debug_macro   0x0000000000001a5a       0x1c ./Core/Src/main.o
 .debug_macro   0x0000000000001a76       0x22 ./Core/Src/main.o
 .debug_macro   0x0000000000001a98      0x228 ./Core/Src/stm32f4xx_hal_msp.o
 .debug_macro   0x0000000000001cc0      0x232 ./Core/Src/stm32f4xx_it.o
 .debug_macro   0x0000000000001ef2      0x219 ./Core/Src/system_stm32f4xx.o
 .debug_macro   0x000000000000210b      0x279 ./Drivers/STM32F4xx_HAL_Driver/Src/stm32f4xx_hal.o
 .debug_macro   0x0000000000002384      0x21a ./Drivers/STM32F4xx_HAL_Driver/Src/stm32f4xx_hal_adc.o
 .debug_macro   0x000000000000259e      0x219 ./Drivers/STM32F4xx_HAL_Driver/Src/stm32f4xx_hal_cortex.o
 .debug_macro   0x00000000000027b7      0x21f ./Drivers/STM32F4xx_HAL_Driver/Src/stm32f4xx_hal_dma.o
 .debug_macro   0x00000000000029d6      0x21f ./Drivers/STM32F4xx_HAL_Driver/Src/stm32f4xx_hal_gpio.o
 .debug_macro   0x0000000000002bf5      0x267 ./Drivers/STM32F4xx_HAL_Driver/Src/stm32f4xx_hal_i2c.o
 .debug_macro   0x0000000000002e5c      0x23d ./Drivers/STM32F4xx_HAL_Driver/Src/stm32f4xx_hal_rcc.o
 .debug_macro   0x0000000000003099      0x228 ./Drivers/STM32F4xx_HAL_Driver/Src/stm32f4xx_hal_spi.o
 .debug_macro   0x00000000000032c1      0x21a ./Drivers/STM32F4xx_HAL_Driver/Src/stm32f4xx_hal_tim.o
 .debug_macro   0x00000000000034db      0x219 ./Drivers/STM32F4xx_HAL_Driver/Src/stm32f4xx_hal_tim_ex.o
 .debug_macro   0x00000000000036f4      0x21a ./Drivers/STM32F4xx_HAL_Driver/Src/stm32f4xx_hal_uart.o

.debug_line     0x0000000000000000    0x19a5e
 .debug_line    0x0000000000000000      0x757 ./Core/Src/MAX6675.o
 .debug_line    0x0000000000000757      0x976 ./Core/Src/Voltage_Current.o
 .debug_line    0x00000000000010cd     0x165f ./Core/Src/bno055.o
 .debug_line    0x000000000000272c     0x24cf ./Core/Src/communication_full.o
 .debug_line    0x0000000000004bfb      0x80c ./Core/Src/loadcell.o
 .debug_line    0x0000000000005407      0xc93 ./Core/Src/main.o
 .debug_line    0x000000000000609a      0x985 ./Core/Src/stm32f4xx_hal_msp.o
 .debug_line    0x0000000000006a1f      0x82d ./Core/Src/stm32f4xx_it.o
 .debug_line    0x000000000000724c      0x7a4 ./Core/Src/system_stm32f4xx.o
 .debug_line    0x00000000000079f0       0x7a ./Core/Startup/startup_stm32f401ccux.o
 .debug_line    0x0000000000007a6a      0xa0a ./Drivers/STM32F4xx_HAL_Driver/Src/stm32f4xx_hal.o
 .debug_line    0x0000000000008474     0x11be ./Drivers/STM32F4xx_HAL_Driver/Src/stm32f4xx_hal_adc.o
 .debug_line    0x0000000000009632      0xcd6 ./Drivers/STM32F4xx_HAL_Driver/Src/stm32f4xx_hal_cortex.o
 .debug_line    0x000000000000a308      0xf6e ./Drivers/STM32F4xx_HAL_Driver/Src/stm32f4xx_hal_dma.o
 .debug_line    0x000000000000b276      0xb42 ./Drivers/STM32F4xx_HAL_Driver/Src/stm32f4xx_hal_gpio.o
 .debug_line    0x000000000000bdb8     0x3a6c ./Drivers/STM32F4xx_HAL_Driver/Src/stm32f4xx_hal_i2c.o
 .debug_line    0x000000000000f824      0xd81 ./Drivers/STM32F4xx_HAL_Driver/Src/stm32f4xx_hal_rcc.o
 .debug_line    0x00000000000105a5     0x1ce1 ./Drivers/STM32F4xx_HAL_Driver/Src/stm32f4xx_hal_spi.o
 .debug_line    0x0000000000012286     0x3570 ./Drivers/STM32F4xx_HAL_Driver/Src/stm32f4xx_hal_tim.o
 .debug_line    0x00000000000157f6     0x19a1 ./Drivers/STM32F4xx_HAL_Driver/Src/stm32f4xx_hal_tim_ex.o
 .debug_line    0x0000000000017197     0x28c7 ./Drivers/STM32F4xx_HAL_Driver/Src/stm32f4xx_hal_uart.o

.debug_str      0x0000000000000000    0x9fdd6
 .debug_str     0x0000000000000000    0x94d58 ./Core/Src/MAX6675.o
                                      0x95053 (size before relaxing)
 .debug_str     0x0000000000094d58     0x3c0b ./Core/Src/Voltage_Current.o
                                      0x989e3 (size before relaxing)
 .debug_str     0x0000000000098963     0x2239 ./Core/Src/bno055.o
                                      0x9a323 (size before relaxing)
 .debug_str     0x000000000009ab9c      0x65a ./Core/Src/communication_full.o
                                      0x998cc (size before relaxing)
 .debug_str     0x000000000009b1f6      0x3b0 ./Core/Src/loadcell.o
                                      0x9521f (size before relaxing)
 .debug_str     0x000000000009b5a6      0xb34 ./Core/Src/main.o
                                      0x9b66c (size before relaxing)
 .debug_str     0x000000000009c0da      0x11d ./Core/Src/stm32f4xx_hal_msp.o
                                      0x95ac5 (size before relaxing)
 .debug_str     0x000000000009c1f7      0x124 ./Core/Src/stm32f4xx_it.o
                                      0x94e6d (size before relaxing)
 .debug_str     0x000000000009c31b       0xdb ./Core/Src/system_stm32f4xx.o
                                      0x94a7d (size before relaxing)
 .debug_str     0x000000000009c3f6       0x34 ./Core/Startup/startup_stm32f401ccux.o
                                         0x7c (size before relaxing)
 .debug_str     0x000000000009c42a      0x5f7 ./Drivers/STM32F4xx_HAL_Driver/Src/stm32f4xx_hal.o
                                      0x9549f (size before relaxing)
 .debug_str     0x000000000009ca21      0x269 ./Drivers/STM32F4xx_HAL_Driver/Src/stm32f4xx_hal_adc.o
                                      0x95058 (size before relaxing)
 .debug_str     0x000000000009cc8a      0x33d ./Drivers/STM32F4xx_HAL_Driver/Src/stm32f4xx_hal_cortex.o
                                      0x951d7 (size before relaxing)
 .debug_str     0x000000000009cfc7      0x2c2 ./Drivers/STM32F4xx_HAL_Driver/Src/stm32f4xx_hal_dma.o
                                      0x94e85 (size before relaxing)
 .debug_str     0x000000000009d289      0x110 ./Drivers/STM32F4xx_HAL_Driver/Src/stm32f4xx_hal_gpio.o
                                      0x94bf8 (size before relaxing)
 .debug_str     0x000000000009d399      0xac8 ./Drivers/STM32F4xx_HAL_Driver/Src/stm32f4xx_hal_i2c.o
                                      0x95a8e (size before relaxing)
 .debug_str     0x000000000009de61      0x213 ./Drivers/STM32F4xx_HAL_Driver/Src/stm32f4xx_hal_rcc.o
                                      0x94eb1 (size before relaxing)
 .debug_str     0x000000000009e074      0x542 ./Drivers/STM32F4xx_HAL_Driver/Src/stm32f4xx_hal_spi.o
                                      0x9532f (size before relaxing)
 .debug_str     0x000000000009e5b6      0xdc9 ./Drivers/STM32F4xx_HAL_Driver/Src/stm32f4xx_hal_tim.o
                                      0x95df5 (size before relaxing)
 .debug_str     0x000000000009f37f      0x493 ./Drivers/STM32F4xx_HAL_Driver/Src/stm32f4xx_hal_tim_ex.o
                                      0x95601 (size before relaxing)
 .debug_str     0x000000000009f812      0x5c4 ./Drivers/STM32F4xx_HAL_Driver/Src/stm32f4xx_hal_uart.o
                                      0x95480 (size before relaxing)

.debug_frame    0x0000000000000000     0x5ab4
 .debug_frame   0x0000000000000000       0x34 ./Core/Src/MAX6675.o
 .debug_frame   0x0000000000000034      0x114 ./Core/Src/Voltage_Current.o
 .debug_frame   0x0000000000000148      0x72c ./Core/Src/bno055.o
 .debug_frame   0x0000000000000874      0x3f8 ./Core/Src/communication_full.o
 .debug_frame   0x0000000000000c6c       0xa4 ./Core/Src/loadcell.o
 .debug_frame   0x0000000000000d10      0x1cc ./Core/Src/main.o
 .debug_frame   0x0000000000000edc      0x1ac ./Core/Src/stm32f4xx_hal_msp.o
 .debug_frame   0x0000000000001088      0x158 ./Core/Src/stm32f4xx_it.o
 .debug_frame   0x00000000000011e0       0x58 ./Core/Src/system_stm32f4xx.o
 .debug_frame   0x0000000000001238      0x374 ./Drivers/STM32F4xx_HAL_Driver/Src/stm32f4xx_hal.o
 .debug_frame   0x00000000000015ac      0x3fc ./Drivers/STM32F4xx_HAL_Driver/Src/stm32f4xx_hal_adc.o
 .debug_frame   0x00000000000019a8      0x4b8 ./Drivers/STM32F4xx_HAL_Driver/Src/stm32f4xx_hal_cortex.o
 .debug_frame   0x0000000000001e60      0x250 ./Drivers/STM32F4xx_HAL_Driver/Src/stm32f4xx_hal_dma.o
 .debug_frame   0x00000000000020b0      0x14c ./Drivers/STM32F4xx_HAL_Driver/Src/stm32f4xx_hal_gpio.o
 .debug_frame   0x00000000000021fc      0xc84 ./Drivers/STM32F4xx_HAL_Driver/Src/stm32f4xx_hal_i2c.o
 .debug_frame   0x0000000000002e80      0x1f4 ./Drivers/STM32F4xx_HAL_Driver/Src/stm32f4xx_hal_rcc.o
 .debug_frame   0x0000000000003074      0x828 ./Drivers/STM32F4xx_HAL_Driver/Src/stm32f4xx_hal_spi.o
 .debug_frame   0x000000000000389c     0x11b8 ./Drivers/STM32F4xx_HAL_Driver/Src/stm32f4xx_hal_tim.o
 .debug_frame   0x0000000000004a54      0x638 ./Drivers/STM32F4xx_HAL_Driver/Src/stm32f4xx_hal_tim_ex.o
 .debug_frame   0x000000000000508c      0x954 ./Drivers/STM32F4xx_HAL_Driver/Src/stm32f4xx_hal_uart.o
 .debug_frame   0x00000000000059e0       0x20 /opt/st/stm32cubeide_1.14.0/plugins/com.st.stm32cube.ide.mcu.externaltools.gnu-tools-for-stm32.11.3.rel1.linux64_1.1.100.202309141235/tools/bin/../lib/gcc/arm-none-eabi/11.3.1/../../../../arm-none-eabi/lib/thumb/v7e-m+fp/hard/libc_nano.a(libc_a-memset.o)
 .debug_frame   0x0000000000005a00       0x2c /opt/st/stm32cubeide_1.14.0/plugins/com.st.stm32cube.ide.mcu.externaltools.gnu-tools-for-stm32.11.3.rel1.linux64_1.1.100.202309141235/tools/bin/../lib/gcc/arm-none-eabi/11.3.1/../../../../arm-none-eabi/lib/thumb/v7e-m+fp/hard/libc_nano.a(libc_a-init.o)
 .debug_frame   0x0000000000005a2c       0x28 /opt/st/stm32cubeide_1.14.0/plugins/com.st.stm32cube.ide.mcu.externaltools.gnu-tools-for-stm32.11.3.rel1.linux64_1.1.100.202309141235/tools/bin/../lib/gcc/arm-none-eabi/11.3.1/../../../../arm-none-eabi/lib/thumb/v7e-m+fp/hard/libc_nano.a(libc_a-memcpy-stub.o)
 .debug_frame   0x0000000000005a54       0x2c /opt/st/stm32cubeide_1.14.0/plugins/com.st.stm32cube.ide.mcu.externaltools.gnu-tools-for-stm32.11.3.rel1.linux64_1.1.100.202309141235/tools/bin/../lib/gcc/arm-none-eabi/11.3.1/thumb/v7e-m+fp/hard/libgcc.a(_aeabi_uldivmod.o)
 .debug_frame   0x0000000000005a80       0x34 /opt/st/stm32cubeide_1.14.0/plugins/com.st.stm32cube.ide.mcu.externaltools.gnu-tools-for-stm32.11.3.rel1.linux64_1.1.100.202309141235/tools/bin/../lib/gcc/arm-none-eabi/11.3.1/thumb/v7e-m+fp/hard/libgcc.a(_udivmoddi4.o)

.debug_line_str
                0x0000000000000000       0x70
 .debug_line_str
                0x0000000000000000       0x70 ./Core/Startup/startup_stm32f401ccux.o
                                         0x88 (size before relaxing)
