../Core/Src/Motor.c:15:6:agv_run_motor	8	static
../Core/Src/Motor.c:88:6:agv_stop	8	static
../Core/Src/Motor.c:93:6:agv_stop_all	64	static
../Core/Src/Motor.c:100:6:agv_reset_all	64	static
../Core/Src/Motor.c:107:6:agv_encoder_start	8	static
../Core/Src/Motor.c:115:6:agv_forward_kinematic	48	static
../Core/Src/Motor.c:120:8:agv_kinematic_Sx	72	static
../Core/Src/Motor.c:124:8:agv_kinematic_Sy	56	static
../Core/Src/Motor.c:128:8:agv_kinematic_St	48	static
../Core/Src/Motor.c:135:6:agv_inverse_kinematic	328	static
../Core/Src/Motor.c:147:6:agv_inverse_kinematic_basic	296	static
../Core/Src/Motor.c:159:8:agv_calculate_encoder	24	static
../Core/Src/Motor.c:165:6:agv_speed_to_pwm	72	static
