Archive member included to satisfy reference by file (symbol)

/opt/st/stm32cubeide_1.14.0/plugins/com.st.stm32cube.ide.mcu.externaltools.gnu-tools-for-stm32.11.3.rel1.linux64_1.1.100.202309141235/tools/bin/../lib/gcc/arm-none-eabi/11.3.1/../../../../arm-none-eabi/lib/thumb/v7e-m+fp/hard/libc_nano.a(libc_a-exit.o)
                              /opt/st/stm32cubeide_1.14.0/plugins/com.st.stm32cube.ide.mcu.externaltools.gnu-tools-for-stm32.11.3.rel1.linux64_1.1.100.202309141235/tools/bin/../lib/gcc/arm-none-eabi/11.3.1/../../../../arm-none-eabi/lib/thumb/v7e-m+fp/hard/crt0.o (exit)
/opt/st/stm32cubeide_1.14.0/plugins/com.st.stm32cube.ide.mcu.externaltools.gnu-tools-for-stm32.11.3.rel1.linux64_1.1.100.202309141235/tools/bin/../lib/gcc/arm-none-eabi/11.3.1/../../../../arm-none-eabi/lib/thumb/v7e-m+fp/hard/libc_nano.a(libc_a-findfp.o)
                              /opt/st/stm32cubeide_1.14.0/plugins/com.st.stm32cube.ide.mcu.externaltools.gnu-tools-for-stm32.11.3.rel1.linux64_1.1.100.202309141235/tools/bin/../lib/gcc/arm-none-eabi/11.3.1/../../../../arm-none-eabi/lib/thumb/v7e-m+fp/hard/libc_nano.a(libc_a-exit.o) (__stdio_exit_handler)
/opt/st/stm32cubeide_1.14.0/plugins/com.st.stm32cube.ide.mcu.externaltools.gnu-tools-for-stm32.11.3.rel1.linux64_1.1.100.202309141235/tools/bin/../lib/gcc/arm-none-eabi/11.3.1/../../../../arm-none-eabi/lib/thumb/v7e-m+fp/hard/libc_nano.a(libc_a-fwalk.o)
                              /opt/st/stm32cubeide_1.14.0/plugins/com.st.stm32cube.ide.mcu.externaltools.gnu-tools-for-stm32.11.3.rel1.linux64_1.1.100.202309141235/tools/bin/../lib/gcc/arm-none-eabi/11.3.1/../../../../arm-none-eabi/lib/thumb/v7e-m+fp/hard/libc_nano.a(libc_a-findfp.o) (_fwalk_sglue)
/opt/st/stm32cubeide_1.14.0/plugins/com.st.stm32cube.ide.mcu.externaltools.gnu-tools-for-stm32.11.3.rel1.linux64_1.1.100.202309141235/tools/bin/../lib/gcc/arm-none-eabi/11.3.1/../../../../arm-none-eabi/lib/thumb/v7e-m+fp/hard/libc_nano.a(libc_a-stdio.o)
                              /opt/st/stm32cubeide_1.14.0/plugins/com.st.stm32cube.ide.mcu.externaltools.gnu-tools-for-stm32.11.3.rel1.linux64_1.1.100.202309141235/tools/bin/../lib/gcc/arm-none-eabi/11.3.1/../../../../arm-none-eabi/lib/thumb/v7e-m+fp/hard/libc_nano.a(libc_a-findfp.o) (__sread)
/opt/st/stm32cubeide_1.14.0/plugins/com.st.stm32cube.ide.mcu.externaltools.gnu-tools-for-stm32.11.3.rel1.linux64_1.1.100.202309141235/tools/bin/../lib/gcc/arm-none-eabi/11.3.1/../../../../arm-none-eabi/lib/thumb/v7e-m+fp/hard/libc_nano.a(libc_a-memset.o)
                              /opt/st/stm32cubeide_1.14.0/plugins/com.st.stm32cube.ide.mcu.externaltools.gnu-tools-for-stm32.11.3.rel1.linux64_1.1.100.202309141235/tools/bin/../lib/gcc/arm-none-eabi/11.3.1/../../../../arm-none-eabi/lib/thumb/v7e-m+fp/hard/crt0.o (memset)
/opt/st/stm32cubeide_1.14.0/plugins/com.st.stm32cube.ide.mcu.externaltools.gnu-tools-for-stm32.11.3.rel1.linux64_1.1.100.202309141235/tools/bin/../lib/gcc/arm-none-eabi/11.3.1/../../../../arm-none-eabi/lib/thumb/v7e-m+fp/hard/libc_nano.a(libc_a-closer.o)
                              /opt/st/stm32cubeide_1.14.0/plugins/com.st.stm32cube.ide.mcu.externaltools.gnu-tools-for-stm32.11.3.rel1.linux64_1.1.100.202309141235/tools/bin/../lib/gcc/arm-none-eabi/11.3.1/../../../../arm-none-eabi/lib/thumb/v7e-m+fp/hard/libc_nano.a(libc_a-stdio.o) (_close_r)
/opt/st/stm32cubeide_1.14.0/plugins/com.st.stm32cube.ide.mcu.externaltools.gnu-tools-for-stm32.11.3.rel1.linux64_1.1.100.202309141235/tools/bin/../lib/gcc/arm-none-eabi/11.3.1/../../../../arm-none-eabi/lib/thumb/v7e-m+fp/hard/libc_nano.a(libc_a-reent.o)
                              /opt/st/stm32cubeide_1.14.0/plugins/com.st.stm32cube.ide.mcu.externaltools.gnu-tools-for-stm32.11.3.rel1.linux64_1.1.100.202309141235/tools/bin/../lib/gcc/arm-none-eabi/11.3.1/../../../../arm-none-eabi/lib/thumb/v7e-m+fp/hard/libc_nano.a(libc_a-closer.o) (errno)
/opt/st/stm32cubeide_1.14.0/plugins/com.st.stm32cube.ide.mcu.externaltools.gnu-tools-for-stm32.11.3.rel1.linux64_1.1.100.202309141235/tools/bin/../lib/gcc/arm-none-eabi/11.3.1/../../../../arm-none-eabi/lib/thumb/v7e-m+fp/hard/libc_nano.a(libc_a-impure.o)
                              /opt/st/stm32cubeide_1.14.0/plugins/com.st.stm32cube.ide.mcu.externaltools.gnu-tools-for-stm32.11.3.rel1.linux64_1.1.100.202309141235/tools/bin/../lib/gcc/arm-none-eabi/11.3.1/../../../../arm-none-eabi/lib/thumb/v7e-m+fp/hard/libc_nano.a(libc_a-reent.o) (_impure_ptr)
/opt/st/stm32cubeide_1.14.0/plugins/com.st.stm32cube.ide.mcu.externaltools.gnu-tools-for-stm32.11.3.rel1.linux64_1.1.100.202309141235/tools/bin/../lib/gcc/arm-none-eabi/11.3.1/../../../../arm-none-eabi/lib/thumb/v7e-m+fp/hard/libc_nano.a(libc_a-lseekr.o)
                              /opt/st/stm32cubeide_1.14.0/plugins/com.st.stm32cube.ide.mcu.externaltools.gnu-tools-for-stm32.11.3.rel1.linux64_1.1.100.202309141235/tools/bin/../lib/gcc/arm-none-eabi/11.3.1/../../../../arm-none-eabi/lib/thumb/v7e-m+fp/hard/libc_nano.a(libc_a-stdio.o) (_lseek_r)
[...]
Memory Configuration

Name             Origin             Length             Attributes
RAM              0x0000000020000000 0x0000000000020000 xrw
FLASH            0x0000000008000000 0x0000000000040000 xr
*default*        0x0000000000000000 0xffffffffffffffff

Linker script and memory map

LOAD /opt/st/stm32cubeide_1.14.0/plugins/com.st.stm32cube.ide.mcu.externaltools.gnu-tools-for-stm32.11.3.rel1.linux64_1.1.100.202309141235/tools/bin/../lib/gcc/arm-none-eabi/11.3.1/thumb/v7e-m+fp/hard/crti.o
LOAD /opt/st/stm32cubeide_1.14.0/plugins/com.st.stm32cube.ide.mcu.externaltools.gnu-tools-for-stm32.11.3.rel1.linux64_1.1.100.202309141235/tools/bin/../lib/gcc/arm-none-eabi/11.3.1/thumb/v7e-m+fp/hard/crtbegin.o
LOAD /opt/st/stm32cubeide_1.14.0/plugins/com.st.stm32cube.ide.mcu.externaltools.gnu-tools-for-stm32.11.3.rel1.linux64_1.1.100.202309141235/tools/bin/../lib/gcc/arm-none-eabi/11.3.1/../../../../arm-none-eabi/lib/thumb/v7e-m+fp/hard/crt0.o
LOAD ./Core/Src/Aktuator.o
LOAD ./Core/Src/BNO08X.o
LOAD ./Core/Src/Motor.o
LOAD ./Core/Src/PID_Driver.o
LOAD ./Core/Src/communication_full.o
LOAD ./Core/Src/main.o
LOAD ./Core/Src/stm32f4xx_hal_msp.o
LOAD ./Core/Src/stm32f4xx_it.o
LOAD ./Core/Src/syscalls.o
LOAD ./Core/Src/sysmem.o
LOAD ./Core/Src/system_stm32f4xx.o
LOAD ./Core/Startup/startup_stm32f411ccux.o
LOAD ./Drivers/STM32F4xx_HAL_Driver/Src/stm32f4xx_hal.o
LOAD ./Drivers/STM32F4xx_HAL_Driver/Src/stm32f4xx_hal_cortex.o
LOAD ./Drivers/STM32F4xx_HAL_Driver/Src/stm32f4xx_hal_dma.o
LOAD ./Drivers/STM32F4xx_HAL_Driver/Src/stm32f4xx_hal_dma_ex.o
LOAD ./Drivers/STM32F4xx_HAL_Driver/Src/stm32f4xx_hal_exti.o
LOAD ./Drivers/STM32F4xx_HAL_Driver/Src/stm32f4xx_hal_flash.o
LOAD ./Drivers/STM32F4xx_HAL_Driver/Src/stm32f4xx_hal_flash_ex.o
LOAD ./Drivers/STM32F4xx_HAL_Driver/Src/stm32f4xx_hal_flash_ramfunc.o
LOAD ./Drivers/STM32F4xx_HAL_Driver/Src/stm32f4xx_hal_gpio.o
LOAD ./Drivers/STM32F4xx_HAL_Driver/Src/stm32f4xx_hal_pwr.o
LOAD ./Drivers/STM32F4xx_HAL_Driver/Src/stm32f4xx_hal_pwr_ex.o
LOAD ./Drivers/STM32F4xx_HAL_Driver/Src/stm32f4xx_hal_rcc.o
LOAD ./Drivers/STM32F4xx_HAL_Driver/Src/stm32f4xx_hal_rcc_ex.o
LOAD ./Drivers/STM32F4xx_HAL_Driver/Src/stm32f4xx_hal_tim.o
LOAD ./Drivers/STM32F4xx_HAL_Driver/Src/stm32f4xx_hal_tim_ex.o
LOAD ./Drivers/STM32F4xx_HAL_Driver/Src/stm32f4xx_hal_uart.o
START GROUP
LOAD /opt/st/stm32cubeide_1.14.0/plugins/com.st.stm32cube.ide.mcu.externaltools.gnu-tools-for-stm32.11.3.rel1.linux64_1.1.100.202309141235/tools/bin/../lib/gcc/arm-none-eabi/11.3.1/../../../../arm-none-eabi/lib/thumb/v7e-m+fp/hard/libc_nano.a
LOAD /opt/st/stm32cubeide_1.14.0/plugins/com.st.stm32cube.ide.mcu.externaltools.gnu-tools-for-stm32.11.3.rel1.linux64_1.1.100.202309141235/tools/bin/../lib/gcc/arm-none-eabi/11.3.1/../../../../arm-none-eabi/lib/thumb/v7e-m+fp/hard/libm.a
END GROUP
START GROUP
LOAD /opt/st/stm32cubeide_1.14.0/plugins/com.st.stm32cube.ide.mcu.externaltools.gnu-tools-for-stm32.11.3.rel1.linux64_1.1.100.202309141235/tools/bin/../lib/gcc/arm-none-eabi/11.3.1/thumb/v7e-m+fp/hard/libgcc.a
LOAD /opt/st/stm32cubeide_1.14.0/plugins/com.st.stm32cube.ide.mcu.externaltools.gnu-tools-for-stm32.11.3.rel1.linux64_1.1.100.202309141235/tools/bin/../lib/gcc/arm-none-eabi/11.3.1/../../../../arm-none-eabi/lib/thumb/v7e-m+fp/hard/libc_nano.a
END GROUP
START GROUP
LOAD /opt/st/stm32cubeide_1.14.0/plugins/com.st.stm32cube.ide.mcu.externaltools.gnu-tools-for-stm32.11.3.rel1.linux64_1.1.100.202309141235/tools/bin/../lib/gcc/arm-none-eabi/11.3.1/thumb/v7e-m+fp/hard/libgcc.a
LOAD /opt/st/stm32cubeide_1.14.0/plugins/com.st.stm32cube.ide.mcu.externaltools.gnu-tools-for-stm32.11.3.rel1.linux64_1.1.100.202309141235/tools/bin/../lib/gcc/arm-none-eabi/11.3.1/../../../../arm-none-eabi/lib/thumb/v7e-m+fp/hard/libc_nano.a
LOAD /opt/st/stm32cubeide_1.14.0/plugins/com.st.stm32cube.ide.mcu.externaltools.gnu-tools-for-stm32.11.3.rel1.linux64_1.1.100.202309141235/tools/bin/../lib/gcc/arm-none-eabi/11.3.1/../../../../arm-none-eabi/lib/thumb/v7e-m+fp/hard/libnosys.a
END GROUP
START GROUP
LOAD /opt/st/stm32cubeide_1.14.0/plugins/com.st.stm32cube.ide.mcu.externaltools.gnu-tools-for-stm32.11.3.rel1.linux64_1.1.100.202309141235/tools/bin/../lib/gcc/arm-none-eabi/11.3.1/thumb/v7e-m+fp/hard/libgcc.a
LOAD /opt/st/stm32cubeide_1.14.0/plugins/com.st.stm32cube.ide.mcu.externaltools.gnu-tools-for-stm32.11.3.rel1.linux64_1.1.100.202309141235/tools/bin/../lib/gcc/arm-none-eabi/11.3.1/../../../../arm-none-eabi/lib/thumb/v7e-m+fp/hard/libc_nano.a
LOAD /opt/st/stm32cubeide_1.14.0/plugins/com.st.stm32cube.ide.mcu.externaltools.gnu-tools-for-stm32.11.3.rel1.linux64_1.1.100.202309141235/tools/bin/../lib/gcc/arm-none-eabi/11.3.1/../../../../arm-none-eabi/lib/thumb/v7e-m+fp/hard/libnosys.a
END GROUP
LOAD /opt/st/stm32cubeide_1.14.0/plugins/com.st.stm32cube.ide.mcu.externaltools.gnu-tools-for-stm32.11.3.rel1.linux64_1.1.100.202309141235/tools/bin/../lib/gcc/arm-none-eabi/11.3.1/thumb/v7e-m+fp/hard/crtend.o
LOAD /opt/st/stm32cubeide_1.14.0/plugins/com.st.stm32cube.ide.mcu.externaltools.gnu-tools-for-stm32.11.3.rel1.linux64_1.1.100.202309141235/tools/bin/../lib/gcc/arm-none-eabi/11.3.1/thumb/v7e-m+fp/hard/crtn.o
                0x0000000020020000                _estack = (ORIGIN (RAM) + LENGTH (RAM))
                0x0000000000000200                _Min_Heap_Size = 0x200
                0x0000000000000400                _Min_Stack_Size = 0x400

.isr_vector     0x0000000008000000      0x198
                0x0000000008000000                . = ALIGN (0x4)
 *(.isr_vector)
 .isr_vector    0x0000000008000000      0x198 ./Core/Startup/startup_stm32f411ccux.o
                0x0000000008000000                g_pfnVectors
                0x0000000008000198                . = ALIGN (0x4)

.text           0x0000000008000198     0xa930
                0x0000000008000198                . = ALIGN (0x4)
 *(.text)
 .text          0x0000000008000198       0x40 /opt/st/stm32cubeide_1.14.0/plugins/com.st.stm32cube.ide.mcu.externaltools.gnu-tools-for-stm32.11.3.rel1.linux64_1.1.100.202309141235/tools/bin/../lib/gcc/arm-none-eabi/11.3.1/thumb/v7e-m+fp/hard/crtbegin.o
 .text          0x00000000080001d8      0x378 /opt/st/stm32cubeide_1.14.0/plugins/com.st.stm32cube.ide.mcu.externaltools.gnu-tools-for-stm32.11.3.rel1.linux64_1.1.100.202309141235/tools/bin/../lib/gcc/arm-none-eabi/11.3.1/thumb/v7e-m+fp/hard/libgcc.a(_arm_addsubdf3.o)
                0x00000000080001d8                __aeabi_drsub
                0x00000000080001e0                __aeabi_dsub
                0x00000000080001e0                __subdf3
                0x00000000080001e4                __adddf3
                0x00000000080001e4                __aeabi_dadd
                0x000000000800045c                __aeabi_ui2d
                0x000000000800045c                __floatunsidf
                0x000000000800047c                __floatsidf
                0x000000000800047c                __aeabi_i2d
                0x00000000080004a0                __extendsfdf2
                0x00000000080004a0                __aeabi_f2d
                0x00000000080004e4                __aeabi_ul2d
                0x00000000080004e4                __floatundidf
                0x00000000080004f4                __floatdidf
                0x00000000080004f4                __aeabi_l2d
 .text          0x0000000008000550      0x424 /opt/st/stm32cubeide_1.14.0/plugins/com.st.stm32cube.ide.mcu.externaltools.gnu-tools-for-stm32.11.3.rel1.linux64_1.1.100.202309141235/tools/bin/../lib/gcc/arm-none-eabi/11.3.1/thumb/v7e-m+fp/hard/libgcc.a(_arm_muldivdf3.o)
                0x0000000008000550                __aeabi_dmul
                0x0000000008000550                __muldf3
                0x00000000080007a4                __aeabi_ddiv
                0x00000000080007a4                __divdf3
 .text          0x0000000008000974      0x110 /opt/st/stm32cubeide_1.14.0/plugins/com.st.stm32cube.ide.mcu.externaltools.gnu-tools-for-stm32.11.3.rel1.linux64_1.1.100.202309141235/tools/bin/../lib/gcc/arm-none-eabi/11.3.1/thumb/v7e-m+fp/hard/libgcc.a(_arm_cmpdf2.o)
                0x0000000008000974                __gtdf2
                0x0000000008000974                __gedf2
                0x000000000800097c                __ltdf2
                0x000000000800097c                __ledf2
                0x0000000008000984                __cmpdf2
                0x0000000008000984                __eqdf2
                0x0000000008000984                __nedf2
                0x0000000008000a00                __aeabi_cdrcmple
                0x0000000008000a10                __aeabi_cdcmple
                0x0000000008000a10                __aeabi_cdcmpeq
                0x0000000008000a20                __aeabi_dcmpeq
                0x0000000008000a34                __aeabi_dcmplt
                0x0000000008000a48                __aeabi_dcmple
                0x0000000008000a5c                __aeabi_dcmpge
                0x0000000008000a70                __aeabi_dcmpgt
 .text          0x0000000008000a84       0x50 /opt/st/stm32cubeide_1.14.0/plugins/com.st.stm32cube.ide.mcu.externaltools.gnu-tools-for-stm32.11.3.rel1.linux64_1.1.100.202309141235/tools/bin/../lib/gcc/arm-none-eabi/11.3.1/thumb/v7e-m+fp/hard/libgcc.a(_arm_fixdfsi.o)
                0x0000000008000a84                __fixdfsi
                0x0000000008000a84                __aeabi_d2iz
 .text          0x0000000008000ad4       0xa0 /opt/st/stm32cubeide_1.14.0/plugins/com.st.stm32cube.ide.mcu.externaltools.gnu-tools-for-stm32.11.3.rel1.linux64_1.1.100.202309141235/tools/bin/../lib/gcc/arm-none-eabi/11.3.1/thumb/v7e-m+fp/hard/libgcc.a(_arm_truncdfsf2.o)
                0x0000000008000ad4                __aeabi_d2f
                0x0000000008000ad4                __truncdfsf2
 .text          0x0000000008000b74       0x30 /opt/st/stm32cubeide_1.14.0/plugins/com.st.stm32cube.ide.mcu.externaltools.gnu-tools-for-stm32.11.3.rel1.linux64_1.1.100.202309141235/tools/bin/../lib/gcc/arm-none-eabi/11.3.1/thumb/v7e-m+fp/hard/libgcc.a(_aeabi_uldivmod.o)
                0x0000000008000b74                __aeabi_uldivmod
 .text          0x0000000008000ba4      0x2c8 /opt/st/stm32cubeide_1.14.0/plugins/com.st.stm32cube.ide.mcu.externaltools.gnu-tools-for-stm32.11.3.rel1.linux64_1.1.100.202309141235/tools/bin/../lib/gcc/arm-none-eabi/11.3.1/thumb/v7e-m+fp/hard/libgcc.a(_udivmoddi4.o)
                0x0000000008000ba4                __udivmoddi4
 .text          0x0000000008000e6c        0x4 /opt/st/stm32cubeide_1.14.0/plugins/com.st.stm32cube.ide.mcu.externaltools.gnu-tools-for-stm32.11.3.rel1.linux64_1.1.100.202309141235/tools/bin/../lib/gcc/arm-none-eabi/11.3.1/thumb/v7e-m+fp/hard/libgcc.a(_dvmd_tls.o)
                0x0000000008000e6c                __aeabi_ldiv0
                0x0000000008000e6c                __aeabi_idiv0
 *(.text*)
 .text.aktuator_down
                0x0000000008000e70       0x4a ./Core/Src/Aktuator.o
                0x0000000008000e70                aktuator_down
 .text.aktuator_up
                0x0000000008000eba       0x4a ./Core/Src/Aktuator.o
                0x0000000008000eba                aktuator_up
 .text.aktuator_reset
                0x0000000008000f04       0x4a ./Core/Src/Aktuator.o
                0x0000000008000f04                aktuator_reset
 .text.agv_run_motor
                0x0000000008000f4e      0x1d4 ./Core/Src/Motor.o
                0x0000000008000f4e                agv_run_motor
 .text.agv_stop
                0x0000000008001122       0x32 ./Core/Src/Motor.o
                0x0000000008001122                agv_stop
 .text.agv_stop_all
                0x0000000008001154       0x9c ./Core/Src/Motor.o
                0x0000000008001154                agv_stop_all
 .text.agv_reset_all
                0x00000000080011f0       0xac ./Core/Src/Motor.o
                0x00000000080011f0                agv_reset_all
 .text.agv_encoder_start
                0x000000000800129c       0x2a ./Core/Src/Motor.o
                0x000000000800129c                agv_encoder_start
 .text.agv_kinematic_ext_Sx
                0x00000000080012c6       0x36 ./Core/Src/Motor.o
                0x00000000080012c6                agv_kinematic_ext_Sx
 .text.agv_kinematic_ext_Sy
                0x00000000080012fc       0x36 ./Core/Src/Motor.o
                0x00000000080012fc                agv_kinematic_ext_Sy
 *fill*         0x0000000008001332        0x6 
 .text.agv_kinematic_ext_St
                0x0000000008001338       0x90 ./Core/Src/Motor.o
                0x0000000008001338                agv_kinematic_ext_St
 .text.agv_inverse_kinematic
                0x00000000080013c8      0x52c ./Core/Src/Motor.o
                0x00000000080013c8                agv_inverse_kinematic
 *fill*         0x00000000080018f4        0x4 
 .text.agv_speed_to_pwm
                0x00000000080018f8       0xb0 ./Core/Src/Motor.o
                0x00000000080018f8                agv_speed_to_pwm
 .text.PIDController_Init
                0x00000000080019a8       0x3c ./Core/Src/PID_Driver.o
                0x00000000080019a8                PIDController_Init
 .text.PIDController_Update
                0x00000000080019e4      0x270 ./Core/Src/PID_Driver.o
                0x00000000080019e4                PIDController_Update
 .text.komunikasi_ctrl_init
                0x0000000008001c54       0x20 ./Core/Src/communication_full.o
                0x0000000008001c54                komunikasi_ctrl_init
 .text.checksum_ctrl_generator
                0x0000000008001c74       0x40 ./Core/Src/communication_full.o
                0x0000000008001c74                checksum_ctrl_generator
 .text.tx_ctrl_task_done
                0x0000000008001cb4       0x44 ./Core/Src/communication_full.o
                0x0000000008001cb4                tx_ctrl_task_done
 .text.tx_ctrl_send_Odometry
                0x0000000008001cf8       0xe0 ./Core/Src/communication_full.o
                0x0000000008001cf8                tx_ctrl_send_Odometry
 .text.rx_ctrl_start_get
                0x0000000008001dd8       0x20 ./Core/Src/communication_full.o
                0x0000000008001dd8                rx_ctrl_start_get
 .text.rx_ctrl_get
                0x0000000008001df8      0xa68 ./Core/Src/communication_full.o
                0x0000000008001df8                rx_ctrl_get
 .text.HAL_TIM_IC_CaptureCallback
                0x0000000008002860      0x61c ./Core/Src/main.o
                0x0000000008002860                HAL_TIM_IC_CaptureCallback
 .text.HAL_UART_RxCpltCallback
                0x0000000008002e7c       0x54 ./Core/Src/main.o
                0x0000000008002e7c                HAL_UART_RxCpltCallback
 .text.main     0x0000000008002ed0      0xb74 ./Core/Src/main.o
                0x0000000008002ed0                main
 .text.SystemClock_Config
                0x0000000008003a44       0xd0 ./Core/Src/main.o
                0x0000000008003a44                SystemClock_Config
 .text.MX_TIM1_Init
                0x0000000008003b14       0xb0 ./Core/Src/main.o
 .text.MX_TIM2_Init
                0x0000000008003bc4       0xa8 ./Core/Src/main.o
 .text.MX_TIM3_Init
                0x0000000008003c6c      0x130 ./Core/Src/main.o
 .text.MX_TIM4_Init
                0x0000000008003d9c       0xa8 ./Core/Src/main.o
 .text.MX_TIM5_Init
                0x0000000008003e44       0xa8 ./Core/Src/main.o
 .text.MX_TIM9_Init
                0x0000000008003eec       0xdc ./Core/Src/main.o
 .text.MX_TIM10_Init
                0x0000000008003fc8       0x9c ./Core/Src/main.o
 .text.MX_TIM11_Init
                0x0000000008004064       0x9c ./Core/Src/main.o
 .text.MX_USART6_UART_Init
                0x0000000008004100       0x54 ./Core/Src/main.o
 .text.MX_DMA_Init
                0x0000000008004154       0x40 ./Core/Src/main.o
 .text.MX_GPIO_Init
                0x0000000008004194      0x11c ./Core/Src/main.o
 .text.handle_heading
                0x00000000080042b0      0x564 ./Core/Src/main.o
                0x00000000080042b0                handle_heading
 *fill*         0x0000000008004814        0x4 
 .text.run_to_point_with_yaw
                0x0000000008004818      0x7dc ./Core/Src/main.o
                0x0000000008004818                run_to_point_with_yaw
 .text.Error_Handler
                0x0000000008004ff4        0xa ./Core/Src/main.o
                0x0000000008004ff4                Error_Handler
 *fill*         0x0000000008004ffe        0x2 
 .text.HAL_MspInit
                0x0000000008005000       0x50 ./Core/Src/stm32f4xx_hal_msp.o
                0x0000000008005000                HAL_MspInit
 .text.HAL_TIM_Encoder_MspInit
                0x0000000008005050      0x244 ./Core/Src/stm32f4xx_hal_msp.o
                0x0000000008005050                HAL_TIM_Encoder_MspInit
 .text.HAL_TIM_Base_MspInit
                0x0000000008005294       0xc8 ./Core/Src/stm32f4xx_hal_msp.o
                0x0000000008005294                HAL_TIM_Base_MspInit
 .text.HAL_TIM_MspPostInit
                0x000000000800535c      0x19c ./Core/Src/stm32f4xx_hal_msp.o
                0x000000000800535c                HAL_TIM_MspPostInit
 .text.HAL_UART_MspInit
                0x00000000080054f8      0x108 ./Core/Src/stm32f4xx_hal_msp.o
                0x00000000080054f8                HAL_UART_MspInit
 .text.NMI_Handler
                0x0000000008005600        0x6 ./Core/Src/stm32f4xx_it.o
                0x0000000008005600                NMI_Handler
 .text.HardFault_Handler
                0x0000000008005606        0x6 ./Core/Src/stm32f4xx_it.o
                0x0000000008005606                HardFault_Handler
 .text.MemManage_Handler
                0x000000000800560c        0x6 ./Core/Src/stm32f4xx_it.o
                0x000000000800560c                MemManage_Handler
 .text.BusFault_Handler
                0x0000000008005612        0x6 ./Core/Src/stm32f4xx_it.o
                0x0000000008005612                BusFault_Handler
 .text.UsageFault_Handler
                0x0000000008005618        0x6 ./Core/Src/stm32f4xx_it.o
                0x0000000008005618                UsageFault_Handler
 .text.SVC_Handler
                0x000000000800561e        0xe ./Core/Src/stm32f4xx_it.o
                0x000000000800561e                SVC_Handler
 .text.DebugMon_Handler
                0x000000000800562c        0xe ./Core/Src/stm32f4xx_it.o
                0x000000000800562c                DebugMon_Handler
 .text.PendSV_Handler
                0x000000000800563a        0xe ./Core/Src/stm32f4xx_it.o
                0x000000000800563a                PendSV_Handler
 .text.SysTick_Handler
                0x0000000008005648       0xbc ./Core/Src/stm32f4xx_it.o
                0x0000000008005648                SysTick_Handler
 .text.TIM1_CC_IRQHandler
                0x0000000008005704       0x14 ./Core/Src/stm32f4xx_it.o
                0x0000000008005704                TIM1_CC_IRQHandler
 .text.TIM2_IRQHandler
                0x0000000008005718       0x14 ./Core/Src/stm32f4xx_it.o
                0x0000000008005718                TIM2_IRQHandler
 .text.TIM4_IRQHandler
                0x000000000800572c       0x14 ./Core/Src/stm32f4xx_it.o
                0x000000000800572c                TIM4_IRQHandler
 .text.TIM5_IRQHandler
                0x0000000008005740       0x14 ./Core/Src/stm32f4xx_it.o
                0x0000000008005740                TIM5_IRQHandler
 .text.DMA2_Stream1_IRQHandler
                0x0000000008005754       0x14 ./Core/Src/stm32f4xx_it.o
                0x0000000008005754                DMA2_Stream1_IRQHandler
 .text.USART6_IRQHandler
                0x0000000008005768       0x14 ./Core/Src/stm32f4xx_it.o
                0x0000000008005768                USART6_IRQHandler
 .text.SystemInit
                0x000000000800577c       0x24 ./Core/Src/system_stm32f4xx.o
                0x000000000800577c                SystemInit
 .text.Reset_Handler
                0x00000000080057a0       0x50 ./Core/Startup/startup_stm32f411ccux.o
                0x00000000080057a0                Reset_Handler
 .text.Default_Handler
                0x00000000080057f0        0x2 ./Core/Startup/startup_stm32f411ccux.o
                0x00000000080057f0                RTC_Alarm_IRQHandler
                0x00000000080057f0                EXTI2_IRQHandler
                0x00000000080057f0                SPI4_IRQHandler
                0x00000000080057f0                DMA2_Stream5_IRQHandler
                0x00000000080057f0                DMA1_Stream5_IRQHandler
                0x00000000080057f0                PVD_IRQHandler
                0x00000000080057f0                SDIO_IRQHandler
                0x00000000080057f0                TAMP_STAMP_IRQHandler
                0x00000000080057f0                EXTI3_IRQHandler
                0x00000000080057f0                TIM1_UP_TIM10_IRQHandler
                0x00000000080057f0                I2C3_ER_IRQHandler
                0x00000000080057f0                EXTI0_IRQHandler
                0x00000000080057f0                I2C2_EV_IRQHandler
                0x00000000080057f0                DMA1_Stream2_IRQHandler
                0x00000000080057f0                FPU_IRQHandler
                0x00000000080057f0                DMA2_Stream2_IRQHandler
                0x00000000080057f0                SPI1_IRQHandler
                0x00000000080057f0                TIM1_BRK_TIM9_IRQHandler
                0x00000000080057f0                DMA2_Stream3_IRQHandler
                0x00000000080057f0                DMA2_Stream0_IRQHandler
                0x00000000080057f0                I2C1_EV_IRQHandler
                0x00000000080057f0                DMA1_Stream6_IRQHandler
                0x00000000080057f0                DMA1_Stream1_IRQHandler
                0x00000000080057f0                TIM3_IRQHandler
                0x00000000080057f0                RCC_IRQHandler
                0x00000000080057f0                Default_Handler
                0x00000000080057f0                EXTI15_10_IRQHandler
                0x00000000080057f0                ADC_IRQHandler
                0x00000000080057f0                DMA1_Stream7_IRQHandler
                0x00000000080057f0                SPI5_IRQHandler
                0x00000000080057f0                DMA2_Stream7_IRQHandler
                0x00000000080057f0                I2C3_EV_IRQHandler
                0x00000000080057f0                EXTI9_5_IRQHandler
                0x00000000080057f0                RTC_WKUP_IRQHandler
                0x00000000080057f0                SPI2_IRQHandler
                0x00000000080057f0                DMA1_Stream0_IRQHandler
                0x00000000080057f0                EXTI4_IRQHandler
                0x00000000080057f0                WWDG_IRQHandler
                0x00000000080057f0                OTG_FS_WKUP_IRQHandler
                0x00000000080057f0                TIM1_TRG_COM_TIM11_IRQHandler
                0x00000000080057f0                EXTI1_IRQHandler
                0x00000000080057f0                USART2_IRQHandler
                0x00000000080057f0                I2C2_ER_IRQHandler
                0x00000000080057f0                FLASH_IRQHandler
                0x00000000080057f0                DMA2_Stream4_IRQHandler
                0x00000000080057f0                USART1_IRQHandler
                0x00000000080057f0                OTG_FS_IRQHandler
                0x00000000080057f0                SPI3_IRQHandler
                0x00000000080057f0                DMA1_Stream4_IRQHandler
                0x00000000080057f0                I2C1_ER_IRQHandler
                0x00000000080057f0                DMA2_Stream6_IRQHandler
                0x00000000080057f0                DMA1_Stream3_IRQHandler
 *fill*         0x00000000080057f2        0x2 
 .text.HAL_Init
                0x00000000080057f4       0x44 ./Drivers/STM32F4xx_HAL_Driver/Src/stm32f4xx_hal.o
                0x00000000080057f4                HAL_Init
 .text.HAL_InitTick
                0x0000000008005838       0x60 ./Drivers/STM32F4xx_HAL_Driver/Src/stm32f4xx_hal.o
                0x0000000008005838                HAL_InitTick
 .text.HAL_IncTick
                0x0000000008005898       0x28 ./Drivers/STM32F4xx_HAL_Driver/Src/stm32f4xx_hal.o
                0x0000000008005898                HAL_IncTick
 .text.HAL_GetTick
                0x00000000080058c0       0x18 ./Drivers/STM32F4xx_HAL_Driver/Src/stm32f4xx_hal.o
                0x00000000080058c0                HAL_GetTick
 .text.HAL_Delay
                0x00000000080058d8       0x48 ./Drivers/STM32F4xx_HAL_Driver/Src/stm32f4xx_hal.o
                0x00000000080058d8                HAL_Delay
 .text.__NVIC_SetPriorityGrouping
                0x0000000008005920       0x48 ./Drivers/STM32F4xx_HAL_Driver/Src/stm32f4xx_hal_cortex.o
 .text.__NVIC_GetPriorityGrouping
                0x0000000008005968       0x1c ./Drivers/STM32F4xx_HAL_Driver/Src/stm32f4xx_hal_cortex.o
 .text.__NVIC_EnableIRQ
                0x0000000008005984       0x3c ./Drivers/STM32F4xx_HAL_Driver/Src/stm32f4xx_hal_cortex.o
 .text.__NVIC_SetPriority
                0x00000000080059c0       0x54 ./Drivers/STM32F4xx_HAL_Driver/Src/stm32f4xx_hal_cortex.o
 .text.NVIC_EncodePriority
                0x0000000008005a14       0x66 ./Drivers/STM32F4xx_HAL_Driver/Src/stm32f4xx_hal_cortex.o
 *fill*         0x0000000008005a7a        0x2 
 .text.SysTick_Config
                0x0000000008005a7c       0x44 ./Drivers/STM32F4xx_HAL_Driver/Src/stm32f4xx_hal_cortex.o
 .text.HAL_NVIC_SetPriorityGrouping
                0x0000000008005ac0       0x16 ./Drivers/STM32F4xx_HAL_Driver/Src/stm32f4xx_hal_cortex.o
                0x0000000008005ac0                HAL_NVIC_SetPriorityGrouping
 .text.HAL_NVIC_SetPriority
                0x0000000008005ad6       0x38 ./Drivers/STM32F4xx_HAL_Driver/Src/stm32f4xx_hal_cortex.o
                0x0000000008005ad6                HAL_NVIC_SetPriority
 .text.HAL_NVIC_EnableIRQ
                0x0000000008005b0e       0x1c ./Drivers/STM32F4xx_HAL_Driver/Src/stm32f4xx_hal_cortex.o
                0x0000000008005b0e                HAL_NVIC_EnableIRQ
 .text.HAL_SYSTICK_Config
                0x0000000008005b2a       0x18 ./Drivers/STM32F4xx_HAL_Driver/Src/stm32f4xx_hal_cortex.o
                0x0000000008005b2a                HAL_SYSTICK_Config
 *fill*         0x0000000008005b42        0x2 
 .text.HAL_DMA_Init
                0x0000000008005b44      0x15c ./Drivers/STM32F4xx_HAL_Driver/Src/stm32f4xx_hal_dma.o
                0x0000000008005b44                HAL_DMA_Init
 .text.HAL_DMA_Start_IT
                0x0000000008005ca0       0xb0 ./Drivers/STM32F4xx_HAL_Driver/Src/stm32f4xx_hal_dma.o
                0x0000000008005ca0                HAL_DMA_Start_IT
 .text.HAL_DMA_Abort
                0x0000000008005d50       0xe0 ./Drivers/STM32F4xx_HAL_Driver/Src/stm32f4xx_hal_dma.o
                0x0000000008005d50                HAL_DMA_Abort
 .text.HAL_DMA_Abort_IT
                0x0000000008005e30       0x44 ./Drivers/STM32F4xx_HAL_Driver/Src/stm32f4xx_hal_dma.o
                0x0000000008005e30                HAL_DMA_Abort_IT
 .text.HAL_DMA_IRQHandler
                0x0000000008005e74      0x314 ./Drivers/STM32F4xx_HAL_Driver/Src/stm32f4xx_hal_dma.o
                0x0000000008005e74                HAL_DMA_IRQHandler
 .text.DMA_SetConfig
                0x0000000008006188       0x5c ./Drivers/STM32F4xx_HAL_Driver/Src/stm32f4xx_hal_dma.o
 .text.DMA_CalcBaseAndBitshift
                0x00000000080061e4       0x6c ./Drivers/STM32F4xx_HAL_Driver/Src/stm32f4xx_hal_dma.o
 .text.DMA_CheckFifoParam
                0x0000000008006250       0xf8 ./Drivers/STM32F4xx_HAL_Driver/Src/stm32f4xx_hal_dma.o
 .text.HAL_GPIO_Init
                0x0000000008006348      0x308 ./Drivers/STM32F4xx_HAL_Driver/Src/stm32f4xx_hal_gpio.o
                0x0000000008006348                HAL_GPIO_Init
 .text.HAL_GPIO_WritePin
                0x0000000008006650       0x32 ./Drivers/STM32F4xx_HAL_Driver/Src/stm32f4xx_hal_gpio.o
                0x0000000008006650                HAL_GPIO_WritePin
 *fill*         0x0000000008006682        0x2 
 .text.HAL_RCC_OscConfig
                0x0000000008006684      0x4f0 ./Drivers/STM32F4xx_HAL_Driver/Src/stm32f4xx_hal_rcc.o
                0x0000000008006684                HAL_RCC_OscConfig
 .text.HAL_RCC_ClockConfig
                0x0000000008006b74      0x1cc ./Drivers/STM32F4xx_HAL_Driver/Src/stm32f4xx_hal_rcc.o
                0x0000000008006b74                HAL_RCC_ClockConfig
 .text.HAL_RCC_GetSysClockFreq
                0x0000000008006d40      0x18c ./Drivers/STM32F4xx_HAL_Driver/Src/stm32f4xx_hal_rcc.o
                0x0000000008006d40                HAL_RCC_GetSysClockFreq
 .text.HAL_RCC_GetHCLKFreq
                0x0000000008006ecc       0x18 ./Drivers/STM32F4xx_HAL_Driver/Src/stm32f4xx_hal_rcc.o
                0x0000000008006ecc                HAL_RCC_GetHCLKFreq
 .text.HAL_RCC_GetPCLK1Freq
                0x0000000008006ee4       0x28 ./Drivers/STM32F4xx_HAL_Driver/Src/stm32f4xx_hal_rcc.o
                0x0000000008006ee4                HAL_RCC_GetPCLK1Freq
 .text.HAL_RCC_GetPCLK2Freq
                0x0000000008006f0c       0x28 ./Drivers/STM32F4xx_HAL_Driver/Src/stm32f4xx_hal_rcc.o
                0x0000000008006f0c                HAL_RCC_GetPCLK2Freq
 .text.HAL_TIM_Base_Init
                0x0000000008006f34       0x9e ./Drivers/STM32F4xx_HAL_Driver/Src/stm32f4xx_hal_tim.o
                0x0000000008006f34                HAL_TIM_Base_Init
 .text.HAL_TIM_PWM_Init
                0x0000000008006fd2       0x9e ./Drivers/STM32F4xx_HAL_Driver/Src/stm32f4xx_hal_tim.o
                0x0000000008006fd2                HAL_TIM_PWM_Init
 .text.HAL_TIM_PWM_MspInit
                0x0000000008007070       0x14 ./Drivers/STM32F4xx_HAL_Driver/Src/stm32f4xx_hal_tim.o
                0x0000000008007070                HAL_TIM_PWM_MspInit
 .text.HAL_TIM_PWM_Start
                0x0000000008007084      0x160 ./Drivers/STM32F4xx_HAL_Driver/Src/stm32f4xx_hal_tim.o
                0x0000000008007084                HAL_TIM_PWM_Start
 .text.HAL_TIM_Encoder_Init
                0x00000000080071e4      0x14c ./Drivers/STM32F4xx_HAL_Driver/Src/stm32f4xx_hal_tim.o
                0x00000000080071e4                HAL_TIM_Encoder_Init
 .text.HAL_TIM_Encoder_Start_IT
                0x0000000008007330      0x15c ./Drivers/STM32F4xx_HAL_Driver/Src/stm32f4xx_hal_tim.o
                0x0000000008007330                HAL_TIM_Encoder_Start_IT
 .text.HAL_TIM_IRQHandler
                0x000000000800748c      0x1e0 ./Drivers/STM32F4xx_HAL_Driver/Src/stm32f4xx_hal_tim.o
                0x000000000800748c                HAL_TIM_IRQHandler
 .text.HAL_TIM_PWM_ConfigChannel
                0x000000000800766c      0x184 ./Drivers/STM32F4xx_HAL_Driver/Src/stm32f4xx_hal_tim.o
                0x000000000800766c                HAL_TIM_PWM_ConfigChannel
 .text.HAL_TIM_ConfigClockSource
                0x00000000080077f0      0x18e ./Drivers/STM32F4xx_HAL_Driver/Src/stm32f4xx_hal_tim.o
                0x00000000080077f0                HAL_TIM_ConfigClockSource
 .text.HAL_TIM_PeriodElapsedCallback
                0x000000000800797e       0x14 ./Drivers/STM32F4xx_HAL_Driver/Src/stm32f4xx_hal_tim.o
                0x000000000800797e                HAL_TIM_PeriodElapsedCallback
 .text.HAL_TIM_OC_DelayElapsedCallback
                0x0000000008007992       0x14 ./Drivers/STM32F4xx_HAL_Driver/Src/stm32f4xx_hal_tim.o
                0x0000000008007992                HAL_TIM_OC_DelayElapsedCallback
 .text.HAL_TIM_PWM_PulseFinishedCallback
                0x00000000080079a6       0x14 ./Drivers/STM32F4xx_HAL_Driver/Src/stm32f4xx_hal_tim.o
                0x00000000080079a6                HAL_TIM_PWM_PulseFinishedCallback
 .text.HAL_TIM_TriggerCallback
                0x00000000080079ba       0x14 ./Drivers/STM32F4xx_HAL_Driver/Src/stm32f4xx_hal_tim.o
                0x00000000080079ba                HAL_TIM_TriggerCallback
 *fill*         0x00000000080079ce        0x2 
 .text.TIM_Base_SetConfig
                0x00000000080079d0      0x118 ./Drivers/STM32F4xx_HAL_Driver/Src/stm32f4xx_hal_tim.o
                0x00000000080079d0                TIM_Base_SetConfig
 .text.TIM_OC1_SetConfig
                0x0000000008007ae8       0xcc ./Drivers/STM32F4xx_HAL_Driver/Src/stm32f4xx_hal_tim.o
 .text.TIM_OC2_SetConfig
                0x0000000008007bb4       0xd8 ./Drivers/STM32F4xx_HAL_Driver/Src/stm32f4xx_hal_tim.o
                0x0000000008007bb4                TIM_OC2_SetConfig
 .text.TIM_OC3_SetConfig
                0x0000000008007c8c       0xd4 ./Drivers/STM32F4xx_HAL_Driver/Src/stm32f4xx_hal_tim.o
 .text.TIM_OC4_SetConfig
                0x0000000008007d60       0xa0 ./Drivers/STM32F4xx_HAL_Driver/Src/stm32f4xx_hal_tim.o
 .text.TIM_TI1_ConfigInputStage
                0x0000000008007e00       0x5e ./Drivers/STM32F4xx_HAL_Driver/Src/stm32f4xx_hal_tim.o
 .text.TIM_TI2_ConfigInputStage
                0x0000000008007e5e       0x60 ./Drivers/STM32F4xx_HAL_Driver/Src/stm32f4xx_hal_tim.o
 .text.TIM_ITRx_SetConfig
                0x0000000008007ebe       0x36 ./Drivers/STM32F4xx_HAL_Driver/Src/stm32f4xx_hal_tim.o
 .text.TIM_ETR_SetConfig
                0x0000000008007ef4       0x40 ./Drivers/STM32F4xx_HAL_Driver/Src/stm32f4xx_hal_tim.o
                0x0000000008007ef4                TIM_ETR_SetConfig
 .text.TIM_CCxChannelCmd
                0x0000000008007f34       0x4a ./Drivers/STM32F4xx_HAL_Driver/Src/stm32f4xx_hal_tim.o
                0x0000000008007f34                TIM_CCxChannelCmd
 *fill*         0x0000000008007f7e        0x2 
 .text.HAL_TIMEx_MasterConfigSynchronization
                0x0000000008007f80       0xdc ./Drivers/STM32F4xx_HAL_Driver/Src/stm32f4xx_hal_tim_ex.o
                0x0000000008007f80                HAL_TIMEx_MasterConfigSynchronization
 .text.HAL_TIMEx_CommutCallback
                0x000000000800805c       0x14 ./Drivers/STM32F4xx_HAL_Driver/Src/stm32f4xx_hal_tim_ex.o
                0x000000000800805c                HAL_TIMEx_CommutCallback
 .text.HAL_TIMEx_BreakCallback
                0x0000000008008070       0x14 ./Drivers/STM32F4xx_HAL_Driver/Src/stm32f4xx_hal_tim_ex.o
                0x0000000008008070                HAL_TIMEx_BreakCallback
 .text.HAL_UART_Init
                0x0000000008008084       0xa0 ./Drivers/STM32F4xx_HAL_Driver/Src/stm32f4xx_hal_uart.o
                0x0000000008008084                HAL_UART_Init
 .text.HAL_UART_Transmit
                0x0000000008008124      0x116 ./Drivers/STM32F4xx_HAL_Driver/Src/stm32f4xx_hal_uart.o
                0x0000000008008124                HAL_UART_Transmit
 .text.HAL_UART_Receive_DMA
                0x000000000800823a       0x4a ./Drivers/STM32F4xx_HAL_Driver/Src/stm32f4xx_hal_uart.o
                0x000000000800823a                HAL_UART_Receive_DMA
 .text.HAL_UART_IRQHandler
                0x0000000008008284      0x524 ./Drivers/STM32F4xx_HAL_Driver/Src/stm32f4xx_hal_uart.o
                0x0000000008008284                HAL_UART_IRQHandler
 .text.HAL_UART_TxCpltCallback
                0x00000000080087a8       0x14 ./Drivers/STM32F4xx_HAL_Driver/Src/stm32f4xx_hal_uart.o
                0x00000000080087a8                HAL_UART_TxCpltCallback
 .text.HAL_UART_RxHalfCpltCallback
                0x00000000080087bc       0x14 ./Drivers/STM32F4xx_HAL_Driver/Src/stm32f4xx_hal_uart.o
                0x00000000080087bc                HAL_UART_RxHalfCpltCallback
 .text.HAL_UART_ErrorCallback
                0x00000000080087d0       0x14 ./Drivers/STM32F4xx_HAL_Driver/Src/stm32f4xx_hal_uart.o
                0x00000000080087d0                HAL_UART_ErrorCallback
 .text.HAL_UARTEx_RxEventCallback
                0x00000000080087e4       0x18 ./Drivers/STM32F4xx_HAL_Driver/Src/stm32f4xx_hal_uart.o
                0x00000000080087e4                HAL_UARTEx_RxEventCallback
 .text.UART_DMAReceiveCplt
                0x00000000080087fc      0x12c ./Drivers/STM32F4xx_HAL_Driver/Src/stm32f4xx_hal_uart.o
 .text.UART_DMARxHalfCplt
                0x0000000008008928       0x3c ./Drivers/STM32F4xx_HAL_Driver/Src/stm32f4xx_hal_uart.o
 .text.UART_DMAError
                0x0000000008008964       0x94 ./Drivers/STM32F4xx_HAL_Driver/Src/stm32f4xx_hal_uart.o
 .text.UART_WaitOnFlagUntilTimeout
                0x00000000080089f8       0xb2 ./Drivers/STM32F4xx_HAL_Driver/Src/stm32f4xx_hal_uart.o
 *fill*         0x0000000008008aaa        0x2 
 .text.UART_Start_Receive_DMA
                0x0000000008008aac      0x134 ./Drivers/STM32F4xx_HAL_Driver/Src/stm32f4xx_hal_uart.o
                0x0000000008008aac                UART_Start_Receive_DMA
 .text.UART_EndTxTransfer
                0x0000000008008be0       0x50 ./Drivers/STM32F4xx_HAL_Driver/Src/stm32f4xx_hal_uart.o
 .text.UART_EndRxTransfer
                0x0000000008008c30       0xc6 ./Drivers/STM32F4xx_HAL_Driver/Src/stm32f4xx_hal_uart.o
 .text.UART_DMAAbortOnError
                0x0000000008008cf6       0x28 ./Drivers/STM32F4xx_HAL_Driver/Src/stm32f4xx_hal_uart.o
 .text.UART_Transmit_IT
                0x0000000008008d1e       0xa0 ./Drivers/STM32F4xx_HAL_Driver/Src/stm32f4xx_hal_uart.o
 .text.UART_EndTransmit_IT
                0x0000000008008dbe       0x30 ./Drivers/STM32F4xx_HAL_Driver/Src/stm32f4xx_hal_uart.o
 .text.UART_Receive_IT
                0x0000000008008dee      0x17c ./Drivers/STM32F4xx_HAL_Driver/Src/stm32f4xx_hal_uart.o
 *fill*         0x0000000008008f6a        0x2 
 .text.UART_SetConfig
                0x0000000008008f6c      0x4e8 ./Drivers/STM32F4xx_HAL_Driver/Src/stm32f4xx_hal_uart.o
 .text.memset   0x0000000008009454       0x10 /opt/st/stm32cubeide_1.14.0/plugins/com.st.stm32cube.ide.mcu.externaltools.gnu-tools-for-stm32.11.3.rel1.linux64_1.1.100.202309141235/tools/bin/../lib/gcc/arm-none-eabi/11.3.1/../../../../arm-none-eabi/lib/thumb/v7e-m+fp/hard/libc_nano.a(libc_a-memset.o)
                0x0000000008009454                memset
 .text.__libc_init_array
                0x0000000008009464       0x48 /opt/st/stm32cubeide_1.14.0/plugins/com.st.stm32cube.ide.mcu.externaltools.gnu-tools-for-stm32.11.3.rel1.linux64_1.1.100.202309141235/tools/bin/../lib/gcc/arm-none-eabi/11.3.1/../../../../arm-none-eabi/lib/thumb/v7e-m+fp/hard/libc_nano.a(libc_a-init.o)
                0x0000000008009464                __libc_init_array
 .text.atan2    0x00000000080094ac        0x4 /opt/st/stm32cubeide_1.14.0/plugins/com.st.stm32cube.ide.mcu.externaltools.gnu-tools-for-stm32.11.3.rel1.linux64_1.1.100.202309141235/tools/bin/../lib/gcc/arm-none-eabi/11.3.1/../../../../arm-none-eabi/lib/thumb/v7e-m+fp/hard/libm.a(libm_a-w_atan2.o)
                0x00000000080094ac                atan2
 .text.cos      0x00000000080094b0       0xa8 /opt/st/stm32cubeide_1.14.0/plugins/com.st.stm32cube.ide.mcu.externaltools.gnu-tools-for-stm32.11.3.rel1.linux64_1.1.100.202309141235/tools/bin/../lib/gcc/arm-none-eabi/11.3.1/../../../../arm-none-eabi/lib/thumb/v7e-m+fp/hard/libm.a(libm_a-s_cos.o)
                0x00000000080094b0                cos
 .text.sin      0x0000000008009558       0xb0 /opt/st/stm32cubeide_1.14.0/plugins/com.st.stm32cube.ide.mcu.externaltools.gnu-tools-for-stm32.11.3.rel1.linux64_1.1.100.202309141235/tools/bin/../lib/gcc/arm-none-eabi/11.3.1/../../../../arm-none-eabi/lib/thumb/v7e-m+fp/hard/libm.a(libm_a-s_sin.o)
                0x0000000008009558                sin
 .text.__kernel_cos
                0x0000000008009608      0x18c /opt/st/stm32cubeide_1.14.0/plugins/com.st.stm32cube.ide.mcu.externaltools.gnu-tools-for-stm32.11.3.rel1.linux64_1.1.100.202309141235/tools/bin/../lib/gcc/arm-none-eabi/11.3.1/../../../../arm-none-eabi/lib/thumb/v7e-m+fp/hard/libm.a(libm_a-k_cos.o)
                0x0000000008009608                __kernel_cos
 *fill*         0x0000000008009794        0x4 
 .text.__kernel_sin
                0x0000000008009798      0x17c /opt/st/stm32cubeide_1.14.0/plugins/com.st.stm32cube.ide.mcu.externaltools.gnu-tools-for-stm32.11.3.rel1.linux64_1.1.100.202309141235/tools/bin/../lib/gcc/arm-none-eabi/11.3.1/../../../../arm-none-eabi/lib/thumb/v7e-m+fp/hard/libm.a(libm_a-k_sin.o)
                0x0000000008009798                __kernel_sin
 *fill*         0x0000000008009914        0x4 
 .text.__ieee754_atan2
                0x0000000008009918      0x18c /opt/st/stm32cubeide_1.14.0/plugins/com.st.stm32cube.ide.mcu.externaltools.gnu-tools-for-stm32.11.3.rel1.linux64_1.1.100.202309141235/tools/bin/../lib/gcc/arm-none-eabi/11.3.1/../../../../arm-none-eabi/lib/thumb/v7e-m+fp/hard/libm.a(libm_a-e_atan2.o)
                0x0000000008009918                __ieee754_atan2
 *fill*         0x0000000008009aa4        0x4 
 .text.__ieee754_rem_pio2
                0x0000000008009aa8      0x40c /opt/st/stm32cubeide_1.14.0/plugins/com.st.stm32cube.ide.mcu.externaltools.gnu-tools-for-stm32.11.3.rel1.linux64_1.1.100.202309141235/tools/bin/../lib/gcc/arm-none-eabi/11.3.1/../../../../arm-none-eabi/lib/thumb/v7e-m+fp/hard/libm.a(libm_a-e_rem_pio2.o)
                0x0000000008009aa8                __ieee754_rem_pio2
 *fill*         0x0000000008009eb4        0x4 
 .text.atan     0x0000000008009eb8      0x340 /opt/st/stm32cubeide_1.14.0/plugins/com.st.stm32cube.ide.mcu.externaltools.gnu-tools-for-stm32.11.3.rel1.linux64_1.1.100.202309141235/tools/bin/../lib/gcc/arm-none-eabi/11.3.1/../../../../arm-none-eabi/lib/thumb/v7e-m+fp/hard/libm.a(libm_a-s_atan.o)
                0x0000000008009eb8                atan
 .text.fabs     0x000000000800a1f8       0x12 /opt/st/stm32cubeide_1.14.0/plugins/com.st.stm32cube.ide.mcu.externaltools.gnu-tools-for-stm32.11.3.rel1.linux64_1.1.100.202309141235/tools/bin/../lib/gcc/arm-none-eabi/11.3.1/../../../../arm-none-eabi/lib/thumb/v7e-m+fp/hard/libm.a(libm_a-s_fabs.o)
                0x000000000800a1f8                fabs
 *fill*         0x000000000800a20a        0x6 
 .text.__kernel_rem_pio2
                0x000000000800a210      0x69c /opt/st/stm32cubeide_1.14.0/plugins/com.st.stm32cube.ide.mcu.externaltools.gnu-tools-for-stm32.11.3.rel1.linux64_1.1.100.202309141235/tools/bin/../lib/gcc/arm-none-eabi/11.3.1/../../../../arm-none-eabi/lib/thumb/v7e-m+fp/hard/libm.a(libm_a-k_rem_pio2.o)
                0x000000000800a210                __kernel_rem_pio2
 *fill*         0x000000000800a8ac        0x4 
 .text.scalbn   0x000000000800a8b0       0xfc /opt/st/stm32cubeide_1.14.0/plugins/com.st.stm32cube.ide.mcu.externaltools.gnu-tools-for-stm32.11.3.rel1.linux64_1.1.100.202309141235/tools/bin/../lib/gcc/arm-none-eabi/11.3.1/../../../../arm-none-eabi/lib/thumb/v7e-m+fp/hard/libm.a(libm_a-s_scalbn.o)
                0x000000000800a8b0                scalbn
 *fill*         0x000000000800a9ac        0x4 
 .text.floor    0x000000000800a9b0      0x100 /opt/st/stm32cubeide_1.14.0/plugins/com.st.stm32cube.ide.mcu.externaltools.gnu-tools-for-stm32.11.3.rel1.linux64_1.1.100.202309141235/tools/bin/../lib/gcc/arm-none-eabi/11.3.1/../../../../arm-none-eabi/lib/thumb/v7e-m+fp/hard/libm.a(libm_a-s_floor.o)
                0x000000000800a9b0                floor
 *(.glue_7)
 .glue_7        0x000000000800aab0        0x0 linker stubs
 *(.glue_7t)
 .glue_7t       0x000000000800aab0        0x0 linker stubs
 *(.eh_frame)
 .eh_frame      0x000000000800aab0        0x0 /opt/st/stm32cubeide_1.14.0/plugins/com.st.stm32cube.ide.mcu.externaltools.gnu-tools-for-stm32.11.3.rel1.linux64_1.1.100.202309141235/tools/bin/../lib/gcc/arm-none-eabi/11.3.1/thumb/v7e-m+fp/hard/crtbegin.o
 *(.init)
 .init          0x000000000800aab0        0x4 /opt/st/stm32cubeide_1.14.0/plugins/com.st.stm32cube.ide.mcu.externaltools.gnu-tools-for-stm32.11.3.rel1.linux64_1.1.100.202309141235/tools/bin/../lib/gcc/arm-none-eabi/11.3.1/thumb/v7e-m+fp/hard/crti.o
                0x000000000800aab0                _init
 .init          0x000000000800aab4        0x8 /opt/st/stm32cubeide_1.14.0/plugins/com.st.stm32cube.ide.mcu.externaltools.gnu-tools-for-stm32.11.3.rel1.linux64_1.1.100.202309141235/tools/bin/../lib/gcc/arm-none-eabi/11.3.1/thumb/v7e-m+fp/hard/crtn.o
 *(.fini)
 .fini          0x000000000800aabc        0x4 /opt/st/stm32cubeide_1.14.0/plugins/com.st.stm32cube.ide.mcu.externaltools.gnu-tools-for-stm32.11.3.rel1.linux64_1.1.100.202309141235/tools/bin/../lib/gcc/arm-none-eabi/11.3.1/thumb/v7e-m+fp/hard/crti.o
                0x000000000800aabc                _fini
 .fini          0x000000000800aac0        0x8 /opt/st/stm32cubeide_1.14.0/plugins/com.st.stm32cube.ide.mcu.externaltools.gnu-tools-for-stm32.11.3.rel1.linux64_1.1.100.202309141235/tools/bin/../lib/gcc/arm-none-eabi/11.3.1/thumb/v7e-m+fp/hard/crtn.o
                0x000000000800aac8                . = ALIGN (0x4)
                0x000000000800aac8                _etext = .

.vfp11_veneer   0x000000000800aac8        0x0
 .vfp11_veneer  0x000000000800aac8        0x0 linker stubs

.v4_bx          0x000000000800aac8        0x0
 .v4_bx         0x000000000800aac8        0x0 linker stubs

.iplt           0x000000000800aac8        0x0
 .iplt          0x000000000800aac8        0x0 /opt/st/stm32cubeide_1.14.0/plugins/com.st.stm32cube.ide.mcu.externaltools.gnu-tools-for-stm32.11.3.rel1.linux64_1.1.100.202309141235/tools/bin/../lib/gcc/arm-none-eabi/11.3.1/thumb/v7e-m+fp/hard/crtbegin.o

.rodata         0x000000000800aac8      0x268
                0x000000000800aac8                . = ALIGN (0x4)
 *(.rodata)
 *(.rodata*)
 .rodata.AHBPrescTable
                0x000000000800aac8       0x10 ./Core/Src/system_stm32f4xx.o
                0x000000000800aac8                AHBPrescTable
 .rodata.APBPrescTable
                0x000000000800aad8        0x8 ./Core/Src/system_stm32f4xx.o
                0x000000000800aad8                APBPrescTable
 .rodata.flagBitshiftOffset.0
                0x000000000800aae0        0x8 ./Drivers/STM32F4xx_HAL_Driver/Src/stm32f4xx_hal_dma.o
 .rodata.CSWTCH.8
                0x000000000800aae8       0x18 /opt/st/stm32cubeide_1.14.0/plugins/com.st.stm32cube.ide.mcu.externaltools.gnu-tools-for-stm32.11.3.rel1.linux64_1.1.100.202309141235/tools/bin/../lib/gcc/arm-none-eabi/11.3.1/../../../../arm-none-eabi/lib/thumb/v7e-m+fp/hard/libm.a(libm_a-e_atan2.o)
 .rodata.CSWTCH.9
                0x000000000800ab00       0x18 /opt/st/stm32cubeide_1.14.0/plugins/com.st.stm32cube.ide.mcu.externaltools.gnu-tools-for-stm32.11.3.rel1.linux64_1.1.100.202309141235/tools/bin/../lib/gcc/arm-none-eabi/11.3.1/../../../../arm-none-eabi/lib/thumb/v7e-m+fp/hard/libm.a(libm_a-e_atan2.o)
 .rodata.npio2_hw
                0x000000000800ab18       0x80 /opt/st/stm32cubeide_1.14.0/plugins/com.st.stm32cube.ide.mcu.externaltools.gnu-tools-for-stm32.11.3.rel1.linux64_1.1.100.202309141235/tools/bin/../lib/gcc/arm-none-eabi/11.3.1/../../../../arm-none-eabi/lib/thumb/v7e-m+fp/hard/libm.a(libm_a-e_rem_pio2.o)
 .rodata.two_over_pi
                0x000000000800ab98      0x108 /opt/st/stm32cubeide_1.14.0/plugins/com.st.stm32cube.ide.mcu.externaltools.gnu-tools-for-stm32.11.3.rel1.linux64_1.1.100.202309141235/tools/bin/../lib/gcc/arm-none-eabi/11.3.1/../../../../arm-none-eabi/lib/thumb/v7e-m+fp/hard/libm.a(libm_a-e_rem_pio2.o)
 .rodata.atanhi
                0x000000000800aca0       0x20 /opt/st/stm32cubeide_1.14.0/plugins/com.st.stm32cube.ide.mcu.externaltools.gnu-tools-for-stm32.11.3.rel1.linux64_1.1.100.202309141235/tools/bin/../lib/gcc/arm-none-eabi/11.3.1/../../../../arm-none-eabi/lib/thumb/v7e-m+fp/hard/libm.a(libm_a-s_atan.o)
 .rodata.atanlo
                0x000000000800acc0       0x20 /opt/st/stm32cubeide_1.14.0/plugins/com.st.stm32cube.ide.mcu.externaltools.gnu-tools-for-stm32.11.3.rel1.linux64_1.1.100.202309141235/tools/bin/../lib/gcc/arm-none-eabi/11.3.1/../../../../arm-none-eabi/lib/thumb/v7e-m+fp/hard/libm.a(libm_a-s_atan.o)
 .rodata.PIo2   0x000000000800ace0       0x40 /opt/st/stm32cubeide_1.14.0/plugins/com.st.stm32cube.ide.mcu.externaltools.gnu-tools-for-stm32.11.3.rel1.linux64_1.1.100.202309141235/tools/bin/../lib/gcc/arm-none-eabi/11.3.1/../../../../arm-none-eabi/lib/thumb/v7e-m+fp/hard/libm.a(libm_a-k_rem_pio2.o)
 .rodata.init_jk
                0x000000000800ad20       0x10 /opt/st/stm32cubeide_1.14.0/plugins/com.st.stm32cube.ide.mcu.externaltools.gnu-tools-for-stm32.11.3.rel1.linux64_1.1.100.202309141235/tools/bin/../lib/gcc/arm-none-eabi/11.3.1/../../../../arm-none-eabi/lib/thumb/v7e-m+fp/hard/libm.a(libm_a-k_rem_pio2.o)
                0x000000000800ad30                . = ALIGN (0x4)

.ARM.extab      0x000000000800ad30        0x0
                0x000000000800ad30                . = ALIGN (0x4)
 *(.ARM.extab* .gnu.linkonce.armextab.*)
                0x000000000800ad30                . = ALIGN (0x4)

.ARM            0x000000000800ad30        0x8
                0x000000000800ad30                . = ALIGN (0x4)
                0x000000000800ad30                __exidx_start = .
 *(.ARM.exidx*)
 .ARM.exidx     0x000000000800ad30        0x8 /opt/st/stm32cubeide_1.14.0/plugins/com.st.stm32cube.ide.mcu.externaltools.gnu-tools-for-stm32.11.3.rel1.linux64_1.1.100.202309141235/tools/bin/../lib/gcc/arm-none-eabi/11.3.1/thumb/v7e-m+fp/hard/libgcc.a(_udivmoddi4.o)
                0x000000000800ad38                __exidx_end = .
                0x000000000800ad38                . = ALIGN (0x4)

.rel.dyn        0x000000000800ad38        0x0
 .rel.iplt      0x000000000800ad38        0x0 /opt/st/stm32cubeide_1.14.0/plugins/com.st.stm32cube.ide.mcu.externaltools.gnu-tools-for-stm32.11.3.rel1.linux64_1.1.100.202309141235/tools/bin/../lib/gcc/arm-none-eabi/11.3.1/thumb/v7e-m+fp/hard/crtbegin.o

.preinit_array  0x000000000800ad38        0x0
                0x000000000800ad38                . = ALIGN (0x4)
                0x000000000800ad38                PROVIDE (__preinit_array_start = .)
 *(.preinit_array*)
                0x000000000800ad38                PROVIDE (__preinit_array_end = .)
                0x000000000800ad38                . = ALIGN (0x4)

.init_array     0x000000000800ad38        0x4
                0x000000000800ad38                . = ALIGN (0x4)
                0x000000000800ad38                PROVIDE (__init_array_start = .)
 *(SORT_BY_NAME(.init_array.*))
 *(.init_array*)
 .init_array    0x000000000800ad38        0x4 /opt/st/stm32cubeide_1.14.0/plugins/com.st.stm32cube.ide.mcu.externaltools.gnu-tools-for-stm32.11.3.rel1.linux64_1.1.100.202309141235/tools/bin/../lib/gcc/arm-none-eabi/11.3.1/thumb/v7e-m+fp/hard/crtbegin.o
                0x000000000800ad3c                PROVIDE (__init_array_end = .)
                0x000000000800ad3c                . = ALIGN (0x4)

.fini_array     0x000000000800ad3c        0x4
                0x000000000800ad3c                . = ALIGN (0x4)
                [!provide]                        PROVIDE (__fini_array_start = .)
 *(SORT_BY_NAME(.fini_array.*))
 *(.fini_array*)
 .fini_array    0x000000000800ad3c        0x4 /opt/st/stm32cubeide_1.14.0/plugins/com.st.stm32cube.ide.mcu.externaltools.gnu-tools-for-stm32.11.3.rel1.linux64_1.1.100.202309141235/tools/bin/../lib/gcc/arm-none-eabi/11.3.1/thumb/v7e-m+fp/hard/crtbegin.o
                [!provide]                        PROVIDE (__fini_array_end = .)
                0x000000000800ad40                . = ALIGN (0x4)
                0x000000000800ad40                _sidata = LOADADDR (.data)

.data           0x0000000020000000        0xc load address 0x000000000800ad40
                0x0000000020000000                . = ALIGN (0x4)
                0x0000000020000000                _sdata = .
 *(.data)
 *(.data*)
 .data.SystemCoreClock
                0x0000000020000000        0x4 ./Core/Src/system_stm32f4xx.o
                0x0000000020000000                SystemCoreClock
 .data.uwTickPrio
                0x0000000020000004        0x4 ./Drivers/STM32F4xx_HAL_Driver/Src/stm32f4xx_hal.o
                0x0000000020000004                uwTickPrio
 .data.uwTickFreq
                0x0000000020000008        0x1 ./Drivers/STM32F4xx_HAL_Driver/Src/stm32f4xx_hal.o
                0x0000000020000008                uwTickFreq
 *(.RamFunc)
 *(.RamFunc*)
                0x000000002000000c                . = ALIGN (0x4)
 *fill*         0x0000000020000009        0x3 
                0x000000002000000c                _edata = .

.igot.plt       0x000000002000000c        0x0 load address 0x000000000800ad4c
 .igot.plt      0x000000002000000c        0x0 /opt/st/stm32cubeide_1.14.0/plugins/com.st.stm32cube.ide.mcu.externaltools.gnu-tools-for-stm32.11.3.rel1.linux64_1.1.100.202309141235/tools/bin/../lib/gcc/arm-none-eabi/11.3.1/thumb/v7e-m+fp/hard/crtbegin.o
                0x000000002000000c                . = ALIGN (0x4)

.bss            0x0000000020000010      0xbc4 load address 0x000000000800ad4c
                0x0000000020000010                _sbss = .
                0x0000000020000010                __bss_start__ = _sbss
 *(.bss)
 .bss           0x0000000020000010       0x1c /opt/st/stm32cubeide_1.14.0/plugins/com.st.stm32cube.ide.mcu.externaltools.gnu-tools-for-stm32.11.3.rel1.linux64_1.1.100.202309141235/tools/bin/../lib/gcc/arm-none-eabi/11.3.1/thumb/v7e-m+fp/hard/crtbegin.o
 *(.bss*)
 .bss.huart_ctrl
                0x000000002000002c        0x4 ./Core/Src/communication_full.o
 .bss.rxbuf_get_ctrl
                0x0000000020000030       0x13 ./Core/Src/communication_full.o
 *fill*         0x0000000020000043        0x1 
 .bss.rx_buf_command
                0x0000000020000044       0x13 ./Core/Src/communication_full.o
 *fill*         0x0000000020000057        0x1 
 .bss.rx_buf_holder
                0x0000000020000058       0x64 ./Core/Src/communication_full.o
 .bss.id_holder
                0x00000000200000bc        0x1 ./Core/Src/communication_full.o
 *fill*         0x00000000200000bd        0x3 
 .bss.htim1     0x00000000200000c0       0x48 ./Core/Src/main.o
                0x00000000200000c0                htim1
 .bss.htim2     0x0000000020000108       0x48 ./Core/Src/main.o
                0x0000000020000108                htim2
 .bss.htim3     0x0000000020000150       0x48 ./Core/Src/main.o
                0x0000000020000150                htim3
 .bss.htim4     0x0000000020000198       0x48 ./Core/Src/main.o
                0x0000000020000198                htim4
 .bss.htim5     0x00000000200001e0       0x48 ./Core/Src/main.o
                0x00000000200001e0                htim5
 .bss.htim9     0x0000000020000228       0x48 ./Core/Src/main.o
                0x0000000020000228                htim9
 .bss.htim10    0x0000000020000270       0x48 ./Core/Src/main.o
                0x0000000020000270                htim10
 .bss.htim11    0x00000000200002b8       0x48 ./Core/Src/main.o
                0x00000000200002b8                htim11
 .bss.huart6    0x0000000020000300       0x48 ./Core/Src/main.o
                0x0000000020000300                huart6
 .bss.hdma_usart6_rx
                0x0000000020000348       0x60 ./Core/Src/main.o
                0x0000000020000348                hdma_usart6_rx
 .bss.aktuator  0x00000000200003a8       0x18 ./Core/Src/main.o
                0x00000000200003a8                aktuator
 .bss.kinematic
                0x00000000200003c0       0xa0 ./Core/Src/main.o
                0x00000000200003c0                kinematic
 .bss.pid_vy    0x0000000020000460       0x38 ./Core/Src/main.o
                0x0000000020000460                pid_vy
 .bss.pid_vx    0x0000000020000498       0x38 ./Core/Src/main.o
                0x0000000020000498                pid_vx
 .bss.pid_vt    0x00000000200004d0       0x38 ./Core/Src/main.o
                0x00000000200004d0                pid_vt
 .bss.pid_yaw   0x0000000020000508       0x38 ./Core/Src/main.o
                0x0000000020000508                pid_yaw
 .bss.message_from_sensor
                0x0000000020000540      0x50c ./Core/Src/main.o
                0x0000000020000540                message_from_sensor
 .bss.CurrentTick
                0x0000000020000a4c        0x4 ./Core/Src/main.o
                0x0000000020000a4c                CurrentTick
 .bss.SendDataTick
                0x0000000020000a50        0x4 ./Core/Src/main.o
                0x0000000020000a50                SendDataTick
 .bss.astarlength
                0x0000000020000a54        0x4 ./Core/Src/main.o
                0x0000000020000a54                astarlength
 .bss.astarid   0x0000000020000a58        0x4 ./Core/Src/main.o
                0x0000000020000a58                astarid
 .bss.lastlength
                0x0000000020000a5c        0x4 ./Core/Src/main.o
                0x0000000020000a5c                lastlength
 .bss.lastid    0x0000000020000a60        0x4 ./Core/Src/main.o
                0x0000000020000a60                lastid
 .bss.lastcmd   0x0000000020000a64        0x4 ./Core/Src/main.o
                0x0000000020000a64                lastcmd
 .bss.last_i    0x0000000020000a68        0x4 ./Core/Src/main.o
                0x0000000020000a68                last_i
 .bss.msgid     0x0000000020000a6c        0x4 ./Core/Src/main.o
                0x0000000020000a6c                msgid
 .bss.current_msgid
                0x0000000020000a70        0x4 ./Core/Src/main.o
                0x0000000020000a70                current_msgid
 .bss.data_sx   0x0000000020000a74        0x2 ./Core/Src/main.o
                0x0000000020000a74                data_sx
 .bss.data_sy   0x0000000020000a76        0x2 ./Core/Src/main.o
                0x0000000020000a76                data_sy
 .bss.data_st   0x0000000020000a78        0x2 ./Core/Src/main.o
                0x0000000020000a78                data_st
 .bss.flag_interrupt
                0x0000000020000a7a        0x1 ./Core/Src/main.o
                0x0000000020000a7a                flag_interrupt
 *fill*         0x0000000020000a7b        0x1 
 .bss.motor_A   0x0000000020000a7c       0x3c ./Core/Src/stm32f4xx_it.o
                0x0000000020000a7c                motor_A
 .bss.motor_B   0x0000000020000ab8       0x3c ./Core/Src/stm32f4xx_it.o
                0x0000000020000ab8                motor_B
 .bss.motor_C   0x0000000020000af4       0x3c ./Core/Src/stm32f4xx_it.o
                0x0000000020000af4                motor_C
 .bss.motor_D   0x0000000020000b30       0x3c ./Core/Src/stm32f4xx_it.o
                0x0000000020000b30                motor_D
 .bss.encoder_A
                0x0000000020000b6c       0x18 ./Core/Src/stm32f4xx_it.o
                0x0000000020000b6c                encoder_A
 .bss.encoder_B
                0x0000000020000b84       0x18 ./Core/Src/stm32f4xx_it.o
                0x0000000020000b84                encoder_B
 .bss.encoder_C
                0x0000000020000b9c       0x18 ./Core/Src/stm32f4xx_it.o
                0x0000000020000b9c                encoder_C
 .bss.encoder_D
                0x0000000020000bb4       0x18 ./Core/Src/stm32f4xx_it.o
                0x0000000020000bb4                encoder_D
 .bss.indexPos  0x0000000020000bcc        0x4 ./Core/Src/stm32f4xx_it.o
                0x0000000020000bcc                indexPos
 .bss.uwTick    0x0000000020000bd0        0x4 ./Drivers/STM32F4xx_HAL_Driver/Src/stm32f4xx_hal.o
                0x0000000020000bd0                uwTick
 *(COMMON)
                0x0000000020000bd4                . = ALIGN (0x4)
                0x0000000020000bd4                _ebss = .
                0x0000000020000bd4                __bss_end__ = _ebss

._user_heap_stack
                0x0000000020000bd4      0x604 load address 0x000000000800ad4c
                0x0000000020000bd8                . = ALIGN (0x8)
 *fill*         0x0000000020000bd4        0x4 
                [!provide]                        PROVIDE (end = .)
                0x0000000020000bd8                PROVIDE (_end = .)
                0x0000000020000dd8                . = (. + _Min_Heap_Size)
 *fill*         0x0000000020000bd8      0x200 
                0x00000000200011d8                . = (. + _Min_Stack_Size)
 *fill*         0x0000000020000dd8      0x400 
                0x00000000200011d8                . = ALIGN (0x8)

/DISCARD/
 libc.a(*)
 libm.a(*)
 libgcc.a(*)

.ARM.attributes
                0x0000000000000000       0x30
 *(.ARM.attributes)
 .ARM.attributes
                0x0000000000000000       0x1e /opt/st/stm32cubeide_1.14.0/plugins/com.st.stm32cube.ide.mcu.externaltools.gnu-tools-for-stm32.11.3.rel1.linux64_1.1.100.202309141235/tools/bin/../lib/gcc/arm-none-eabi/11.3.1/thumb/v7e-m+fp/hard/crti.o
 .ARM.attributes
                0x000000000000001e       0x34 /opt/st/stm32cubeide_1.14.0/plugins/com.st.stm32cube.ide.mcu.externaltools.gnu-tools-for-stm32.11.3.rel1.linux64_1.1.100.202309141235/tools/bin/../lib/gcc/arm-none-eabi/11.3.1/thumb/v7e-m+fp/hard/crtbegin.o
 .ARM.attributes
                0x0000000000000052       0x34 ./Core/Src/Aktuator.o
 .ARM.attributes
                0x0000000000000086       0x34 ./Core/Src/Motor.o
 .ARM.attributes
                0x00000000000000ba       0x34 ./Core/Src/PID_Driver.o
 .ARM.attributes
                0x00000000000000ee       0x34 ./Core/Src/communication_full.o
 .ARM.attributes
                0x0000000000000122       0x34 ./Core/Src/main.o
 .ARM.attributes
                0x0000000000000156       0x34 ./Core/Src/stm32f4xx_hal_msp.o
 .ARM.attributes
                0x000000000000018a       0x34 ./Core/Src/stm32f4xx_it.o
 .ARM.attributes
                0x00000000000001be       0x34 ./Core/Src/system_stm32f4xx.o
 .ARM.attributes
                0x00000000000001f2       0x21 ./Core/Startup/startup_stm32f411ccux.o
 .ARM.attributes
                0x0000000000000213       0x34 ./Drivers/STM32F4xx_HAL_Driver/Src/stm32f4xx_hal.o
 .ARM.attributes
                0x0000000000000247       0x34 ./Drivers/STM32F4xx_HAL_Driver/Src/stm32f4xx_hal_cortex.o
 .ARM.attributes
                0x000000000000027b       0x34 ./Drivers/STM32F4xx_HAL_Driver/Src/stm32f4xx_hal_dma.o
 .ARM.attributes
                0x00000000000002af       0x34 ./Drivers/STM32F4xx_HAL_Driver/Src/stm32f4xx_hal_gpio.o
 .ARM.attributes
                0x00000000000002e3       0x34 ./Drivers/STM32F4xx_HAL_Driver/Src/stm32f4xx_hal_rcc.o
 .ARM.attributes
                0x0000000000000317       0x34 ./Drivers/STM32F4xx_HAL_Driver/Src/stm32f4xx_hal_tim.o
 .ARM.attributes
                0x000000000000034b       0x34 ./Drivers/STM32F4xx_HAL_Driver/Src/stm32f4xx_hal_tim_ex.o
 .ARM.attributes
                0x000000000000037f       0x34 ./Drivers/STM32F4xx_HAL_Driver/Src/stm32f4xx_hal_uart.o
 .ARM.attributes
                0x00000000000003b3       0x34 /opt/st/stm32cubeide_1.14.0/plugins/com.st.stm32cube.ide.mcu.externaltools.gnu-tools-for-stm32.11.3.rel1.linux64_1.1.100.202309141235/tools/bin/../lib/gcc/arm-none-eabi/11.3.1/../../../../arm-none-eabi/lib/thumb/v7e-m+fp/hard/libc_nano.a(libc_a-memset.o)
 .ARM.attributes
                0x00000000000003e7       0x34 /opt/st/stm32cubeide_1.14.0/plugins/com.st.stm32cube.ide.mcu.externaltools.gnu-tools-for-stm32.11.3.rel1.linux64_1.1.100.202309141235/tools/bin/../lib/gcc/arm-none-eabi/11.3.1/../../../../arm-none-eabi/lib/thumb/v7e-m+fp/hard/libc_nano.a(libc_a-init.o)
 .ARM.attributes
                0x000000000000041b       0x34 /opt/st/stm32cubeide_1.14.0/plugins/com.st.stm32cube.ide.mcu.externaltools.gnu-tools-for-stm32.11.3.rel1.linux64_1.1.100.202309141235/tools/bin/../lib/gcc/arm-none-eabi/11.3.1/../../../../arm-none-eabi/lib/thumb/v7e-m+fp/hard/libm.a(libm_a-w_atan2.o)
 .ARM.attributes
                0x000000000000044f       0x34 /opt/st/stm32cubeide_1.14.0/plugins/com.st.stm32cube.ide.mcu.externaltools.gnu-tools-for-stm32.11.3.rel1.linux64_1.1.100.202309141235/tools/bin/../lib/gcc/arm-none-eabi/11.3.1/../../../../arm-none-eabi/lib/thumb/v7e-m+fp/hard/libm.a(libm_a-s_cos.o)
 .ARM.attributes
                0x0000000000000483       0x34 /opt/st/stm32cubeide_1.14.0/plugins/com.st.stm32cube.ide.mcu.externaltools.gnu-tools-for-stm32.11.3.rel1.linux64_1.1.100.202309141235/tools/bin/../lib/gcc/arm-none-eabi/11.3.1/../../../../arm-none-eabi/lib/thumb/v7e-m+fp/hard/libm.a(libm_a-s_sin.o)
 .ARM.attributes
                0x00000000000004b7       0x34 /opt/st/stm32cubeide_1.14.0/plugins/com.st.stm32cube.ide.mcu.externaltools.gnu-tools-for-stm32.11.3.rel1.linux64_1.1.100.202309141235/tools/bin/../lib/gcc/arm-none-eabi/11.3.1/../../../../arm-none-eabi/lib/thumb/v7e-m+fp/hard/libm.a(libm_a-k_cos.o)
 .ARM.attributes
                0x00000000000004eb       0x34 /opt/st/stm32cubeide_1.14.0/plugins/com.st.stm32cube.ide.mcu.externaltools.gnu-tools-for-stm32.11.3.rel1.linux64_1.1.100.202309141235/tools/bin/../lib/gcc/arm-none-eabi/11.3.1/../../../../arm-none-eabi/lib/thumb/v7e-m+fp/hard/libm.a(libm_a-k_sin.o)
 .ARM.attributes
                0x000000000000051f       0x34 /opt/st/stm32cubeide_1.14.0/plugins/com.st.stm32cube.ide.mcu.externaltools.gnu-tools-for-stm32.11.3.rel1.linux64_1.1.100.202309141235/tools/bin/../lib/gcc/arm-none-eabi/11.3.1/../../../../arm-none-eabi/lib/thumb/v7e-m+fp/hard/libm.a(libm_a-e_atan2.o)
 .ARM.attributes
                0x0000000000000553       0x34 /opt/st/stm32cubeide_1.14.0/plugins/com.st.stm32cube.ide.mcu.externaltools.gnu-tools-for-stm32.11.3.rel1.linux64_1.1.100.202309141235/tools/bin/../lib/gcc/arm-none-eabi/11.3.1/../../../../arm-none-eabi/lib/thumb/v7e-m+fp/hard/libm.a(libm_a-e_rem_pio2.o)
 .ARM.attributes
                0x0000000000000587       0x34 /opt/st/stm32cubeide_1.14.0/plugins/com.st.stm32cube.ide.mcu.externaltools.gnu-tools-for-stm32.11.3.rel1.linux64_1.1.100.202309141235/tools/bin/../lib/gcc/arm-none-eabi/11.3.1/../../../../arm-none-eabi/lib/thumb/v7e-m+fp/hard/libm.a(libm_a-s_atan.o)
 .ARM.attributes
                0x00000000000005bb       0x34 /opt/st/stm32cubeide_1.14.0/plugins/com.st.stm32cube.ide.mcu.externaltools.gnu-tools-for-stm32.11.3.rel1.linux64_1.1.100.202309141235/tools/bin/../lib/gcc/arm-none-eabi/11.3.1/../../../../arm-none-eabi/lib/thumb/v7e-m+fp/hard/libm.a(libm_a-s_fabs.o)
 .ARM.attributes
                0x00000000000005ef       0x34 /opt/st/stm32cubeide_1.14.0/plugins/com.st.stm32cube.ide.mcu.externaltools.gnu-tools-for-stm32.11.3.rel1.linux64_1.1.100.202309141235/tools/bin/../lib/gcc/arm-none-eabi/11.3.1/../../../../arm-none-eabi/lib/thumb/v7e-m+fp/hard/libm.a(libm_a-k_rem_pio2.o)
 .ARM.attributes
                0x0000000000000623       0x34 /opt/st/stm32cubeide_1.14.0/plugins/com.st.stm32cube.ide.mcu.externaltools.gnu-tools-for-stm32.11.3.rel1.linux64_1.1.100.202309141235/tools/bin/../lib/gcc/arm-none-eabi/11.3.1/../../../../arm-none-eabi/lib/thumb/v7e-m+fp/hard/libm.a(libm_a-s_scalbn.o)
 .ARM.attributes
                0x0000000000000657       0x34 /opt/st/stm32cubeide_1.14.0/plugins/com.st.stm32cube.ide.mcu.externaltools.gnu-tools-for-stm32.11.3.rel1.linux64_1.1.100.202309141235/tools/bin/../lib/gcc/arm-none-eabi/11.3.1/../../../../arm-none-eabi/lib/thumb/v7e-m+fp/hard/libm.a(libm_a-s_floor.o)
 .ARM.attributes
                0x000000000000068b       0x1e /opt/st/stm32cubeide_1.14.0/plugins/com.st.stm32cube.ide.mcu.externaltools.gnu-tools-for-stm32.11.3.rel1.linux64_1.1.100.202309141235/tools/bin/../lib/gcc/arm-none-eabi/11.3.1/thumb/v7e-m+fp/hard/libgcc.a(_arm_addsubdf3.o)
 .ARM.attributes
                0x00000000000006a9       0x1e /opt/st/stm32cubeide_1.14.0/plugins/com.st.stm32cube.ide.mcu.externaltools.gnu-tools-for-stm32.11.3.rel1.linux64_1.1.100.202309141235/tools/bin/../lib/gcc/arm-none-eabi/11.3.1/thumb/v7e-m+fp/hard/libgcc.a(_arm_muldivdf3.o)
 .ARM.attributes
                0x00000000000006c7       0x1e /opt/st/stm32cubeide_1.14.0/plugins/com.st.stm32cube.ide.mcu.externaltools.gnu-tools-for-stm32.11.3.rel1.linux64_1.1.100.202309141235/tools/bin/../lib/gcc/arm-none-eabi/11.3.1/thumb/v7e-m+fp/hard/libgcc.a(_arm_cmpdf2.o)
 .ARM.attributes
                0x00000000000006e5       0x1e /opt/st/stm32cubeide_1.14.0/plugins/com.st.stm32cube.ide.mcu.externaltools.gnu-tools-for-stm32.11.3.rel1.linux64_1.1.100.202309141235/tools/bin/../lib/gcc/arm-none-eabi/11.3.1/thumb/v7e-m+fp/hard/libgcc.a(_arm_fixdfsi.o)
 .ARM.attributes
                0x0000000000000703       0x1e /opt/st/stm32cubeide_1.14.0/plugins/com.st.stm32cube.ide.mcu.externaltools.gnu-tools-for-stm32.11.3.rel1.linux64_1.1.100.202309141235/tools/bin/../lib/gcc/arm-none-eabi/11.3.1/thumb/v7e-m+fp/hard/libgcc.a(_arm_truncdfsf2.o)
 .ARM.attributes
                0x0000000000000721       0x1e /opt/st/stm32cubeide_1.14.0/plugins/com.st.stm32cube.ide.mcu.externaltools.gnu-tools-for-stm32.11.3.rel1.linux64_1.1.100.202309141235/tools/bin/../lib/gcc/arm-none-eabi/11.3.1/thumb/v7e-m+fp/hard/libgcc.a(_aeabi_uldivmod.o)
 .ARM.attributes
                0x000000000000073f       0x34 /opt/st/stm32cubeide_1.14.0/plugins/com.st.stm32cube.ide.mcu.externaltools.gnu-tools-for-stm32.11.3.rel1.linux64_1.1.100.202309141235/tools/bin/../lib/gcc/arm-none-eabi/11.3.1/thumb/v7e-m+fp/hard/libgcc.a(_udivmoddi4.o)
 .ARM.attributes
                0x0000000000000773       0x1e /opt/st/stm32cubeide_1.14.0/plugins/com.st.stm32cube.ide.mcu.externaltools.gnu-tools-for-stm32.11.3.rel1.linux64_1.1.100.202309141235/tools/bin/../lib/gcc/arm-none-eabi/11.3.1/thumb/v7e-m+fp/hard/libgcc.a(_dvmd_tls.o)
 .ARM.attributes
                0x0000000000000791       0x1e /opt/st/stm32cubeide_1.14.0/plugins/com.st.stm32cube.ide.mcu.externaltools.gnu-tools-for-stm32.11.3.rel1.linux64_1.1.100.202309141235/tools/bin/../lib/gcc/arm-none-eabi/11.3.1/thumb/v7e-m+fp/hard/crtn.o
OUTPUT(AMR_Control.elf elf32-littlearm)
LOAD linker stubs
LOAD /opt/st/stm32cubeide_1.14.0/plugins/com.st.stm32cube.ide.mcu.externaltools.gnu-tools-for-stm32.11.3.rel1.linux64_1.1.100.202309141235/tools/bin/../lib/gcc/arm-none-eabi/11.3.1/../../../../arm-none-eabi/lib/thumb/v7e-m+fp/hard/libc.a
LOAD /opt/st/stm32cubeide_1.14.0/plugins/com.st.stm32cube.ide.mcu.externaltools.gnu-tools-for-stm32.11.3.rel1.linux64_1.1.100.202309141235/tools/bin/../lib/gcc/arm-none-eabi/11.3.1/../../../../arm-none-eabi/lib/thumb/v7e-m+fp/hard/libm.a
LOAD /opt/st/stm32cubeide_1.14.0/plugins/com.st.stm32cube.ide.mcu.externaltools.gnu-tools-for-stm32.11.3.rel1.linux64_1.1.100.202309141235/tools/bin/../lib/gcc/arm-none-eabi/11.3.1/thumb/v7e-m+fp/hard/libgcc.a

.comment        0x0000000000000000       0x43
 .comment       0x0000000000000000       0x43 /opt/st/stm32cubeide_1.14.0/plugins/com.st.stm32cube.ide.mcu.externaltools.gnu-tools-for-stm32.11.3.rel1.linux64_1.1.100.202309141235/tools/bin/../lib/gcc/arm-none-eabi/11.3.1/thumb/v7e-m+fp/hard/crtbegin.o
                                         0x44 (size before relaxing)
 .comment       0x0000000000000043       0x44 ./Core/Src/Aktuator.o
 .comment       0x0000000000000043       0x44 ./Core/Src/Motor.o
 .comment       0x0000000000000043       0x44 ./Core/Src/PID_Driver.o
 .comment       0x0000000000000043       0x44 ./Core/Src/communication_full.o
 .comment       0x0000000000000043       0x44 ./Core/Src/main.o
 .comment       0x0000000000000043       0x44 ./Core/Src/stm32f4xx_hal_msp.o
 .comment       0x0000000000000043       0x44 ./Core/Src/stm32f4xx_it.o
 .comment       0x0000000000000043       0x44 ./Core/Src/system_stm32f4xx.o
 .comment       0x0000000000000043       0x44 ./Drivers/STM32F4xx_HAL_Driver/Src/stm32f4xx_hal.o
 .comment       0x0000000000000043       0x44 ./Drivers/STM32F4xx_HAL_Driver/Src/stm32f4xx_hal_cortex.o
 .comment       0x0000000000000043       0x44 ./Drivers/STM32F4xx_HAL_Driver/Src/stm32f4xx_hal_dma.o
 .comment       0x0000000000000043       0x44 ./Drivers/STM32F4xx_HAL_Driver/Src/stm32f4xx_hal_gpio.o
 .comment       0x0000000000000043       0x44 ./Drivers/STM32F4xx_HAL_Driver/Src/stm32f4xx_hal_rcc.o
 .comment       0x0000000000000043       0x44 ./Drivers/STM32F4xx_HAL_Driver/Src/stm32f4xx_hal_tim.o
 .comment       0x0000000000000043       0x44 ./Drivers/STM32F4xx_HAL_Driver/Src/stm32f4xx_hal_tim_ex.o
 .comment       0x0000000000000043       0x44 ./Drivers/STM32F4xx_HAL_Driver/Src/stm32f4xx_hal_uart.o

.debug_info     0x0000000000000000    0x10c8d
 .debug_info    0x0000000000000000      0x26c ./Core/Src/Aktuator.o
 .debug_info    0x000000000000026c     0x102b ./Core/Src/Motor.o
 .debug_info    0x0000000000001297      0x163 ./Core/Src/PID_Driver.o
 .debug_info    0x00000000000013fa     0x1572 ./Core/Src/communication_full.o
 .debug_info    0x000000000000296c     0x2364 ./Core/Src/main.o
 .debug_info    0x0000000000004cd0     0x11a3 ./Core/Src/stm32f4xx_hal_msp.o
 .debug_info    0x0000000000005e73      0xc9d ./Core/Src/stm32f4xx_it.o
 .debug_info    0x0000000000006b10      0x53e ./Core/Src/system_stm32f4xx.o
 .debug_info    0x000000000000704e       0x23 ./Core/Startup/startup_stm32f411ccux.o
 .debug_info    0x0000000000007071      0x8c4 ./Drivers/STM32F4xx_HAL_Driver/Src/stm32f4xx_hal.o
 .debug_info    0x0000000000007935      0xcc7 ./Drivers/STM32F4xx_HAL_Driver/Src/stm32f4xx_hal_cortex.o
 .debug_info    0x00000000000085fc      0x8e6 ./Drivers/STM32F4xx_HAL_Driver/Src/stm32f4xx_hal_dma.o
 .debug_info    0x0000000000008ee2      0x6f9 ./Drivers/STM32F4xx_HAL_Driver/Src/stm32f4xx_hal_gpio.o
 .debug_info    0x00000000000095db      0x8f2 ./Drivers/STM32F4xx_HAL_Driver/Src/stm32f4xx_hal_rcc.o
 .debug_info    0x0000000000009ecd     0x2996 ./Drivers/STM32F4xx_HAL_Driver/Src/stm32f4xx_hal_tim.o
 .debug_info    0x000000000000c863     0x14d4 ./Drivers/STM32F4xx_HAL_Driver/Src/stm32f4xx_hal_tim_ex.o
 .debug_info    0x000000000000dd37     0x2f56 ./Drivers/STM32F4xx_HAL_Driver/Src/stm32f4xx_hal_uart.o

.debug_abbrev   0x0000000000000000     0x2502
 .debug_abbrev  0x0000000000000000      0x142 ./Core/Src/Aktuator.o
 .debug_abbrev  0x0000000000000142      0x22c ./Core/Src/Motor.o
 .debug_abbrev  0x000000000000036e       0xdc ./Core/Src/PID_Driver.o
 .debug_abbrev  0x000000000000044a      0x34e ./Core/Src/communication_full.o
 .debug_abbrev  0x0000000000000798      0x379 ./Core/Src/main.o
 .debug_abbrev  0x0000000000000b11      0x292 ./Core/Src/stm32f4xx_hal_msp.o
 .debug_abbrev  0x0000000000000da3      0x1db ./Core/Src/stm32f4xx_it.o
 .debug_abbrev  0x0000000000000f7e      0x11a ./Core/Src/system_stm32f4xx.o
 .debug_abbrev  0x0000000000001098       0x12 ./Core/Startup/startup_stm32f411ccux.o
 .debug_abbrev  0x00000000000010aa      0x24b ./Drivers/STM32F4xx_HAL_Driver/Src/stm32f4xx_hal.o
 .debug_abbrev  0x00000000000012f5      0x328 ./Drivers/STM32F4xx_HAL_Driver/Src/stm32f4xx_hal_cortex.o
 .debug_abbrev  0x000000000000161d      0x221 ./Drivers/STM32F4xx_HAL_Driver/Src/stm32f4xx_hal_dma.o
 .debug_abbrev  0x000000000000183e      0x1d3 ./Drivers/STM32F4xx_HAL_Driver/Src/stm32f4xx_hal_gpio.o
 .debug_abbrev  0x0000000000001a11      0x2b5 ./Drivers/STM32F4xx_HAL_Driver/Src/stm32f4xx_hal_rcc.o
 .debug_abbrev  0x0000000000001cc6      0x28b ./Drivers/STM32F4xx_HAL_Driver/Src/stm32f4xx_hal_tim.o
 .debug_abbrev  0x0000000000001f51      0x296 ./Drivers/STM32F4xx_HAL_Driver/Src/stm32f4xx_hal_tim_ex.o
 .debug_abbrev  0x00000000000021e7      0x31b ./Drivers/STM32F4xx_HAL_Driver/Src/stm32f4xx_hal_uart.o

.debug_aranges  0x0000000000000000      0xe90
 .debug_aranges
                0x0000000000000000       0x30 ./Core/Src/Aktuator.o
 .debug_aranges
                0x0000000000000030       0x98 ./Core/Src/Motor.o
 .debug_aranges
                0x00000000000000c8       0x28 ./Core/Src/PID_Driver.o
 .debug_aranges
                0x00000000000000f0       0xe8 ./Core/Src/communication_full.o
 .debug_aranges
                0x00000000000001d8       0xc0 ./Core/Src/main.o
 .debug_aranges
                0x0000000000000298       0x58 ./Core/Src/stm32f4xx_hal_msp.o
 .debug_aranges
                0x00000000000002f0       0x90 ./Core/Src/stm32f4xx_it.o
 .debug_aranges
                0x0000000000000380       0x28 ./Core/Src/system_stm32f4xx.o
 .debug_aranges
                0x00000000000003a8       0x28 ./Core/Startup/startup_stm32f411ccux.o
 .debug_aranges
                0x00000000000003d0       0xf0 ./Drivers/STM32F4xx_HAL_Driver/Src/stm32f4xx_hal.o
 .debug_aranges
                0x00000000000004c0      0x120 ./Drivers/STM32F4xx_HAL_Driver/Src/stm32f4xx_hal_cortex.o
 .debug_aranges
                0x00000000000005e0       0x90 ./Drivers/STM32F4xx_HAL_Driver/Src/stm32f4xx_hal_dma.o
 .debug_aranges
                0x0000000000000670       0x58 ./Drivers/STM32F4xx_HAL_Driver/Src/stm32f4xx_hal_gpio.o
 .debug_aranges
                0x00000000000006c8       0x88 ./Drivers/STM32F4xx_HAL_Driver/Src/stm32f4xx_hal_rcc.o
 .debug_aranges
                0x0000000000000750      0x3d0 ./Drivers/STM32F4xx_HAL_Driver/Src/stm32f4xx_hal_tim.o
 .debug_aranges
                0x0000000000000b20      0x168 ./Drivers/STM32F4xx_HAL_Driver/Src/stm32f4xx_hal_tim_ex.o
 .debug_aranges
                0x0000000000000c88      0x208 ./Drivers/STM32F4xx_HAL_Driver/Src/stm32f4xx_hal_uart.o

.debug_rnglists
                0x0000000000000000      0xb75
 .debug_rnglists
                0x0000000000000000       0x1f ./Core/Src/Aktuator.o
 .debug_rnglists
                0x000000000000001f       0x78 ./Core/Src/Motor.o
 .debug_rnglists
                0x0000000000000097       0x1a ./Core/Src/PID_Driver.o
 .debug_rnglists
                0x00000000000000b1       0xb7 ./Core/Src/communication_full.o
 .debug_rnglists
                0x0000000000000168       0x9c ./Core/Src/main.o
 .debug_rnglists
                0x0000000000000204       0x43 ./Core/Src/stm32f4xx_hal_msp.o
 .debug_rnglists
                0x0000000000000247       0x68 ./Core/Src/stm32f4xx_it.o
 .debug_rnglists
                0x00000000000002af       0x1a ./Core/Src/system_stm32f4xx.o
 .debug_rnglists
                0x00000000000002c9       0x19 ./Core/Startup/startup_stm32f411ccux.o
 .debug_rnglists
                0x00000000000002e2       0xaf ./Drivers/STM32F4xx_HAL_Driver/Src/stm32f4xx_hal.o
 .debug_rnglists
                0x0000000000000391       0xd4 ./Drivers/STM32F4xx_HAL_Driver/Src/stm32f4xx_hal_cortex.o
 .debug_rnglists
                0x0000000000000465       0x70 ./Drivers/STM32F4xx_HAL_Driver/Src/stm32f4xx_hal_dma.o
 .debug_rnglists
                0x00000000000004d5       0x3f ./Drivers/STM32F4xx_HAL_Driver/Src/stm32f4xx_hal_gpio.o
 .debug_rnglists
                0x0000000000000514       0x66 ./Drivers/STM32F4xx_HAL_Driver/Src/stm32f4xx_hal_rcc.o
 .debug_rnglists
                0x000000000000057a      0x31a ./Drivers/STM32F4xx_HAL_Driver/Src/stm32f4xx_hal_tim.o
 .debug_rnglists
                0x0000000000000894      0x125 ./Drivers/STM32F4xx_HAL_Driver/Src/stm32f4xx_hal_tim_ex.o
 .debug_rnglists
                0x00000000000009b9      0x1bc ./Drivers/STM32F4xx_HAL_Driver/Src/stm32f4xx_hal_uart.o

.debug_macro    0x0000000000000000    0x16bcb
 .debug_macro   0x0000000000000000      0x1e7 ./Core/Src/Aktuator.o
 .debug_macro   0x00000000000001e7      0xaa8 ./Core/Src/Aktuator.o
 .debug_macro   0x0000000000000c8f      0x29b ./Core/Src/Aktuator.o
 .debug_macro   0x0000000000000f2a       0x2e ./Core/Src/Aktuator.o
 .debug_macro   0x0000000000000f58       0x28 ./Core/Src/Aktuator.o
 .debug_macro   0x0000000000000f80       0x22 ./Core/Src/Aktuator.o
 .debug_macro   0x0000000000000fa2       0x8e ./Core/Src/Aktuator.o
 .debug_macro   0x0000000000001030       0x51 ./Core/Src/Aktuator.o
 .debug_macro   0x0000000000001081      0x103 ./Core/Src/Aktuator.o
 .debug_macro   0x0000000000001184       0x6a ./Core/Src/Aktuator.o
 .debug_macro   0x00000000000011ee      0x1df ./Core/Src/Aktuator.o
 .debug_macro   0x00000000000013cd       0x1c ./Core/Src/Aktuator.o
 .debug_macro   0x00000000000013e9       0x22 ./Core/Src/Aktuator.o
 .debug_macro   0x000000000000140b       0xfb ./Core/Src/Aktuator.o
 .debug_macro   0x0000000000001506     0x1011 ./Core/Src/Aktuator.o
 .debug_macro   0x0000000000002517      0x11f ./Core/Src/Aktuator.o
 .debug_macro   0x0000000000002636     0xb953 ./Core/Src/Aktuator.o
 .debug_macro   0x000000000000df89       0x6d ./Core/Src/Aktuator.o
 .debug_macro   0x000000000000dff6     0x368c ./Core/Src/Aktuator.o
 .debug_macro   0x0000000000011682      0x174 ./Core/Src/Aktuator.o
 .debug_macro   0x00000000000117f6       0x5c ./Core/Src/Aktuator.o
 .debug_macro   0x0000000000011852      0x45c ./Core/Src/Aktuator.o
 .debug_macro   0x0000000000011cae      0x9e9 ./Core/Src/Aktuator.o
 .debug_macro   0x0000000000012697      0x115 ./Core/Src/Aktuator.o
 .debug_macro   0x00000000000127ac      0x11b ./Core/Src/Aktuator.o
 .debug_macro   0x00000000000128c7       0xa5 ./Core/Src/Aktuator.o
 .debug_macro   0x000000000001296c      0x15f ./Core/Src/Aktuator.o
 .debug_macro   0x0000000000012acb      0x287 ./Core/Src/Aktuator.o
 .debug_macro   0x0000000000012d52       0x5f ./Core/Src/Aktuator.o
 .debug_macro   0x0000000000012db1      0x236 ./Core/Src/Aktuator.o
 .debug_macro   0x0000000000012fe7      0x132 ./Core/Src/Aktuator.o
 .debug_macro   0x0000000000013119      0x264 ./Core/Src/Aktuator.o
 .debug_macro   0x000000000001337d       0x2e ./Core/Src/Aktuator.o
 .debug_macro   0x00000000000133ab      0x127 ./Core/Src/Aktuator.o
 .debug_macro   0x00000000000134d2       0x85 ./Core/Src/Aktuator.o
 .debug_macro   0x0000000000013557       0x89 ./Core/Src/Aktuator.o
 .debug_macro   0x00000000000135e0      0x8ed ./Core/Src/Aktuator.o
 .debug_macro   0x0000000000013ecd       0x47 ./Core/Src/Aktuator.o
 .debug_macro   0x0000000000013f14      0x2aa ./Core/Src/Aktuator.o
 .debug_macro   0x00000000000141be      0x126 ./Core/Src/Aktuator.o
 .debug_macro   0x00000000000142e4       0xac ./Core/Src/Aktuator.o
 .debug_macro   0x0000000000014390      0x2a6 ./Core/Src/Motor.o
 .debug_macro   0x0000000000014636       0x22 ./Core/Src/Motor.o
 .debug_macro   0x0000000000014658       0x10 ./Core/Src/Motor.o
 .debug_macro   0x0000000000014668       0x61 ./Core/Src/Motor.o
 .debug_macro   0x00000000000146c9       0x2a ./Core/Src/Motor.o
 .debug_macro   0x00000000000146f3       0x43 ./Core/Src/Motor.o
 .debug_macro   0x0000000000014736       0x34 ./Core/Src/Motor.o
 .debug_macro   0x000000000001476a       0x16 ./Core/Src/Motor.o
 .debug_macro   0x0000000000014780       0x43 ./Core/Src/Motor.o
 .debug_macro   0x00000000000147c3       0x34 ./Core/Src/Motor.o
 .debug_macro   0x00000000000147f7       0x10 ./Core/Src/Motor.o
 .debug_macro   0x0000000000014807       0x58 ./Core/Src/Motor.o
 .debug_macro   0x000000000001485f       0x8e ./Core/Src/Motor.o
 .debug_macro   0x00000000000148ed       0x1c ./Core/Src/Motor.o
 .debug_macro   0x0000000000014909      0x177 ./Core/Src/Motor.o
 .debug_macro   0x0000000000014a80      0x369 ./Core/Src/Motor.o
 .debug_macro   0x0000000000014de9      0x19b ./Core/Src/Motor.o
 .debug_macro   0x0000000000014f84       0x1b ./Core/Src/PID_Driver.o
 .debug_macro   0x0000000000014f9f      0x21b ./Core/Src/communication_full.o
 .debug_macro   0x00000000000151ba      0x336 ./Core/Src/main.o
 .debug_macro   0x00000000000154f0       0x16 ./Core/Src/main.o
 .debug_macro   0x0000000000015506       0x35 ./Core/Src/main.o
 .debug_macro   0x000000000001553b       0x16 ./Core/Src/main.o
 .debug_macro   0x0000000000015551       0x29 ./Core/Src/main.o
 .debug_macro   0x000000000001557a       0x1c ./Core/Src/main.o
 .debug_macro   0x0000000000015596       0x10 ./Core/Src/main.o
 .debug_macro   0x00000000000155a6       0x1c ./Core/Src/main.o
 .debug_macro   0x00000000000155c2       0x16 ./Core/Src/main.o
 .debug_macro   0x00000000000155d8      0x147 ./Core/Src/main.o
 .debug_macro   0x000000000001571f      0x1dd ./Core/Src/stm32f4xx_hal_msp.o
 .debug_macro   0x00000000000158fc      0x1ff ./Core/Src/stm32f4xx_it.o
 .debug_macro   0x0000000000015afb      0x1ce ./Core/Src/system_stm32f4xx.o
 .debug_macro   0x0000000000015cc9      0x22e ./Drivers/STM32F4xx_HAL_Driver/Src/stm32f4xx_hal.o
 .debug_macro   0x0000000000015ef7      0x1ce ./Drivers/STM32F4xx_HAL_Driver/Src/stm32f4xx_hal_cortex.o
 .debug_macro   0x00000000000160c5      0x1d4 ./Drivers/STM32F4xx_HAL_Driver/Src/stm32f4xx_hal_dma.o
 .debug_macro   0x0000000000016299      0x1d4 ./Drivers/STM32F4xx_HAL_Driver/Src/stm32f4xx_hal_gpio.o
 .debug_macro   0x000000000001646d      0x1f2 ./Drivers/STM32F4xx_HAL_Driver/Src/stm32f4xx_hal_rcc.o
 .debug_macro   0x000000000001665f      0x1cf ./Drivers/STM32F4xx_HAL_Driver/Src/stm32f4xx_hal_tim.o
 .debug_macro   0x000000000001682e      0x1ce ./Drivers/STM32F4xx_HAL_Driver/Src/stm32f4xx_hal_tim_ex.o
 .debug_macro   0x00000000000169fc      0x1cf ./Drivers/STM32F4xx_HAL_Driver/Src/stm32f4xx_hal_uart.o

.debug_line     0x0000000000000000    0x11864
 .debug_line    0x0000000000000000      0x6cc ./Core/Src/Aktuator.o
 .debug_line    0x00000000000006cc      0xce4 ./Core/Src/Motor.o
 .debug_line    0x00000000000013b0      0x12c ./Core/Src/PID_Driver.o
 .debug_line    0x00000000000014dc     0x22b0 ./Core/Src/communication_full.o
 .debug_line    0x000000000000378c     0x1533 ./Core/Src/main.o
 .debug_line    0x0000000000004cbf      0x947 ./Core/Src/stm32f4xx_hal_msp.o
 .debug_line    0x0000000000005606      0x85e ./Core/Src/stm32f4xx_it.o
 .debug_line    0x0000000000005e64      0x715 ./Core/Src/system_stm32f4xx.o
 .debug_line    0x0000000000006579       0x7a ./Core/Startup/startup_stm32f411ccux.o
 .debug_line    0x00000000000065f3      0x97b ./Drivers/STM32F4xx_HAL_Driver/Src/stm32f4xx_hal.o
 .debug_line    0x0000000000006f6e      0xc47 ./Drivers/STM32F4xx_HAL_Driver/Src/stm32f4xx_hal_cortex.o
 .debug_line    0x0000000000007bb5      0xedf ./Drivers/STM32F4xx_HAL_Driver/Src/stm32f4xx_hal_dma.o
 .debug_line    0x0000000000008a94      0xab3 ./Drivers/STM32F4xx_HAL_Driver/Src/stm32f4xx_hal_gpio.o
 .debug_line    0x0000000000009547      0xcf2 ./Drivers/STM32F4xx_HAL_Driver/Src/stm32f4xx_hal_rcc.o
 .debug_line    0x000000000000a239     0x34e1 ./Drivers/STM32F4xx_HAL_Driver/Src/stm32f4xx_hal_tim.o
 .debug_line    0x000000000000d71a     0x1912 ./Drivers/STM32F4xx_HAL_Driver/Src/stm32f4xx_hal_tim_ex.o
 .debug_line    0x000000000000f02c     0x2838 ./Drivers/STM32F4xx_HAL_Driver/Src/stm32f4xx_hal_uart.o

.debug_str      0x0000000000000000    0x8f43f
 .debug_str     0x0000000000000000    0x86eed ./Core/Src/Aktuator.o
                                      0x87167 (size before relaxing)
 .debug_str     0x0000000000086eed     0x40be ./Core/Src/Motor.o
                                      0x8b27f (size before relaxing)
 .debug_str     0x000000000008afab       0xe9 ./Core/Src/PID_Driver.o
                                       0x2ea5 (size before relaxing)
 .debug_str     0x000000000008b094      0x69a ./Core/Src/communication_full.o
                                      0x87abe (size before relaxing)
 .debug_str     0x000000000008b72e     0x1362 ./Core/Src/main.o
                                      0x8c9d2 (size before relaxing)
 .debug_str     0x000000000008ca90      0x105 ./Core/Src/stm32f4xx_hal_msp.o
                                      0x87e55 (size before relaxing)
 .debug_str     0x000000000008cb95      0x179 ./Core/Src/stm32f4xx_it.o
                                      0x87b10 (size before relaxing)
 .debug_str     0x000000000008cd0e       0xdb ./Core/Src/system_stm32f4xx.o
                                      0x86fda (size before relaxing)
 .debug_str     0x000000000008cde9       0x34 ./Core/Startup/startup_stm32f411ccux.o
                                         0x78 (size before relaxing)
 .debug_str     0x000000000008ce1d      0x601 ./Drivers/STM32F4xx_HAL_Driver/Src/stm32f4xx_hal.o
                                      0x87a06 (size before relaxing)
 .debug_str     0x000000000008d41e      0x33a ./Drivers/STM32F4xx_HAL_Driver/Src/stm32f4xx_hal_cortex.o
                                      0x8773e (size before relaxing)
 .debug_str     0x000000000008d758      0x2f4 ./Drivers/STM32F4xx_HAL_Driver/Src/stm32f4xx_hal_dma.o
                                      0x873e2 (size before relaxing)
 .debug_str     0x000000000008da4c      0x121 ./Drivers/STM32F4xx_HAL_Driver/Src/stm32f4xx_hal_gpio.o
                                      0x87155 (size before relaxing)
 .debug_str     0x000000000008db6d      0x233 ./Drivers/STM32F4xx_HAL_Driver/Src/stm32f4xx_hal_rcc.o
                                      0x8740e (size before relaxing)
 .debug_str     0x000000000008dda0      0xc48 ./Drivers/STM32F4xx_HAL_Driver/Src/stm32f4xx_hal_tim.o
                                      0x88352 (size before relaxing)
 .debug_str     0x000000000008e9e8      0x493 ./Drivers/STM32F4xx_HAL_Driver/Src/stm32f4xx_hal_tim_ex.o
                                      0x87b5e (size before relaxing)
 .debug_str     0x000000000008ee7b      0x5c4 ./Drivers/STM32F4xx_HAL_Driver/Src/stm32f4xx_hal_uart.o
                                      0x879dd (size before relaxing)

.debug_frame    0x0000000000000000     0x4364
 .debug_frame   0x0000000000000000       0x88 ./Core/Src/Aktuator.o
 .debug_frame   0x0000000000000088      0x318 ./Core/Src/Motor.o
 .debug_frame   0x00000000000003a0       0x6c ./Core/Src/PID_Driver.o
 .debug_frame   0x000000000000040c      0x3fc ./Core/Src/communication_full.o
 .debug_frame   0x0000000000000808      0x3a0 ./Core/Src/main.o
 .debug_frame   0x0000000000000ba8      0x140 ./Core/Src/stm32f4xx_hal_msp.o
 .debug_frame   0x0000000000000ce8      0x1ac ./Core/Src/stm32f4xx_it.o
 .debug_frame   0x0000000000000e94       0x58 ./Core/Src/system_stm32f4xx.o
 .debug_frame   0x0000000000000eec      0x374 ./Drivers/STM32F4xx_HAL_Driver/Src/stm32f4xx_hal.o
 .debug_frame   0x0000000000001260      0x4b8 ./Drivers/STM32F4xx_HAL_Driver/Src/stm32f4xx_hal_cortex.o
 .debug_frame   0x0000000000001718      0x250 ./Drivers/STM32F4xx_HAL_Driver/Src/stm32f4xx_hal_dma.o
 .debug_frame   0x0000000000001968      0x14c ./Drivers/STM32F4xx_HAL_Driver/Src/stm32f4xx_hal_gpio.o
 .debug_frame   0x0000000000001ab4      0x1f4 ./Drivers/STM32F4xx_HAL_Driver/Src/stm32f4xx_hal_rcc.o
 .debug_frame   0x0000000000001ca8     0x11b8 ./Drivers/STM32F4xx_HAL_Driver/Src/stm32f4xx_hal_tim.o
 .debug_frame   0x0000000000002e60      0x638 ./Drivers/STM32F4xx_HAL_Driver/Src/stm32f4xx_hal_tim_ex.o
 .debug_frame   0x0000000000003498      0x954 ./Drivers/STM32F4xx_HAL_Driver/Src/stm32f4xx_hal_uart.o
 .debug_frame   0x0000000000003dec       0x20 /opt/st/stm32cubeide_1.14.0/plugins/com.st.stm32cube.ide.mcu.externaltools.gnu-tools-for-stm32.11.3.rel1.linux64_1.1.100.202309141235/tools/bin/../lib/gcc/arm-none-eabi/11.3.1/../../../../arm-none-eabi/lib/thumb/v7e-m+fp/hard/libc_nano.a(libc_a-memset.o)
 .debug_frame   0x0000000000003e0c       0x2c /opt/st/stm32cubeide_1.14.0/plugins/com.st.stm32cube.ide.mcu.externaltools.gnu-tools-for-stm32.11.3.rel1.linux64_1.1.100.202309141235/tools/bin/../lib/gcc/arm-none-eabi/11.3.1/../../../../arm-none-eabi/lib/thumb/v7e-m+fp/hard/libc_nano.a(libc_a-init.o)
 .debug_frame   0x0000000000003e38       0x20 /opt/st/stm32cubeide_1.14.0/plugins/com.st.stm32cube.ide.mcu.externaltools.gnu-tools-for-stm32.11.3.rel1.linux64_1.1.100.202309141235/tools/bin/../lib/gcc/arm-none-eabi/11.3.1/../../../../arm-none-eabi/lib/thumb/v7e-m+fp/hard/libm.a(libm_a-w_atan2.o)
 .debug_frame   0x0000000000003e58       0x38 /opt/st/stm32cubeide_1.14.0/plugins/com.st.stm32cube.ide.mcu.externaltools.gnu-tools-for-stm32.11.3.rel1.linux64_1.1.100.202309141235/tools/bin/../lib/gcc/arm-none-eabi/11.3.1/../../../../arm-none-eabi/lib/thumb/v7e-m+fp/hard/libm.a(libm_a-s_cos.o)
 .debug_frame   0x0000000000003e90       0x38 /opt/st/stm32cubeide_1.14.0/plugins/com.st.stm32cube.ide.mcu.externaltools.gnu-tools-for-stm32.11.3.rel1.linux64_1.1.100.202309141235/tools/bin/../lib/gcc/arm-none-eabi/11.3.1/../../../../arm-none-eabi/lib/thumb/v7e-m+fp/hard/libm.a(libm_a-s_sin.o)
 .debug_frame   0x0000000000003ec8       0x3c /opt/st/stm32cubeide_1.14.0/plugins/com.st.stm32cube.ide.mcu.externaltools.gnu-tools-for-stm32.11.3.rel1.linux64_1.1.100.202309141235/tools/bin/../lib/gcc/arm-none-eabi/11.3.1/../../../../arm-none-eabi/lib/thumb/v7e-m+fp/hard/libm.a(libm_a-k_cos.o)
 .debug_frame   0x0000000000003f04       0x5c /opt/st/stm32cubeide_1.14.0/plugins/com.st.stm32cube.ide.mcu.externaltools.gnu-tools-for-stm32.11.3.rel1.linux64_1.1.100.202309141235/tools/bin/../lib/gcc/arm-none-eabi/11.3.1/../../../../arm-none-eabi/lib/thumb/v7e-m+fp/hard/libm.a(libm_a-k_sin.o)
 .debug_frame   0x0000000000003f60       0x44 /opt/st/stm32cubeide_1.14.0/plugins/com.st.stm32cube.ide.mcu.externaltools.gnu-tools-for-stm32.11.3.rel1.linux64_1.1.100.202309141235/tools/bin/../lib/gcc/arm-none-eabi/11.3.1/../../../../arm-none-eabi/lib/thumb/v7e-m+fp/hard/libm.a(libm_a-e_atan2.o)
 .debug_frame   0x0000000000003fa4       0x50 /opt/st/stm32cubeide_1.14.0/plugins/com.st.stm32cube.ide.mcu.externaltools.gnu-tools-for-stm32.11.3.rel1.linux64_1.1.100.202309141235/tools/bin/../lib/gcc/arm-none-eabi/11.3.1/../../../../arm-none-eabi/lib/thumb/v7e-m+fp/hard/libm.a(libm_a-e_rem_pio2.o)
 .debug_frame   0x0000000000003ff4       0x38 /opt/st/stm32cubeide_1.14.0/plugins/com.st.stm32cube.ide.mcu.externaltools.gnu-tools-for-stm32.11.3.rel1.linux64_1.1.100.202309141235/tools/bin/../lib/gcc/arm-none-eabi/11.3.1/../../../../arm-none-eabi/lib/thumb/v7e-m+fp/hard/libm.a(libm_a-s_atan.o)
 .debug_frame   0x000000000000402c       0x20 /opt/st/stm32cubeide_1.14.0/plugins/com.st.stm32cube.ide.mcu.externaltools.gnu-tools-for-stm32.11.3.rel1.linux64_1.1.100.202309141235/tools/bin/../lib/gcc/arm-none-eabi/11.3.1/../../../../arm-none-eabi/lib/thumb/v7e-m+fp/hard/libm.a(libm_a-s_fabs.o)
 .debug_frame   0x000000000000404c       0x54 /opt/st/stm32cubeide_1.14.0/plugins/com.st.stm32cube.ide.mcu.externaltools.gnu-tools-for-stm32.11.3.rel1.linux64_1.1.100.202309141235/tools/bin/../lib/gcc/arm-none-eabi/11.3.1/../../../../arm-none-eabi/lib/thumb/v7e-m+fp/hard/libm.a(libm_a-k_rem_pio2.o)
 .debug_frame   0x00000000000040a0       0x2c /opt/st/stm32cubeide_1.14.0/plugins/com.st.stm32cube.ide.mcu.externaltools.gnu-tools-for-stm32.11.3.rel1.linux64_1.1.100.202309141235/tools/bin/../lib/gcc/arm-none-eabi/11.3.1/../../../../arm-none-eabi/lib/thumb/v7e-m+fp/hard/libm.a(libm_a-s_scalbn.o)
 .debug_frame   0x00000000000040cc       0x30 /opt/st/stm32cubeide_1.14.0/plugins/com.st.stm32cube.ide.mcu.externaltools.gnu-tools-for-stm32.11.3.rel1.linux64_1.1.100.202309141235/tools/bin/../lib/gcc/arm-none-eabi/11.3.1/../../../../arm-none-eabi/lib/thumb/v7e-m+fp/hard/libm.a(libm_a-s_floor.o)
 .debug_frame   0x00000000000040fc       0xac /opt/st/stm32cubeide_1.14.0/plugins/com.st.stm32cube.ide.mcu.externaltools.gnu-tools-for-stm32.11.3.rel1.linux64_1.1.100.202309141235/tools/bin/../lib/gcc/arm-none-eabi/11.3.1/thumb/v7e-m+fp/hard/libgcc.a(_arm_addsubdf3.o)
 .debug_frame   0x00000000000041a8       0x50 /opt/st/stm32cubeide_1.14.0/plugins/com.st.stm32cube.ide.mcu.externaltools.gnu-tools-for-stm32.11.3.rel1.linux64_1.1.100.202309141235/tools/bin/../lib/gcc/arm-none-eabi/11.3.1/thumb/v7e-m+fp/hard/libgcc.a(_arm_muldivdf3.o)
 .debug_frame   0x00000000000041f8       0xc4 /opt/st/stm32cubeide_1.14.0/plugins/com.st.stm32cube.ide.mcu.externaltools.gnu-tools-for-stm32.11.3.rel1.linux64_1.1.100.202309141235/tools/bin/../lib/gcc/arm-none-eabi/11.3.1/thumb/v7e-m+fp/hard/libgcc.a(_arm_cmpdf2.o)