../Core/Src/main.c:122:6:HAL_TIM_IC_CaptureCallback	40	static
../Core/Src/main.c:174:6:HAL_UART_RxCpltCallback	16	static
../Core/Src/main.c:201:5:main	264	static
../Core/Src/main.c:516:6:SystemClock_Config	88	static
../Core/Src/main.c:563:13:MX_TIM1_Init	56	static
../Core/Src/main.c:613:13:MX_TIM2_Init	56	static
../Core/Src/main.c:662:13:MX_TIM3_Init	64	static
../Core/Src/main.c:733:13:MX_TIM4_Init	56	static
../Core/Src/main.c:782:13:MX_TIM5_Init	56	static
../Core/Src/main.c:831:13:MX_TIM9_Init	56	static
../Core/Src/main.c:887:13:MX_TIM10_Init	40	static
../Core/Src/main.c:933:13:MX_TIM11_Init	40	static
../Core/Src/main.c:979:13:MX_USART6_UART_Init	8	static
../Core/Src/main.c:1010:13:MX_DMA_Init	16	static
../Core/Src/main.c:1028:13:MX_GPIO_Init	48	static
../Core/Src/main.c:1079:6:run_to_point	296	static
../Core/Src/main.c:1096:6:handle_heading	280	static
../Core/Src/main.c:1131:6:set_heading	280	static
../Core/Src/main.c:1155:6:run_to_point_with_yaw	288	static
../Core/Src/main.c:1199:6:run_to_point_orientation	312	static
../Core/Src/main.c:1232:6:Error_Handler	4	static,ignoring_inline_asm
