../Core/Src/Motor.c:15:6:agv_run_motor	8	static
../Core/Src/Motor.c:88:6:agv_stop	8	static
../Core/Src/Motor.c:93:6:agv_stop_all	64	static
../Core/Src/Motor.c:100:6:agv_reset_all	64	static
../Core/Src/Motor.c:107:6:agv_encoder_start	8	static
../Core/Src/Motor.c:115:6:agv_forward_kinematic	48	static
../Core/Src/Motor.c:120:8:agv_kinematic_Sx	72	static
../Core/Src/Motor.c:124:8:agv_kinematic_Sy	56	static
../Core/Src/Motor.c:128:8:agv_kinematic_St	48	static
../Core/Src/Motor.c:133:8:agv_kinematic_ext_Sx	40	static
../Core/Src/Motor.c:138:8:agv_kinematic_ext_Sy	40	static
../Core/Src/Motor.c:142:8:agv_kinematic_ext_St	56	static
../Core/Src/Motor.c:149:6:agv_inverse_kinematic	328	static
../Core/Src/Motor.c:161:6:agv_inverse_kinematic_basic	296	static
../Core/Src/Motor.c:173:8:agv_calculate_encoder	24	static
../Core/Src/Motor.c:179:6:agv_speed_to_pwm	72	static
